2832  openat(AT_FDCWD, "/etc/ld.so.cache", O_RDONLY|O_CLOEXEC) = 3
2832  openat(AT_FDCWD, "/lib/x86_64-linux-gnu/libdl.so.2", O_RDONLY|O_CLOEXEC) = 3
2832  openat(AT_FDCWD, "/lib/x86_64-linux-gnu/libstdc++.so.6", O_RDONLY|O_CLOEXEC) = 3
2832  openat(AT_FDCWD, "/lib/x86_64-linux-gnu/libm.so.6", O_RDONLY|O_CLOEXEC) = 3
2832  openat(AT_FDCWD, "/lib/x86_64-linux-gnu/libgcc_s.so.1", O_RDONLY|O_CLOEXEC) = 3
2832  openat(AT_FDCWD, "/lib/x86_64-linux-gnu/libpthread.so.0", O_RDONLY|O_CLOEXEC) = 3
2832  openat(AT_FDCWD, "/lib/x86_64-linux-gnu/libc.so.6", O_RDONLY|O_CLOEXEC) = 3
2832  openat(AT_FDCWD, "/etc/ssl/openssl.cnf", O_RDONLY) = 3
2832  openat(AT_FDCWD, "/proc/version_signature", O_RDONLY|O_CLOEXEC) = 4
2832  openat(AT_FDCWD, "/proc/self/cgroup", O_RDONLY|O_CLOEXEC) = 20
2832  openat(AT_FDCWD, "/sys/fs/cgroup/system.slice/hosted-compute-agent.service/memory.max", O_RDONLY|O_CLOEXEC) = 20
2832  openat(AT_FDCWD, "/sys/fs/cgroup/system.slice/hosted-compute-agent.service/memory.high", O_RDONLY|O_CLOEXEC) = 20
2832  openat(AT_FDCWD, "/proc/meminfo", O_RDONLY|O_CLOEXEC) = 20
2832  openat(AT_FDCWD, "/proc/self/maps", O_RDONLY|O_CLOEXEC) = 20
2832  openat(AT_FDCWD, "/proc/self/maps", O_RDONLY) = 20
2832  openat(AT_FDCWD, "/proc/self/maps", O_RDONLY) = 20
2832  openat(AT_FDCWD, "/opt/hostedtoolcache/node/22.23.2/x64/bin/node", O_RDONLY) = 20
2832  openat(AT_FDCWD, "/home/runner/work/OpenGameVCS/OpenGameVCS/tools/path-filesystem-trace-fixture.mjs", O_RDONLY|O_CLOEXEC) = 20
2832  openat(AT_FDCWD, "/dev/null", O_RDONLY|O_CLOEXEC) = 20
2832  openat(AT_FDCWD, "/home/runner/work/OpenGameVCS/OpenGameVCS/core/paths-filesystem/js/src/index.mjs", O_RDONLY|O_CLOEXEC) = 21
2832  openat(AT_FDCWD, "/home/runner/work/OpenGameVCS/OpenGameVCS/core/paths-filesystem/js/src/contract.mjs", O_RDONLY|O_CLOEXEC) = 21
2832  openat(AT_FDCWD, "/home/runner/work/OpenGameVCS/OpenGameVCS/core/paths-filesystem/js/src/errors.mjs", O_RDONLY|O_CLOEXEC) = 21
2832  openat(AT_FDCWD, "/home/runner/work/OpenGameVCS/OpenGameVCS/core/paths-filesystem/js/src/capabilities.mjs", O_RDONLY|O_CLOEXEC) = 21
2832  openat(AT_FDCWD, "/home/runner/work/OpenGameVCS/OpenGameVCS/core/paths-filesystem/js/src/path.mjs", O_RDONLY|O_CLOEXEC) = 21
2832  openat(AT_FDCWD, "/home/runner/work/OpenGameVCS/OpenGameVCS/core/paths-filesystem/js/src/object-model.mjs", O_RDONLY|O_CLOEXEC) = 21
2832  openat(AT_FDCWD, "/home/runner/work/OpenGameVCS/OpenGameVCS/core/paths-filesystem/js/src/preflight.mjs", O_RDONLY|O_CLOEXEC) = 21
2832  openat(AT_FDCWD, "/home/runner/work/OpenGameVCS/OpenGameVCS/core/paths-filesystem/js/src/rename.mjs", O_RDONLY|O_CLOEXEC) = 21
2832  openat(AT_FDCWD, "/home/runner/work/OpenGameVCS/OpenGameVCS/core/paths-filesystem/js/src/telemetry.mjs", O_RDONLY|O_CLOEXEC) = 21
2832  openat(AT_FDCWD, "/home/runner/work/OpenGameVCS/OpenGameVCS/core/paths-filesystem/js/src/watcher.mjs", O_RDONLY|O_CLOEXEC) = 21
2832  openat(AT_FDCWD, "/home/runner/work/OpenGameVCS/OpenGameVCS/core/paths-filesystem/js/src/workspace.mjs", O_RDONLY|O_CLOEXEC) = 21
2832  openat(AT_FDCWD, "/home/runner/work/OpenGameVCS/OpenGameVCS/core/paths-filesystem/js/src/report.mjs", O_RDONLY|O_CLOEXEC) = 21
2832  openat(AT_FDCWD, "/home/runner/work/OpenGameVCS/OpenGameVCS/core/paths-filesystem/js/src/generated-contract.mjs", O_RDONLY|O_CLOEXEC) = 21
2832  openat(AT_FDCWD, "/home/runner/work/OpenGameVCS/OpenGameVCS/core/paths-filesystem/js/src/resource.mjs", O_RDONLY|O_CLOEXEC) = 21
2832  openat(AT_FDCWD, "/home/runner/work/OpenGameVCS/OpenGameVCS/core/paths-filesystem/js/src/materialization-plan.mjs", O_RDONLY|O_CLOEXEC) = 21
2832  openat(AT_FDCWD, "/home/runner/work/OpenGameVCS/OpenGameVCS/core/paths-filesystem/js/package.json", O_RDONLY|O_CLOEXEC) = 21
2832  openat(AT_FDCWD, "/home/runner/work/OpenGameVCS/OpenGameVCS/node_modules/@opengamevcs/path-contract-v1/package.json", O_RDONLY|O_CLOEXEC) = 21
2832  openat(AT_FDCWD, "/home/runner/work/OpenGameVCS/OpenGameVCS/spec/path-filesystem/v1/manifest.json", O_RDONLY|O_CLOEXEC) = 21
2832  openat(AT_FDCWD, "/home/runner/work/OpenGameVCS/OpenGameVCS/spec/path-filesystem/v1/data/CaseFolding-16.0.0.txt", O_RDONLY|O_CLOEXEC) = 21
2842  mkdir("/home/runner/work/_temp/ogvcs-path-trace-workspace/.ogvcs", 0700) = 0
2840  openat(AT_FDCWD, "/home/runner/work/_temp/ogvcs-path-trace-workspace/.ogvcs", O_RDONLY|O_NOFOLLOW|O_CLOEXEC|O_DIRECTORY) = 21
2841  mkdir("/home/runner/work/_temp/ogvcs-path-trace-workspace/.ogvcs/transactions", 0700) = 0
2839  openat(AT_FDCWD, "/home/runner/work/_temp/ogvcs-path-trace-workspace/.ogvcs/transactions", O_RDONLY|O_NOFOLLOW|O_CLOEXEC|O_DIRECTORY) = 21
2840  mkdir("/home/runner/work/_temp/ogvcs-path-trace-workspace/.ogvcs/rename", 0700) = 0
2842  openat(AT_FDCWD, "/home/runner/work/_temp/ogvcs-path-trace-workspace/.ogvcs/rename", O_RDONLY|O_NOFOLLOW|O_CLOEXEC|O_DIRECTORY) = 21
2841  mkdir("/home/runner/work/_temp/ogvcs-path-trace-workspace/.ogvcs-capability-LYb7RD", 0700) = 0
2840  openat(AT_FDCWD, "/home/runner/work/_temp/ogvcs-path-trace-workspace/.ogvcs-capability-LYb7RD/CaseProbe", O_WRONLY|O_CREAT|O_EXCL|O_TRUNC|O_CLOEXEC, 0666) = 21
2840  openat(AT_FDCWD, "/home/runner/work/_temp/ogvcs-path-trace-workspace/.ogvcs-capability-LYb7RD/\303\251", O_WRONLY|O_CREAT|O_EXCL|O_TRUNC|O_CLOEXEC, 0666) = 21
2840  openat(AT_FDCWD, "/home/runner/work/_temp/ogvcs-path-trace-workspace/.ogvcs-capability-LYb7RD/atomic.from", O_WRONLY|O_CREAT|O_EXCL|O_TRUNC|O_CLOEXEC, 0666) = 21
2839  openat(AT_FDCWD, "/home/runner/work/_temp/ogvcs-path-trace-workspace/.ogvcs-capability-LYb7RD/atomic.to", O_WRONLY|O_CREAT|O_EXCL|O_TRUNC|O_CLOEXEC, 0666) = 21
2842  rename("/home/runner/work/_temp/ogvcs-path-trace-workspace/.ogvcs-capability-LYb7RD/atomic.from", "/home/runner/work/_temp/ogvcs-path-trace-workspace/.ogvcs-capability-LYb7RD/atomic.to") = 0
2839  openat(AT_FDCWD, "/home/runner/work/_temp/ogvcs-path-trace-workspace/.ogvcs-capability-LYb7RD/atomic.to", O_RDONLY|O_CLOEXEC) = 21
2839  openat(AT_FDCWD, "/home/runner/work/_temp/ogvcs-path-trace-workspace/.ogvcs-capability-LYb7RD/executable", O_WRONLY|O_CREAT|O_EXCL|O_TRUNC|O_CLOEXEC, 0600) = 21
2840  openat(AT_FDCWD, "/home/runner/work/_temp/ogvcs-path-trace-workspace/.ogvcs-capability-LYb7RD/hardlink.source", O_WRONLY|O_CREAT|O_EXCL|O_TRUNC|O_CLOEXEC, 0666) = 21
2839  link("/home/runner/work/_temp/ogvcs-path-trace-workspace/.ogvcs-capability-LYb7RD/hardlink.source", "/home/runner/work/_temp/ogvcs-path-trace-workspace/.ogvcs-capability-LYb7RD/hardlink.target") = 0
2842  openat(AT_FDCWD, "/home/runner/work/_temp/ogvcs-path-trace-workspace/.ogvcs-capability-LYb7RD/symlink.source", O_WRONLY|O_CREAT|O_EXCL|O_TRUNC|O_CLOEXEC, 0666) = 21
2841  symlink("symlink.source", "/home/runner/work/_temp/ogvcs-path-trace-workspace/.ogvcs-capability-LYb7RD/symlink.target") = 0
2839  openat(AT_FDCWD, "/home/runner/work/_temp/ogvcs-path-trace-workspace/.ogvcs-capability-LYb7RD", O_RDONLY|O_CLOEXEC) = 21
2841  openat(AT_FDCWD, "/home/runner/work/_temp/ogvcs-path-trace-workspace/.ogvcs-capability-LYb7RD", O_RDONLY|O_NONBLOCK|O_CLOEXEC|O_DIRECTORY) = 21
2842  unlink("/home/runner/work/_temp/ogvcs-path-trace-workspace/.ogvcs-capability-LYb7RD/CaseProbe") = 0
2841  unlink("/home/runner/work/_temp/ogvcs-path-trace-workspace/.ogvcs-capability-LYb7RD/atomic.to") = 0
2840  unlink("/home/runner/work/_temp/ogvcs-path-trace-workspace/.ogvcs-capability-LYb7RD/executable" <unfinished ...>
2841  unlink("/home/runner/work/_temp/ogvcs-path-trace-workspace/.ogvcs-capability-LYb7RD/hardlink.source" <unfinished ...>
2840  <... unlink resumed>)             = 0
2841  <... unlink resumed>)             = 0
2841  unlink("/home/runner/work/_temp/ogvcs-path-trace-workspace/.ogvcs-capability-LYb7RD/hardlink.target") = 0
2842  unlink("/home/runner/work/_temp/ogvcs-path-trace-workspace/.ogvcs-capability-LYb7RD/symlink.source") = 0
2841  unlink("/home/runner/work/_temp/ogvcs-path-trace-workspace/.ogvcs-capability-LYb7RD/symlink.target") = 0
2839  unlink("/home/runner/work/_temp/ogvcs-path-trace-workspace/.ogvcs-capability-LYb7RD/\303\251") = 0
2841  openat(AT_FDCWD, "/home/runner/work/_temp/ogvcs-path-trace-workspace", O_RDONLY|O_NOFOLLOW|O_CLOEXEC|O_DIRECTORY) = 21
2841  openat(AT_FDCWD, "/home/runner/work/_temp/ogvcs-path-trace-workspace/.ogvcs", O_RDONLY|O_NOFOLLOW|O_CLOEXEC|O_DIRECTORY) = 21
2841  openat(AT_FDCWD, "/home/runner/work/_temp/ogvcs-path-trace-workspace/.ogvcs/transactions", O_RDONLY|O_NOFOLLOW|O_CLOEXEC|O_DIRECTORY) = 21
2841  openat(AT_FDCWD, "/home/runner/work/_temp/ogvcs-path-trace-workspace/.ogvcs/rename", O_RDONLY|O_NOFOLLOW|O_CLOEXEC|O_DIRECTORY) = 21
2841  mkdir("/home/runner/work/_temp/ogvcs-path-trace-workspace/.ogvcs-capability-UjP1Kg", 0700) = 0
2840  openat(AT_FDCWD, "/home/runner/work/_temp/ogvcs-path-trace-workspace/.ogvcs-capability-UjP1Kg/CaseProbe", O_WRONLY|O_CREAT|O_EXCL|O_TRUNC|O_CLOEXEC, 0666) = 21
2840  openat(AT_FDCWD, "/home/runner/work/_temp/ogvcs-path-trace-workspace/.ogvcs-capability-UjP1Kg/\303\251", O_WRONLY|O_CREAT|O_EXCL|O_TRUNC|O_CLOEXEC, 0666) = 21
2840  openat(AT_FDCWD, "/home/runner/work/_temp/ogvcs-path-trace-workspace/.ogvcs-capability-UjP1Kg/atomic.from", O_WRONLY|O_CREAT|O_EXCL|O_TRUNC|O_CLOEXEC, 0666) = 21
2842  openat(AT_FDCWD, "/home/runner/work/_temp/ogvcs-path-trace-workspace/.ogvcs-capability-UjP1Kg/atomic.to", O_WRONLY|O_CREAT|O_EXCL|O_TRUNC|O_CLOEXEC, 0666) = 21
2839  rename("/home/runner/work/_temp/ogvcs-path-trace-workspace/.ogvcs-capability-UjP1Kg/atomic.from", "/home/runner/work/_temp/ogvcs-path-trace-workspace/.ogvcs-capability-UjP1Kg/atomic.to") = 0
2842  openat(AT_FDCWD, "/home/runner/work/_temp/ogvcs-path-trace-workspace/.ogvcs-capability-UjP1Kg/atomic.to", O_RDONLY|O_CLOEXEC) = 21
2842  openat(AT_FDCWD, "/home/runner/work/_temp/ogvcs-path-trace-workspace/.ogvcs-capability-UjP1Kg/executable", O_WRONLY|O_CREAT|O_EXCL|O_TRUNC|O_CLOEXEC, 0600) = 21
2840  openat(AT_FDCWD, "/home/runner/work/_temp/ogvcs-path-trace-workspace/.ogvcs-capability-UjP1Kg/hardlink.source", O_WRONLY|O_CREAT|O_EXCL|O_TRUNC|O_CLOEXEC, 0666) = 21
2842  link("/home/runner/work/_temp/ogvcs-path-trace-workspace/.ogvcs-capability-UjP1Kg/hardlink.source", "/home/runner/work/_temp/ogvcs-path-trace-workspace/.ogvcs-capability-UjP1Kg/hardlink.target") = 0
2839  openat(AT_FDCWD, "/home/runner/work/_temp/ogvcs-path-trace-workspace/.ogvcs-capability-UjP1Kg/symlink.source", O_WRONLY|O_CREAT|O_EXCL|O_TRUNC|O_CLOEXEC, 0666) = 21
2841  symlink("symlink.source", "/home/runner/work/_temp/ogvcs-path-trace-workspace/.ogvcs-capability-UjP1Kg/symlink.target") = 0
2842  openat(AT_FDCWD, "/home/runner/work/_temp/ogvcs-path-trace-workspace/.ogvcs-capability-UjP1Kg", O_RDONLY|O_CLOEXEC) = 21
2841  openat(AT_FDCWD, "/home/runner/work/_temp/ogvcs-path-trace-workspace/.ogvcs-capability-UjP1Kg", O_RDONLY|O_NONBLOCK|O_CLOEXEC|O_DIRECTORY) = 21
2839  unlink("/home/runner/work/_temp/ogvcs-path-trace-workspace/.ogvcs-capability-UjP1Kg/CaseProbe") = 0
2841  unlink("/home/runner/work/_temp/ogvcs-path-trace-workspace/.ogvcs-capability-UjP1Kg/atomic.to" <unfinished ...>
2840  unlink("/home/runner/work/_temp/ogvcs-path-trace-workspace/.ogvcs-capability-UjP1Kg/hardlink.source" <unfinished ...>
2841  <... unlink resumed>)             = 0
2840  <... unlink resumed>)             = 0
2842  unlink("/home/runner/work/_temp/ogvcs-path-trace-workspace/.ogvcs-capability-UjP1Kg/executable" <unfinished ...>
2841  unlink("/home/runner/work/_temp/ogvcs-path-trace-workspace/.ogvcs-capability-UjP1Kg/hardlink.target" <unfinished ...>
2840  unlink("/home/runner/work/_temp/ogvcs-path-trace-workspace/.ogvcs-capability-UjP1Kg/symlink.source" <unfinished ...>
2842  <... unlink resumed>)             = 0
2842  unlink("/home/runner/work/_temp/ogvcs-path-trace-workspace/.ogvcs-capability-UjP1Kg/\303\251" <unfinished ...>
2841  <... unlink resumed>)             = 0
2840  <... unlink resumed>)             = 0
2842  <... unlink resumed>)             = 0
2839  unlink("/home/runner/work/_temp/ogvcs-path-trace-workspace/.ogvcs-capability-UjP1Kg/symlink.target") = 0
2840  openat(AT_FDCWD, "/home/runner/work/_temp/ogvcs-path-trace-workspace", O_RDONLY|O_NOFOLLOW|O_CLOEXEC|O_DIRECTORY) = 21
2840  openat(AT_FDCWD, "/home/runner/work/_temp/ogvcs-path-trace-workspace/.ogvcs", O_RDONLY|O_NOFOLLOW|O_CLOEXEC|O_DIRECTORY) = 21
2840  openat(AT_FDCWD, "/home/runner/work/_temp/ogvcs-path-trace-workspace/.ogvcs/transactions", O_RDONLY|O_NOFOLLOW|O_CLOEXEC|O_DIRECTORY) = 21
2840  openat(AT_FDCWD, "/home/runner/work/_temp/ogvcs-path-trace-workspace/.ogvcs/rename", O_RDONLY|O_NOFOLLOW|O_CLOEXEC|O_DIRECTORY) = 21
2840  openat(AT_FDCWD, "/home/runner/work/_temp/ogvcs-path-trace-workspace", O_RDONLY|O_NOFOLLOW|O_CLOEXEC|O_DIRECTORY) = 21
2840  openat(AT_FDCWD, "/home/runner/work/_temp/ogvcs-path-trace-workspace/.ogvcs", O_RDONLY|O_NOFOLLOW|O_CLOEXEC|O_DIRECTORY) = 21
2840  openat(AT_FDCWD, "/home/runner/work/_temp/ogvcs-path-trace-workspace/.ogvcs/transactions", O_RDONLY|O_NOFOLLOW|O_CLOEXEC|O_DIRECTORY) = 21
2840  openat(AT_FDCWD, "/home/runner/work/_temp/ogvcs-path-trace-workspace/.ogvcs/rename", O_RDONLY|O_NOFOLLOW|O_CLOEXEC|O_DIRECTORY) = 21
2840  mkdir("/home/runner/work/_temp/ogvcs-path-trace-workspace/.ogvcs-capability-If2GZ9", 0700) = 0
2839  openat(AT_FDCWD, "/home/runner/work/_temp/ogvcs-path-trace-workspace/.ogvcs-capability-If2GZ9/CaseProbe", O_WRONLY|O_CREAT|O_EXCL|O_TRUNC|O_CLOEXEC, 0666) = 21
2839  openat(AT_FDCWD, "/home/runner/work/_temp/ogvcs-path-trace-workspace/.ogvcs-capability-If2GZ9/\303\251", O_WRONLY|O_CREAT|O_EXCL|O_TRUNC|O_CLOEXEC, 0666) = 21
2839  openat(AT_FDCWD, "/home/runner/work/_temp/ogvcs-path-trace-workspace/.ogvcs-capability-If2GZ9/atomic.from", O_WRONLY|O_CREAT|O_EXCL|O_TRUNC|O_CLOEXEC, 0666) = 21
2841  openat(AT_FDCWD, "/home/runner/work/_temp/ogvcs-path-trace-workspace/.ogvcs-capability-If2GZ9/atomic.to", O_WRONLY|O_CREAT|O_EXCL|O_TRUNC|O_CLOEXEC, 0666) = 21
2842  rename("/home/runner/work/_temp/ogvcs-path-trace-workspace/.ogvcs-capability-If2GZ9/atomic.from", "/home/runner/work/_temp/ogvcs-path-trace-workspace/.ogvcs-capability-If2GZ9/atomic.to") = 0
2841  openat(AT_FDCWD, "/home/runner/work/_temp/ogvcs-path-trace-workspace/.ogvcs-capability-If2GZ9/atomic.to", O_RDONLY|O_CLOEXEC) = 21
2841  openat(AT_FDCWD, "/home/runner/work/_temp/ogvcs-path-trace-workspace/.ogvcs-capability-If2GZ9/executable", O_WRONLY|O_CREAT|O_EXCL|O_TRUNC|O_CLOEXEC, 0600) = 21
2839  openat(AT_FDCWD, "/home/runner/work/_temp/ogvcs-path-trace-workspace/.ogvcs-capability-If2GZ9/hardlink.source", O_WRONLY|O_CREAT|O_EXCL|O_TRUNC|O_CLOEXEC, 0666) = 21
2841  link("/home/runner/work/_temp/ogvcs-path-trace-workspace/.ogvcs-capability-If2GZ9/hardlink.source", "/home/runner/work/_temp/ogvcs-path-trace-workspace/.ogvcs-capability-If2GZ9/hardlink.target") = 0
2840  openat(AT_FDCWD, "/home/runner/work/_temp/ogvcs-path-trace-workspace/.ogvcs-capability-If2GZ9/symlink.source", O_WRONLY|O_CREAT|O_EXCL|O_TRUNC|O_CLOEXEC, 0666) = 21
2842  symlink("symlink.source", "/home/runner/work/_temp/ogvcs-path-trace-workspace/.ogvcs-capability-If2GZ9/symlink.target") = 0
2841  openat(AT_FDCWD, "/home/runner/work/_temp/ogvcs-path-trace-workspace/.ogvcs-capability-If2GZ9", O_RDONLY|O_CLOEXEC) = 21
2842  openat(AT_FDCWD, "/home/runner/work/_temp/ogvcs-path-trace-workspace/.ogvcs-capability-If2GZ9", O_RDONLY|O_NONBLOCK|O_CLOEXEC|O_DIRECTORY) = 21
2842  unlink("/home/runner/work/_temp/ogvcs-path-trace-workspace/.ogvcs-capability-If2GZ9/CaseProbe") = 0
2840  unlink("/home/runner/work/_temp/ogvcs-path-trace-workspace/.ogvcs-capability-If2GZ9/atomic.to" <unfinished ...>
2842  unlink("/home/runner/work/_temp/ogvcs-path-trace-workspace/.ogvcs-capability-If2GZ9/hardlink.source") = 0
2840  <... unlink resumed>)             = 0
2839  unlink("/home/runner/work/_temp/ogvcs-path-trace-workspace/.ogvcs-capability-If2GZ9/executable") = 0
2839  unlink("/home/runner/work/_temp/ogvcs-path-trace-workspace/.ogvcs-capability-If2GZ9/hardlink.target") = 0
2841  unlink("/home/runner/work/_temp/ogvcs-path-trace-workspace/.ogvcs-capability-If2GZ9/symlink.source") = 0
2842  unlink("/home/runner/work/_temp/ogvcs-path-trace-workspace/.ogvcs-capability-If2GZ9/symlink.target" <unfinished ...>
2841  unlink("/home/runner/work/_temp/ogvcs-path-trace-workspace/.ogvcs-capability-If2GZ9/\303\251" <unfinished ...>
2842  <... unlink resumed>)             = 0
2841  <... unlink resumed>)             = 0
2842  openat(AT_FDCWD, "/home/runner/work/_temp/ogvcs-path-trace-workspace", O_RDONLY|O_NOFOLLOW|O_CLOEXEC|O_DIRECTORY) = 21
2842  openat(AT_FDCWD, "/home/runner/work/_temp/ogvcs-path-trace-workspace/.ogvcs", O_RDONLY|O_NOFOLLOW|O_CLOEXEC|O_DIRECTORY) = 21
2842  openat(AT_FDCWD, "/home/runner/work/_temp/ogvcs-path-trace-workspace/.ogvcs/transactions", O_RDONLY|O_NOFOLLOW|O_CLOEXEC|O_DIRECTORY) = 21
2842  openat(AT_FDCWD, "/home/runner/work/_temp/ogvcs-path-trace-workspace/.ogvcs/rename", O_RDONLY|O_NOFOLLOW|O_CLOEXEC|O_DIRECTORY) = 21
2842  openat(AT_FDCWD, "/home/runner/work/_temp/ogvcs-path-trace-workspace", O_RDONLY|O_NOFOLLOW|O_CLOEXEC|O_DIRECTORY) = 21
2842  openat(AT_FDCWD, "/home/runner/work/_temp/ogvcs-path-trace-workspace/.ogvcs", O_RDONLY|O_NOFOLLOW|O_CLOEXEC|O_DIRECTORY) = 21
2842  openat(AT_FDCWD, "/home/runner/work/_temp/ogvcs-path-trace-workspace/.ogvcs/transactions", O_RDONLY|O_NOFOLLOW|O_CLOEXEC|O_DIRECTORY) = 21
2842  openat(AT_FDCWD, "/home/runner/work/_temp/ogvcs-path-trace-workspace/.ogvcs/rename", O_RDONLY|O_NOFOLLOW|O_CLOEXEC|O_DIRECTORY) = 21
2841  openat(AT_FDCWD, "/home/runner/work/_temp/ogvcs-path-trace-workspace", O_RDONLY|O_NOFOLLOW|O_CLOEXEC|O_DIRECTORY) = 21
2841  openat(AT_FDCWD, "/home/runner/work/_temp/ogvcs-path-trace-workspace/.ogvcs", O_RDONLY|O_NOFOLLOW|O_CLOEXEC|O_DIRECTORY) = 21
2841  openat(AT_FDCWD, "/home/runner/work/_temp/ogvcs-path-trace-workspace/.ogvcs/transactions", O_RDONLY|O_NOFOLLOW|O_CLOEXEC|O_DIRECTORY) = 21
2841  openat(AT_FDCWD, "/home/runner/work/_temp/ogvcs-path-trace-workspace/.ogvcs/rename", O_RDONLY|O_NOFOLLOW|O_CLOEXEC|O_DIRECTORY) = 21
2841  mkdir("/home/runner/work/_temp/ogvcs-path-trace-workspace/.ogvcs-capability-eM2AgI", 0700) = 0
2842  openat(AT_FDCWD, "/home/runner/work/_temp/ogvcs-path-trace-workspace/.ogvcs-capability-eM2AgI/CaseProbe", O_WRONLY|O_CREAT|O_EXCL|O_TRUNC|O_CLOEXEC, 0666) = 21
2842  openat(AT_FDCWD, "/home/runner/work/_temp/ogvcs-path-trace-workspace/.ogvcs-capability-eM2AgI/\303\251", O_WRONLY|O_CREAT|O_EXCL|O_TRUNC|O_CLOEXEC, 0666) = 21
2842  openat(AT_FDCWD, "/home/runner/work/_temp/ogvcs-path-trace-workspace/.ogvcs-capability-eM2AgI/atomic.from", O_WRONLY|O_CREAT|O_EXCL|O_TRUNC|O_CLOEXEC, 0666) = 21
2840  openat(AT_FDCWD, "/home/runner/work/_temp/ogvcs-path-trace-workspace/.ogvcs-capability-eM2AgI/atomic.to", O_WRONLY|O_CREAT|O_EXCL|O_TRUNC|O_CLOEXEC, 0666) = 21
2839  rename("/home/runner/work/_temp/ogvcs-path-trace-workspace/.ogvcs-capability-eM2AgI/atomic.from", "/home/runner/work/_temp/ogvcs-path-trace-workspace/.ogvcs-capability-eM2AgI/atomic.to") = 0
2840  openat(AT_FDCWD, "/home/runner/work/_temp/ogvcs-path-trace-workspace/.ogvcs-capability-eM2AgI/atomic.to", O_RDONLY|O_CLOEXEC) = 21
2840  openat(AT_FDCWD, "/home/runner/work/_temp/ogvcs-path-trace-workspace/.ogvcs-capability-eM2AgI/executable", O_WRONLY|O_CREAT|O_EXCL|O_TRUNC|O_CLOEXEC, 0600) = 21
2842  openat(AT_FDCWD, "/home/runner/work/_temp/ogvcs-path-trace-workspace/.ogvcs-capability-eM2AgI/hardlink.source", O_WRONLY|O_CREAT|O_EXCL|O_TRUNC|O_CLOEXEC, 0666) = 21
2840  link("/home/runner/work/_temp/ogvcs-path-trace-workspace/.ogvcs-capability-eM2AgI/hardlink.source", "/home/runner/work/_temp/ogvcs-path-trace-workspace/.ogvcs-capability-eM2AgI/hardlink.target") = 0
2839  openat(AT_FDCWD, "/home/runner/work/_temp/ogvcs-path-trace-workspace/.ogvcs-capability-eM2AgI/symlink.source", O_WRONLY|O_CREAT|O_EXCL|O_TRUNC|O_CLOEXEC, 0666) = 21
2841  symlink("symlink.source", "/home/runner/work/_temp/ogvcs-path-trace-workspace/.ogvcs-capability-eM2AgI/symlink.target") = 0
2840  openat(AT_FDCWD, "/home/runner/work/_temp/ogvcs-path-trace-workspace/.ogvcs-capability-eM2AgI", O_RDONLY|O_CLOEXEC) = 21
2841  openat(AT_FDCWD, "/home/runner/work/_temp/ogvcs-path-trace-workspace/.ogvcs-capability-eM2AgI", O_RDONLY|O_NONBLOCK|O_CLOEXEC|O_DIRECTORY) = 21
2840  unlink("/home/runner/work/_temp/ogvcs-path-trace-workspace/.ogvcs-capability-eM2AgI/CaseProbe") = 0
2839  unlink("/home/runner/work/_temp/ogvcs-path-trace-workspace/.ogvcs-capability-eM2AgI/atomic.to" <unfinished ...>
2841  unlink("/home/runner/work/_temp/ogvcs-path-trace-workspace/.ogvcs-capability-eM2AgI/hardlink.source") = 0
2842  unlink("/home/runner/work/_temp/ogvcs-path-trace-workspace/.ogvcs-capability-eM2AgI/executable" <unfinished ...>
2839  <... unlink resumed>)             = 0
2842  <... unlink resumed>)             = 0
2840  unlink("/home/runner/work/_temp/ogvcs-path-trace-workspace/.ogvcs-capability-eM2AgI/hardlink.target") = 0
2840  unlink("/home/runner/work/_temp/ogvcs-path-trace-workspace/.ogvcs-capability-eM2AgI/symlink.source") = 0
2842  unlink("/home/runner/work/_temp/ogvcs-path-trace-workspace/.ogvcs-capability-eM2AgI/symlink.target") = 0
2840  unlink("/home/runner/work/_temp/ogvcs-path-trace-workspace/.ogvcs-capability-eM2AgI/\303\251") = 0
2841  openat(AT_FDCWD, "/home/runner/work/_temp/ogvcs-path-trace-workspace", O_RDONLY|O_NOFOLLOW|O_CLOEXEC|O_DIRECTORY) = 21
2841  openat(AT_FDCWD, "/home/runner/work/_temp/ogvcs-path-trace-workspace/.ogvcs", O_RDONLY|O_NOFOLLOW|O_CLOEXEC|O_DIRECTORY) = 21
2841  openat(AT_FDCWD, "/home/runner/work/_temp/ogvcs-path-trace-workspace/.ogvcs/transactions", O_RDONLY|O_NOFOLLOW|O_CLOEXEC|O_DIRECTORY) = 21
2841  openat(AT_FDCWD, "/home/runner/work/_temp/ogvcs-path-trace-workspace/.ogvcs/rename", O_RDONLY|O_NOFOLLOW|O_CLOEXEC|O_DIRECTORY) = 21
2841  openat(AT_FDCWD, "/home/runner/work/_temp/ogvcs-path-trace-workspace", O_RDONLY|O_NOFOLLOW|O_CLOEXEC|O_DIRECTORY) = 21
2841  openat(AT_FDCWD, "/home/runner/work/_temp/ogvcs-path-trace-workspace/.ogvcs", O_RDONLY|O_NOFOLLOW|O_CLOEXEC|O_DIRECTORY) = 21
2841  openat(AT_FDCWD, "/home/runner/work/_temp/ogvcs-path-trace-workspace/.ogvcs/transactions", O_RDONLY|O_NOFOLLOW|O_CLOEXEC|O_DIRECTORY) = 21
2841  openat(AT_FDCWD, "/home/runner/work/_temp/ogvcs-path-trace-workspace/.ogvcs/rename", O_RDONLY|O_NOFOLLOW|O_CLOEXEC|O_DIRECTORY) = 21
2841  mkdir("/home/runner/work/_temp/ogvcs-path-trace-workspace/.ogvcs-capability-EMB5me", 0700) = 0
2842  openat(AT_FDCWD, "/home/runner/work/_temp/ogvcs-path-trace-workspace/.ogvcs-capability-EMB5me/CaseProbe", O_WRONLY|O_CREAT|O_EXCL|O_TRUNC|O_CLOEXEC, 0666) = 21
2842  openat(AT_FDCWD, "/home/runner/work/_temp/ogvcs-path-trace-workspace/.ogvcs-capability-EMB5me/\303\251", O_WRONLY|O_CREAT|O_EXCL|O_TRUNC|O_CLOEXEC, 0666) = 21
2842  openat(AT_FDCWD, "/home/runner/work/_temp/ogvcs-path-trace-workspace/.ogvcs-capability-EMB5me/atomic.from", O_WRONLY|O_CREAT|O_EXCL|O_TRUNC|O_CLOEXEC, 0666) = 21
2839  openat(AT_FDCWD, "/home/runner/work/_temp/ogvcs-path-trace-workspace/.ogvcs-capability-EMB5me/atomic.to", O_WRONLY|O_CREAT|O_EXCL|O_TRUNC|O_CLOEXEC, 0666) = 21
2840  rename("/home/runner/work/_temp/ogvcs-path-trace-workspace/.ogvcs-capability-EMB5me/atomic.from", "/home/runner/work/_temp/ogvcs-path-trace-workspace/.ogvcs-capability-EMB5me/atomic.to") = 0
2839  openat(AT_FDCWD, "/home/runner/work/_temp/ogvcs-path-trace-workspace/.ogvcs-capability-EMB5me/atomic.to", O_RDONLY|O_CLOEXEC) = 21
2839  openat(AT_FDCWD, "/home/runner/work/_temp/ogvcs-path-trace-workspace/.ogvcs-capability-EMB5me/executable", O_WRONLY|O_CREAT|O_EXCL|O_TRUNC|O_CLOEXEC, 0600) = 21
2842  openat(AT_FDCWD, "/home/runner/work/_temp/ogvcs-path-trace-workspace/.ogvcs-capability-EMB5me/hardlink.source", O_WRONLY|O_CREAT|O_EXCL|O_TRUNC|O_CLOEXEC, 0666) = 21
2839  link("/home/runner/work/_temp/ogvcs-path-trace-workspace/.ogvcs-capability-EMB5me/hardlink.source", "/home/runner/work/_temp/ogvcs-path-trace-workspace/.ogvcs-capability-EMB5me/hardlink.target") = 0
2840  openat(AT_FDCWD, "/home/runner/work/_temp/ogvcs-path-trace-workspace/.ogvcs-capability-EMB5me/symlink.source", O_WRONLY|O_CREAT|O_EXCL|O_TRUNC|O_CLOEXEC, 0666) = 21
2841  symlink("symlink.source", "/home/runner/work/_temp/ogvcs-path-trace-workspace/.ogvcs-capability-EMB5me/symlink.target") = 0
2839  openat(AT_FDCWD, "/home/runner/work/_temp/ogvcs-path-trace-workspace/.ogvcs-capability-EMB5me", O_RDONLY|O_CLOEXEC) = 21
2841  openat(AT_FDCWD, "/home/runner/work/_temp/ogvcs-path-trace-workspace/.ogvcs-capability-EMB5me", O_RDONLY|O_NONBLOCK|O_CLOEXEC|O_DIRECTORY) = 21
2840  unlink("/home/runner/work/_temp/ogvcs-path-trace-workspace/.ogvcs-capability-EMB5me/CaseProbe") = 0
2841  unlink("/home/runner/work/_temp/ogvcs-path-trace-workspace/.ogvcs-capability-EMB5me/atomic.to") = 0
2841  unlink("/home/runner/work/_temp/ogvcs-path-trace-workspace/.ogvcs-capability-EMB5me/executable") = 0
2842  unlink("/home/runner/work/_temp/ogvcs-path-trace-workspace/.ogvcs-capability-EMB5me/hardlink.source") = 0
2841  unlink("/home/runner/work/_temp/ogvcs-path-trace-workspace/.ogvcs-capability-EMB5me/hardlink.target") = 0
2842  unlink("/home/runner/work/_temp/ogvcs-path-trace-workspace/.ogvcs-capability-EMB5me/symlink.source" <unfinished ...>
2841  unlink("/home/runner/work/_temp/ogvcs-path-trace-workspace/.ogvcs-capability-EMB5me/symlink.target" <unfinished ...>
2842  <... unlink resumed>)             = 0
2841  <... unlink resumed>)             = 0
2840  unlink("/home/runner/work/_temp/ogvcs-path-trace-workspace/.ogvcs-capability-EMB5me/\303\251") = 0
2839  openat(AT_FDCWD, "/home/runner/work/_temp/ogvcs-path-trace-workspace", O_RDONLY|O_NOFOLLOW|O_CLOEXEC|O_DIRECTORY) = 21
2839  openat(AT_FDCWD, "/home/runner/work/_temp/ogvcs-path-trace-workspace/.ogvcs", O_RDONLY|O_NOFOLLOW|O_CLOEXEC|O_DIRECTORY) = 21
2839  openat(AT_FDCWD, "/home/runner/work/_temp/ogvcs-path-trace-workspace/.ogvcs/transactions", O_RDONLY|O_NOFOLLOW|O_CLOEXEC|O_DIRECTORY) = 21
2839  openat(AT_FDCWD, "/home/runner/work/_temp/ogvcs-path-trace-workspace/.ogvcs/rename", O_RDONLY|O_NOFOLLOW|O_CLOEXEC|O_DIRECTORY) = 21
2839  openat(AT_FDCWD, "/home/runner/work/_temp/ogvcs-path-trace-workspace", O_RDONLY|O_NOFOLLOW|O_CLOEXEC|O_DIRECTORY) = 21
2839  openat(AT_FDCWD, "/home/runner/work/_temp/ogvcs-path-trace-workspace/.ogvcs", O_RDONLY|O_NOFOLLOW|O_CLOEXEC|O_DIRECTORY) = 21
2839  openat(AT_FDCWD, "/home/runner/work/_temp/ogvcs-path-trace-workspace/.ogvcs/transactions", O_RDONLY|O_NOFOLLOW|O_CLOEXEC|O_DIRECTORY) = 21
2839  openat(AT_FDCWD, "/home/runner/work/_temp/ogvcs-path-trace-workspace/.ogvcs/rename", O_RDONLY|O_NOFOLLOW|O_CLOEXEC|O_DIRECTORY) = 21
2839  mkdir("/home/runner/work/_temp/ogvcs-path-trace-workspace/Race", 0700) = 0
2841  openat(AT_FDCWD, "/home/runner/work/_temp/ogvcs-path-trace-workspace/Race", O_RDONLY|O_NOFOLLOW|O_CLOEXEC|O_DIRECTORY) = 21
2842  openat(AT_FDCWD, "/home/runner/work/_temp/ogvcs-path-trace-workspace", O_RDONLY|O_NOFOLLOW|O_CLOEXEC|O_DIRECTORY) = 21
2841  openat(AT_FDCWD, "/home/runner/work/_temp/ogvcs-path-trace-workspace/Race", O_RDONLY|O_NOFOLLOW|O_CLOEXEC|O_DIRECTORY) = 21
2839  openat(AT_FDCWD, "/home/runner/work/_temp/ogvcs-path-trace-workspace/.ogvcs/transactions/4ecdb728f8cf432eae6711b88b138de9.json.aa0b9f96eb8041baa362e15902f036eb.tmp", O_WRONLY|O_CREAT|O_EXCL|O_CLOEXEC, 0600) = 21
2839  rename("/home/runner/work/_temp/ogvcs-path-trace-workspace/.ogvcs/transactions/4ecdb728f8cf432eae6711b88b138de9.json.aa0b9f96eb8041baa362e15902f036eb.tmp", "/home/runner/work/_temp/ogvcs-path-trace-workspace/.ogvcs/transactions/4ecdb728f8cf432eae6711b88b138de9.json") = 0
2840  openat(AT_FDCWD, "/home/runner/work/_temp/ogvcs-path-trace-workspace/.ogvcs/transactions", O_RDONLY|O_NOFOLLOW|O_CLOEXEC|O_DIRECTORY) = 21
2842  openat(AT_FDCWD, "/home/runner/work/_temp/ogvcs-path-trace-workspace", O_RDONLY|O_NOFOLLOW|O_CLOEXEC|O_DIRECTORY) = 21
2842  openat(AT_FDCWD, "/home/runner/work/_temp/ogvcs-path-trace-workspace/.ogvcs", O_RDONLY|O_NOFOLLOW|O_CLOEXEC|O_DIRECTORY) = 21
2842  openat(AT_FDCWD, "/home/runner/work/_temp/ogvcs-path-trace-workspace/.ogvcs/transactions", O_RDONLY|O_NOFOLLOW|O_CLOEXEC|O_DIRECTORY) = 21
2842  openat(AT_FDCWD, "/home/runner/work/_temp/ogvcs-path-trace-workspace/.ogvcs/rename", O_RDONLY|O_NOFOLLOW|O_CLOEXEC|O_DIRECTORY) = 21
2840  openat(AT_FDCWD, "/home/runner/work/_temp/ogvcs-path-trace-workspace/.ogvcs/transactions/4ecdb728f8cf432eae6711b88b138de9.stage", O_WRONLY|O_CREAT|O_EXCL|O_CLOEXEC, 0600) = 21
2842  openat(AT_FDCWD, "/home/runner/work/_temp/ogvcs-path-trace-workspace", O_RDONLY|O_NOFOLLOW|O_CLOEXEC|O_DIRECTORY) = 21
2842  openat(AT_FDCWD, "/home/runner/work/_temp/ogvcs-path-trace-workspace/.ogvcs", O_RDONLY|O_NOFOLLOW|O_CLOEXEC|O_DIRECTORY) = 21
2842  openat(AT_FDCWD, "/home/runner/work/_temp/ogvcs-path-trace-workspace/.ogvcs/transactions", O_RDONLY|O_NOFOLLOW|O_CLOEXEC|O_DIRECTORY) = 21
2842  openat(AT_FDCWD, "/home/runner/work/_temp/ogvcs-path-trace-workspace/.ogvcs/rename", O_RDONLY|O_NOFOLLOW|O_CLOEXEC|O_DIRECTORY) = 21
2842  openat(AT_FDCWD, "/home/runner/work/_temp/ogvcs-path-trace-workspace/.ogvcs/transactions/4ecdb728f8cf432eae6711b88b138de9.stage", O_RDONLY|O_NOFOLLOW|O_CLOEXEC) = 21
2841  openat(AT_FDCWD, "/home/runner/work/_temp/ogvcs-path-trace-workspace/.ogvcs/transactions/4ecdb728f8cf432eae6711b88b138de9.json.9702cfa94d424c51817a5f4062423fbc.tmp", O_WRONLY|O_CREAT|O_EXCL|O_CLOEXEC, 0600) = 21
2841  rename("/home/runner/work/_temp/ogvcs-path-trace-workspace/.ogvcs/transactions/4ecdb728f8cf432eae6711b88b138de9.json.9702cfa94d424c51817a5f4062423fbc.tmp", "/home/runner/work/_temp/ogvcs-path-trace-workspace/.ogvcs/transactions/4ecdb728f8cf432eae6711b88b138de9.json") = 0
2839  openat(AT_FDCWD, "/home/runner/work/_temp/ogvcs-path-trace-workspace/.ogvcs/transactions", O_RDONLY|O_NOFOLLOW|O_CLOEXEC|O_DIRECTORY) = 21
2840  openat(AT_FDCWD, "/home/runner/work/_temp/ogvcs-path-trace-workspace", O_RDONLY|O_NOFOLLOW|O_CLOEXEC|O_DIRECTORY) = 21
2840  openat(AT_FDCWD, "/home/runner/work/_temp/ogvcs-path-trace-workspace/.ogvcs", O_RDONLY|O_NOFOLLOW|O_CLOEXEC|O_DIRECTORY) = 21
2840  openat(AT_FDCWD, "/home/runner/work/_temp/ogvcs-path-trace-workspace/.ogvcs/transactions", O_RDONLY|O_NOFOLLOW|O_CLOEXEC|O_DIRECTORY) = 21
2840  openat(AT_FDCWD, "/home/runner/work/_temp/ogvcs-path-trace-workspace/.ogvcs/rename", O_RDONLY|O_NOFOLLOW|O_CLOEXEC|O_DIRECTORY) = 21
2840  openat(AT_FDCWD, "/home/runner/work/_temp/ogvcs-path-trace-workspace/Race", O_RDONLY|O_NOFOLLOW|O_CLOEXEC|O_DIRECTORY) = 21
2841  openat(AT_FDCWD, "/home/runner/work/_temp/ogvcs-path-trace-workspace", O_RDONLY|O_NOFOLLOW|O_CLOEXEC|O_DIRECTORY) = 21
2841  openat(AT_FDCWD, "/home/runner/work/_temp/ogvcs-path-trace-workspace/.ogvcs", O_RDONLY|O_NOFOLLOW|O_CLOEXEC|O_DIRECTORY) = 21
2841  openat(AT_FDCWD, "/home/runner/work/_temp/ogvcs-path-trace-workspace/.ogvcs/transactions", O_RDONLY|O_NOFOLLOW|O_CLOEXEC|O_DIRECTORY) = 21
2841  openat(AT_FDCWD, "/home/runner/work/_temp/ogvcs-path-trace-workspace/.ogvcs/rename", O_RDONLY|O_NOFOLLOW|O_CLOEXEC|O_DIRECTORY) = 21
2841  openat(AT_FDCWD, "/home/runner/work/_temp/ogvcs-path-trace-workspace/Race", O_RDONLY|O_NOFOLLOW|O_CLOEXEC|O_DIRECTORY) = 21
2840  openat(AT_FDCWD, "/home/runner/work/_temp/ogvcs-path-trace-workspace/.ogvcs/transactions/4ecdb728f8cf432eae6711b88b138de9.stage", O_RDONLY|O_NOFOLLOW|O_CLOEXEC) = 21
2842  rename("/home/runner/work/_temp/ogvcs-path-trace-workspace/.ogvcs/transactions/4ecdb728f8cf432eae6711b88b138de9.stage", "/home/runner/work/_temp/ogvcs-path-trace-workspace/Race/target") = 0
2841  openat(AT_FDCWD, "/home/runner/work/_temp/ogvcs-path-trace-workspace/Race", O_RDONLY|O_NOFOLLOW|O_CLOEXEC|O_DIRECTORY) = 21
2839  openat(AT_FDCWD, "/home/runner/work/_temp/ogvcs-path-trace-workspace/Race/target", O_RDONLY|O_NOFOLLOW|O_CLOEXEC) = 21
2842  openat(AT_FDCWD, "/home/runner/work/_temp/ogvcs-path-trace-workspace", O_RDONLY|O_NOFOLLOW|O_CLOEXEC|O_DIRECTORY) = 21
2842  openat(AT_FDCWD, "/home/runner/work/_temp/ogvcs-path-trace-workspace/.ogvcs", O_RDONLY|O_NOFOLLOW|O_CLOEXEC|O_DIRECTORY) = 21
2842  openat(AT_FDCWD, "/home/runner/work/_temp/ogvcs-path-trace-workspace/.ogvcs/transactions", O_RDONLY|O_NOFOLLOW|O_CLOEXEC|O_DIRECTORY) = 21
2842  openat(AT_FDCWD, "/home/runner/work/_temp/ogvcs-path-trace-workspace/.ogvcs/rename", O_RDONLY|O_NOFOLLOW|O_CLOEXEC|O_DIRECTORY) = 21
2840  openat(AT_FDCWD, "/home/runner/work/_temp/ogvcs-path-trace-workspace/.ogvcs/transactions/4ecdb728f8cf432eae6711b88b138de9.json.ee711a55259742aeb52d5f1179b01378.tmp", O_WRONLY|O_CREAT|O_EXCL|O_CLOEXEC, 0600) = 21
2840  rename("/home/runner/work/_temp/ogvcs-path-trace-workspace/.ogvcs/transactions/4ecdb728f8cf432eae6711b88b138de9.json.ee711a55259742aeb52d5f1179b01378.tmp", "/home/runner/work/_temp/ogvcs-path-trace-workspace/.ogvcs/transactions/4ecdb728f8cf432eae6711b88b138de9.json") = 0
2842  openat(AT_FDCWD, "/home/runner/work/_temp/ogvcs-path-trace-workspace/.ogvcs/transactions", O_RDONLY|O_NOFOLLOW|O_CLOEXEC|O_DIRECTORY) = 21
2841  openat(AT_FDCWD, "/home/runner/work/_temp/ogvcs-path-trace-workspace", O_RDONLY|O_NOFOLLOW|O_CLOEXEC|O_DIRECTORY) = 21
2841  openat(AT_FDCWD, "/home/runner/work/_temp/ogvcs-path-trace-workspace/.ogvcs", O_RDONLY|O_NOFOLLOW|O_CLOEXEC|O_DIRECTORY) = 21
2841  openat(AT_FDCWD, "/home/runner/work/_temp/ogvcs-path-trace-workspace/.ogvcs/transactions", O_RDONLY|O_NOFOLLOW|O_CLOEXEC|O_DIRECTORY) = 21
2841  openat(AT_FDCWD, "/home/runner/work/_temp/ogvcs-path-trace-workspace/.ogvcs/rename", O_RDONLY|O_NOFOLLOW|O_CLOEXEC|O_DIRECTORY) = 21
2839  unlink("/home/runner/work/_temp/ogvcs-path-trace-workspace/.ogvcs/transactions/4ecdb728f8cf432eae6711b88b138de9.json") = 0
2840  openat(AT_FDCWD, "/home/runner/work/_temp/ogvcs-path-trace-workspace/.ogvcs/transactions", O_RDONLY|O_NOFOLLOW|O_CLOEXEC|O_DIRECTORY) = 21
2842  openat(AT_FDCWD, "/home/runner/work/_temp/ogvcs-path-trace-workspace", O_RDONLY|O_NOFOLLOW|O_CLOEXEC|O_DIRECTORY) = 21
2842  openat(AT_FDCWD, "/home/runner/work/_temp/ogvcs-path-trace-workspace/.ogvcs", O_RDONLY|O_NOFOLLOW|O_CLOEXEC|O_DIRECTORY) = 21
2842  openat(AT_FDCWD, "/home/runner/work/_temp/ogvcs-path-trace-workspace/.ogvcs/transactions", O_RDONLY|O_NOFOLLOW|O_CLOEXEC|O_DIRECTORY) = 21
2842  openat(AT_FDCWD, "/home/runner/work/_temp/ogvcs-path-trace-workspace/.ogvcs/rename", O_RDONLY|O_NOFOLLOW|O_CLOEXEC|O_DIRECTORY) = 21
2842  mkdir("/home/runner/work/_temp/ogvcs-path-trace-workspace/.ogvcs-capability-DWYxLa", 0700) = 0
2840  openat(AT_FDCWD, "/home/runner/work/_temp/ogvcs-path-trace-workspace/.ogvcs-capability-DWYxLa/CaseProbe", O_WRONLY|O_CREAT|O_EXCL|O_TRUNC|O_CLOEXEC, 0666) = 21
2840  openat(AT_FDCWD, "/home/runner/work/_temp/ogvcs-path-trace-workspace/.ogvcs-capability-DWYxLa/\303\251", O_WRONLY|O_CREAT|O_EXCL|O_TRUNC|O_CLOEXEC, 0666) = 21
2840  openat(AT_FDCWD, "/home/runner/work/_temp/ogvcs-path-trace-workspace/.ogvcs-capability-DWYxLa/atomic.from", O_WRONLY|O_CREAT|O_EXCL|O_TRUNC|O_CLOEXEC, 0666) = 21
2839  openat(AT_FDCWD, "/home/runner/work/_temp/ogvcs-path-trace-workspace/.ogvcs-capability-DWYxLa/atomic.to", O_WRONLY|O_CREAT|O_EXCL|O_TRUNC|O_CLOEXEC, 0666) = 21
2841  rename("/home/runner/work/_temp/ogvcs-path-trace-workspace/.ogvcs-capability-DWYxLa/atomic.from", "/home/runner/work/_temp/ogvcs-path-trace-workspace/.ogvcs-capability-DWYxLa/atomic.to") = 0
2839  openat(AT_FDCWD, "/home/runner/work/_temp/ogvcs-path-trace-workspace/.ogvcs-capability-DWYxLa/atomic.to", O_RDONLY|O_CLOEXEC) = 21
2839  openat(AT_FDCWD, "/home/runner/work/_temp/ogvcs-path-trace-workspace/.ogvcs-capability-DWYxLa/executable", O_WRONLY|O_CREAT|O_EXCL|O_TRUNC|O_CLOEXEC, 0600) = 21
2840  openat(AT_FDCWD, "/home/runner/work/_temp/ogvcs-path-trace-workspace/.ogvcs-capability-DWYxLa/hardlink.source", O_WRONLY|O_CREAT|O_EXCL|O_TRUNC|O_CLOEXEC, 0666) = 21
2839  link("/home/runner/work/_temp/ogvcs-path-trace-workspace/.ogvcs-capability-DWYxLa/hardlink.source", "/home/runner/work/_temp/ogvcs-path-trace-workspace/.ogvcs-capability-DWYxLa/hardlink.target") = 0
2841  openat(AT_FDCWD, "/home/runner/work/_temp/ogvcs-path-trace-workspace/.ogvcs-capability-DWYxLa/symlink.source", O_WRONLY|O_CREAT|O_EXCL|O_TRUNC|O_CLOEXEC, 0666) = 21
2842  symlink("symlink.source", "/home/runner/work/_temp/ogvcs-path-trace-workspace/.ogvcs-capability-DWYxLa/symlink.target") = 0
2839  openat(AT_FDCWD, "/home/runner/work/_temp/ogvcs-path-trace-workspace/.ogvcs-capability-DWYxLa", O_RDONLY|O_CLOEXEC) = 21
2842  openat(AT_FDCWD, "/home/runner/work/_temp/ogvcs-path-trace-workspace/.ogvcs-capability-DWYxLa", O_RDONLY|O_NONBLOCK|O_CLOEXEC|O_DIRECTORY) = 21
2841  unlink("/home/runner/work/_temp/ogvcs-path-trace-workspace/.ogvcs-capability-DWYxLa/CaseProbe") = 0
2842  unlink("/home/runner/work/_temp/ogvcs-path-trace-workspace/.ogvcs-capability-DWYxLa/executable" <unfinished ...>
2841  unlink("/home/runner/work/_temp/ogvcs-path-trace-workspace/.ogvcs-capability-DWYxLa/atomic.to" <unfinished ...>
2842  <... unlink resumed>)             = 0
2841  <... unlink resumed>)             = 0
2841  unlink("/home/runner/work/_temp/ogvcs-path-trace-workspace/.ogvcs-capability-DWYxLa/hardlink.target") = 0
2839  unlink("/home/runner/work/_temp/ogvcs-path-trace-workspace/.ogvcs-capability-DWYxLa/symlink.source" <unfinished ...>
2842  unlink("/home/runner/work/_temp/ogvcs-path-trace-workspace/.ogvcs-capability-DWYxLa/symlink.target" <unfinished ...>
2840  unlink("/home/runner/work/_temp/ogvcs-path-trace-workspace/.ogvcs-capability-DWYxLa/hardlink.source" <unfinished ...>
2839  <... unlink resumed>)             = 0
2842  <... unlink resumed>)             = 0
2841  unlink("/home/runner/work/_temp/ogvcs-path-trace-workspace/.ogvcs-capability-DWYxLa/\303\251" <unfinished ...>
2840  <... unlink resumed>)             = 0
2841  <... unlink resumed>)             = 0
2840  openat(AT_FDCWD, "/home/runner/work/_temp/ogvcs-path-trace-workspace", O_RDONLY|O_NOFOLLOW|O_CLOEXEC|O_DIRECTORY) = 21
2840  openat(AT_FDCWD, "/home/runner/work/_temp/ogvcs-path-trace-workspace/.ogvcs", O_RDONLY|O_NOFOLLOW|O_CLOEXEC|O_DIRECTORY) = 21
2840  openat(AT_FDCWD, "/home/runner/work/_temp/ogvcs-path-trace-workspace/.ogvcs/transactions", O_RDONLY|O_NOFOLLOW|O_CLOEXEC|O_DIRECTORY) = 21
2840  openat(AT_FDCWD, "/home/runner/work/_temp/ogvcs-path-trace-workspace/.ogvcs/rename", O_RDONLY|O_NOFOLLOW|O_CLOEXEC|O_DIRECTORY) = 21
2840  openat(AT_FDCWD, "/home/runner/work/_temp/ogvcs-path-trace-workspace", O_RDONLY|O_NOFOLLOW|O_CLOEXEC|O_DIRECTORY) = 21
2840  openat(AT_FDCWD, "/home/runner/work/_temp/ogvcs-path-trace-workspace/.ogvcs", O_RDONLY|O_NOFOLLOW|O_CLOEXEC|O_DIRECTORY) = 21
2840  openat(AT_FDCWD, "/home/runner/work/_temp/ogvcs-path-trace-workspace/.ogvcs/transactions", O_RDONLY|O_NOFOLLOW|O_CLOEXEC|O_DIRECTORY) = 21
2840  openat(AT_FDCWD, "/home/runner/work/_temp/ogvcs-path-trace-workspace/.ogvcs/rename", O_RDONLY|O_NOFOLLOW|O_CLOEXEC|O_DIRECTORY) = 21
2840  mkdir("/home/runner/work/_temp/ogvcs-path-trace-workspace/.ogvcs-capability-p45Q1V", 0700) = 0
2839  openat(AT_FDCWD, "/home/runner/work/_temp/ogvcs-path-trace-workspace/.ogvcs-capability-p45Q1V/CaseProbe", O_WRONLY|O_CREAT|O_EXCL|O_TRUNC|O_CLOEXEC, 0666) = 21
2839  openat(AT_FDCWD, "/home/runner/work/_temp/ogvcs-path-trace-workspace/.ogvcs-capability-p45Q1V/\303\251", O_WRONLY|O_CREAT|O_EXCL|O_TRUNC|O_CLOEXEC, 0666) = 21
2839  openat(AT_FDCWD, "/home/runner/work/_temp/ogvcs-path-trace-workspace/.ogvcs-capability-p45Q1V/atomic.from", O_WRONLY|O_CREAT|O_EXCL|O_TRUNC|O_CLOEXEC, 0666) = 21
2842  openat(AT_FDCWD, "/home/runner/work/_temp/ogvcs-path-trace-workspace/.ogvcs-capability-p45Q1V/atomic.to", O_WRONLY|O_CREAT|O_EXCL|O_TRUNC|O_CLOEXEC, 0666) = 21
2841  rename("/home/runner/work/_temp/ogvcs-path-trace-workspace/.ogvcs-capability-p45Q1V/atomic.from", "/home/runner/work/_temp/ogvcs-path-trace-workspace/.ogvcs-capability-p45Q1V/atomic.to") = 0
2842  openat(AT_FDCWD, "/home/runner/work/_temp/ogvcs-path-trace-workspace/.ogvcs-capability-p45Q1V/atomic.to", O_RDONLY|O_CLOEXEC) = 21
2842  openat(AT_FDCWD, "/home/runner/work/_temp/ogvcs-path-trace-workspace/.ogvcs-capability-p45Q1V/executable", O_WRONLY|O_CREAT|O_EXCL|O_TRUNC|O_CLOEXEC, 0600) = 21
2839  openat(AT_FDCWD, "/home/runner/work/_temp/ogvcs-path-trace-workspace/.ogvcs-capability-p45Q1V/hardlink.source", O_WRONLY|O_CREAT|O_EXCL|O_TRUNC|O_CLOEXEC, 0666) = 21
2842  link("/home/runner/work/_temp/ogvcs-path-trace-workspace/.ogvcs-capability-p45Q1V/hardlink.source", "/home/runner/work/_temp/ogvcs-path-trace-workspace/.ogvcs-capability-p45Q1V/hardlink.target") = 0
2841  openat(AT_FDCWD, "/home/runner/work/_temp/ogvcs-path-trace-workspace/.ogvcs-capability-p45Q1V/symlink.source", O_WRONLY|O_CREAT|O_EXCL|O_TRUNC|O_CLOEXEC, 0666) = 21
2840  symlink("symlink.source", "/home/runner/work/_temp/ogvcs-path-trace-workspace/.ogvcs-capability-p45Q1V/symlink.target") = 0
2842  openat(AT_FDCWD, "/home/runner/work/_temp/ogvcs-path-trace-workspace/.ogvcs-capability-p45Q1V", O_RDONLY|O_CLOEXEC) = 21
2840  openat(AT_FDCWD, "/home/runner/work/_temp/ogvcs-path-trace-workspace/.ogvcs-capability-p45Q1V", O_RDONLY|O_NONBLOCK|O_CLOEXEC|O_DIRECTORY) = 21
2842  unlink("/home/runner/work/_temp/ogvcs-path-trace-workspace/.ogvcs-capability-p45Q1V/CaseProbe" <unfinished ...>
2841  unlink("/home/runner/work/_temp/ogvcs-path-trace-workspace/.ogvcs-capability-p45Q1V/atomic.to" <unfinished ...>
2842  <... unlink resumed>)             = 0
2841  <... unlink resumed>)             = 0
2842  unlink("/home/runner/work/_temp/ogvcs-path-trace-workspace/.ogvcs-capability-p45Q1V/hardlink.source" <unfinished ...>
2841  unlink("/home/runner/work/_temp/ogvcs-path-trace-workspace/.ogvcs-capability-p45Q1V/hardlink.target" <unfinished ...>
2842  <... unlink resumed>)             = 0
2841  <... unlink resumed>)             = 0
2840  unlink("/home/runner/work/_temp/ogvcs-path-trace-workspace/.ogvcs-capability-p45Q1V/executable" <unfinished ...>
2842  unlink("/home/runner/work/_temp/ogvcs-path-trace-workspace/.ogvcs-capability-p45Q1V/symlink.target" <unfinished ...>
2841  unlink("/home/runner/work/_temp/ogvcs-path-trace-workspace/.ogvcs-capability-p45Q1V/\303\251" <unfinished ...>
2840  <... unlink resumed>)             = 0
2842  <... unlink resumed>)             = 0
2839  unlink("/home/runner/work/_temp/ogvcs-path-trace-workspace/.ogvcs-capability-p45Q1V/symlink.source" <unfinished ...>
2841  <... unlink resumed>)             = 0
2839  <... unlink resumed>)             = 0
2842  openat(AT_FDCWD, "/home/runner/work/_temp/ogvcs-path-trace-workspace", O_RDONLY|O_NOFOLLOW|O_CLOEXEC|O_DIRECTORY) = 21
2842  openat(AT_FDCWD, "/home/runner/work/_temp/ogvcs-path-trace-workspace/.ogvcs", O_RDONLY|O_NOFOLLOW|O_CLOEXEC|O_DIRECTORY) = 21
2842  openat(AT_FDCWD, "/home/runner/work/_temp/ogvcs-path-trace-workspace/.ogvcs/transactions", O_RDONLY|O_NOFOLLOW|O_CLOEXEC|O_DIRECTORY) = 21
2842  openat(AT_FDCWD, "/home/runner/work/_temp/ogvcs-path-trace-workspace/.ogvcs/rename", O_RDONLY|O_NOFOLLOW|O_CLOEXEC|O_DIRECTORY) = 21
2842  openat(AT_FDCWD, "/home/runner/work/_temp/ogvcs-path-trace-workspace", O_RDONLY|O_NOFOLLOW|O_CLOEXEC|O_DIRECTORY) = 21
2842  openat(AT_FDCWD, "/home/runner/work/_temp/ogvcs-path-trace-workspace/.ogvcs", O_RDONLY|O_NOFOLLOW|O_CLOEXEC|O_DIRECTORY) = 21
2842  openat(AT_FDCWD, "/home/runner/work/_temp/ogvcs-path-trace-workspace/.ogvcs/transactions", O_RDONLY|O_NOFOLLOW|O_CLOEXEC|O_DIRECTORY) = 21
2842  openat(AT_FDCWD, "/home/runner/work/_temp/ogvcs-path-trace-workspace/.ogvcs/rename", O_RDONLY|O_NOFOLLOW|O_CLOEXEC|O_DIRECTORY) = 21
2841  openat(AT_FDCWD, "/home/runner/work/_temp/ogvcs-path-trace-workspace/Race/target", O_RDONLY|O_NOFOLLOW|O_CLOEXEC) = 21
2840  openat(AT_FDCWD, "/home/runner/work/_temp/ogvcs-path-trace-workspace/.ogvcs/transactions/632a108115224236987bcf535cd82663.json.fec6bf04751e4ea3aac300b132f50aa0.tmp", O_WRONLY|O_CREAT|O_EXCL|O_CLOEXEC, 0600) = 21
2840  rename("/home/runner/work/_temp/ogvcs-path-trace-workspace/.ogvcs/transactions/632a108115224236987bcf535cd82663.json.fec6bf04751e4ea3aac300b132f50aa0.tmp", "/home/runner/work/_temp/ogvcs-path-trace-workspace/.ogvcs/transactions/632a108115224236987bcf535cd82663.json") = 0
2839  openat(AT_FDCWD, "/home/runner/work/_temp/ogvcs-path-trace-workspace/.ogvcs/transactions", O_RDONLY|O_NOFOLLOW|O_CLOEXEC|O_DIRECTORY) = 21
2842  openat(AT_FDCWD, "/home/runner/work/_temp/ogvcs-path-trace-workspace", O_RDONLY|O_NOFOLLOW|O_CLOEXEC|O_DIRECTORY) = 21
2842  openat(AT_FDCWD, "/home/runner/work/_temp/ogvcs-path-trace-workspace/.ogvcs", O_RDONLY|O_NOFOLLOW|O_CLOEXEC|O_DIRECTORY) = 21
2842  openat(AT_FDCWD, "/home/runner/work/_temp/ogvcs-path-trace-workspace/.ogvcs/transactions", O_RDONLY|O_NOFOLLOW|O_CLOEXEC|O_DIRECTORY) = 21
2842  openat(AT_FDCWD, "/home/runner/work/_temp/ogvcs-path-trace-workspace/.ogvcs/rename", O_RDONLY|O_NOFOLLOW|O_CLOEXEC|O_DIRECTORY) = 21
2839  openat(AT_FDCWD, "/home/runner/work/_temp/ogvcs-path-trace-workspace/.ogvcs/transactions/632a108115224236987bcf535cd82663.stage", O_WRONLY|O_CREAT|O_EXCL|O_CLOEXEC, 0600) = 21
2842  openat(AT_FDCWD, "/home/runner/work/_temp/ogvcs-path-trace-workspace", O_RDONLY|O_NOFOLLOW|O_CLOEXEC|O_DIRECTORY) = 21
2842  openat(AT_FDCWD, "/home/runner/work/_temp/ogvcs-path-trace-workspace/.ogvcs", O_RDONLY|O_NOFOLLOW|O_CLOEXEC|O_DIRECTORY) = 21
2842  openat(AT_FDCWD, "/home/runner/work/_temp/ogvcs-path-trace-workspace/.ogvcs/transactions", O_RDONLY|O_NOFOLLOW|O_CLOEXEC|O_DIRECTORY) = 21
2842  openat(AT_FDCWD, "/home/runner/work/_temp/ogvcs-path-trace-workspace/.ogvcs/rename", O_RDONLY|O_NOFOLLOW|O_CLOEXEC|O_DIRECTORY) = 21
2842  openat(AT_FDCWD, "/home/runner/work/_temp/ogvcs-path-trace-workspace/.ogvcs/transactions/632a108115224236987bcf535cd82663.stage", O_RDONLY|O_NOFOLLOW|O_CLOEXEC) = 21
2841  openat(AT_FDCWD, "/home/runner/work/_temp/ogvcs-path-trace-workspace/.ogvcs/transactions/632a108115224236987bcf535cd82663.json.27a45aecd974495ab71eb454c4c4d413.tmp", O_WRONLY|O_CREAT|O_EXCL|O_CLOEXEC, 0600) = 21
2841  rename("/home/runner/work/_temp/ogvcs-path-trace-workspace/.ogvcs/transactions/632a108115224236987bcf535cd82663.json.27a45aecd974495ab71eb454c4c4d413.tmp", "/home/runner/work/_temp/ogvcs-path-trace-workspace/.ogvcs/transactions/632a108115224236987bcf535cd82663.json") = 0
2840  openat(AT_FDCWD, "/home/runner/work/_temp/ogvcs-path-trace-workspace/.ogvcs/transactions", O_RDONLY|O_NOFOLLOW|O_CLOEXEC|O_DIRECTORY) = 21
2839  openat(AT_FDCWD, "/home/runner/work/_temp/ogvcs-path-trace-workspace", O_RDONLY|O_NOFOLLOW|O_CLOEXEC|O_DIRECTORY) = 21
2839  openat(AT_FDCWD, "/home/runner/work/_temp/ogvcs-path-trace-workspace/.ogvcs", O_RDONLY|O_NOFOLLOW|O_CLOEXEC|O_DIRECTORY) = 21
2839  openat(AT_FDCWD, "/home/runner/work/_temp/ogvcs-path-trace-workspace/.ogvcs/transactions", O_RDONLY|O_NOFOLLOW|O_CLOEXEC|O_DIRECTORY) = 21
2839  openat(AT_FDCWD, "/home/runner/work/_temp/ogvcs-path-trace-workspace/.ogvcs/rename", O_RDONLY|O_NOFOLLOW|O_CLOEXEC|O_DIRECTORY) = 21
2839  openat(AT_FDCWD, "/home/runner/work/_temp/ogvcs-path-trace-workspace/Race", O_RDONLY|O_NOFOLLOW|O_CLOEXEC|O_DIRECTORY) = 21
2842  openat(AT_FDCWD, "/home/runner/work/_temp/ogvcs-path-trace-workspace/Race/target", O_RDONLY|O_NOFOLLOW|O_CLOEXEC) = 21
2841  openat(AT_FDCWD, "/home/runner/work/_temp/ogvcs-path-trace-workspace/Race/target", O_WRONLY|O_CREAT|O_TRUNC|O_CLOEXEC, 0666) = 21
2841  openat(AT_FDCWD, "/home/runner/work/_temp/ogvcs-path-trace-workspace", O_RDONLY|O_NOFOLLOW|O_CLOEXEC|O_DIRECTORY) = 21
2841  openat(AT_FDCWD, "/home/runner/work/_temp/ogvcs-path-trace-workspace/.ogvcs", O_RDONLY|O_NOFOLLOW|O_CLOEXEC|O_DIRECTORY) = 21
2841  openat(AT_FDCWD, "/home/runner/work/_temp/ogvcs-path-trace-workspace/.ogvcs/transactions", O_RDONLY|O_NOFOLLOW|O_CLOEXEC|O_DIRECTORY) = 21
2841  openat(AT_FDCWD, "/home/runner/work/_temp/ogvcs-path-trace-workspace/.ogvcs/rename", O_RDONLY|O_NOFOLLOW|O_CLOEXEC|O_DIRECTORY) = 21
2841  openat(AT_FDCWD, "/home/runner/work/_temp/ogvcs-path-trace-workspace/Race", O_RDONLY|O_NOFOLLOW|O_CLOEXEC|O_DIRECTORY) = 21
2840  openat(AT_FDCWD, "/home/runner/work/_temp/ogvcs-path-trace-workspace/Race/target", O_RDONLY|O_NOFOLLOW|O_CLOEXEC) = 21
2842  openat(AT_FDCWD, "/home/runner/work/_temp/ogvcs-path-trace-workspace", O_RDONLY|O_NOFOLLOW|O_CLOEXEC|O_DIRECTORY) = 21
2842  openat(AT_FDCWD, "/home/runner/work/_temp/ogvcs-path-trace-workspace/.ogvcs", O_RDONLY|O_NOFOLLOW|O_CLOEXEC|O_DIRECTORY) = 21
2842  openat(AT_FDCWD, "/home/runner/work/_temp/ogvcs-path-trace-workspace/.ogvcs/transactions", O_RDONLY|O_NOFOLLOW|O_CLOEXEC|O_DIRECTORY) = 21
2842  openat(AT_FDCWD, "/home/runner/work/_temp/ogvcs-path-trace-workspace/.ogvcs/rename", O_RDONLY|O_NOFOLLOW|O_CLOEXEC|O_DIRECTORY) = 21
2842  mkdir("/home/runner/work/_temp/ogvcs-path-trace-workspace/.ogvcs-capability-7sT79c", 0700) = 0
2839  openat(AT_FDCWD, "/home/runner/work/_temp/ogvcs-path-trace-workspace/.ogvcs-capability-7sT79c/CaseProbe", O_WRONLY|O_CREAT|O_EXCL|O_TRUNC|O_CLOEXEC, 0666) = 21
2839  openat(AT_FDCWD, "/home/runner/work/_temp/ogvcs-path-trace-workspace/.ogvcs-capability-7sT79c/\303\251", O_WRONLY|O_CREAT|O_EXCL|O_TRUNC|O_CLOEXEC, 0666) = 21
2839  openat(AT_FDCWD, "/home/runner/work/_temp/ogvcs-path-trace-workspace/.ogvcs-capability-7sT79c/atomic.from", O_WRONLY|O_CREAT|O_EXCL|O_TRUNC|O_CLOEXEC, 0666) = 21
2840  openat(AT_FDCWD, "/home/runner/work/_temp/ogvcs-path-trace-workspace/.ogvcs-capability-7sT79c/atomic.to", O_WRONLY|O_CREAT|O_EXCL|O_TRUNC|O_CLOEXEC, 0666) = 21
2841  rename("/home/runner/work/_temp/ogvcs-path-trace-workspace/.ogvcs-capability-7sT79c/atomic.from", "/home/runner/work/_temp/ogvcs-path-trace-workspace/.ogvcs-capability-7sT79c/atomic.to") = 0
2840  openat(AT_FDCWD, "/home/runner/work/_temp/ogvcs-path-trace-workspace/.ogvcs-capability-7sT79c/atomic.to", O_RDONLY|O_CLOEXEC) = 21
2840  openat(AT_FDCWD, "/home/runner/work/_temp/ogvcs-path-trace-workspace/.ogvcs-capability-7sT79c/executable", O_WRONLY|O_CREAT|O_EXCL|O_TRUNC|O_CLOEXEC, 0600) = 21
2839  openat(AT_FDCWD, "/home/runner/work/_temp/ogvcs-path-trace-workspace/.ogvcs-capability-7sT79c/hardlink.source", O_WRONLY|O_CREAT|O_EXCL|O_TRUNC|O_CLOEXEC, 0666) = 21
2840  link("/home/runner/work/_temp/ogvcs-path-trace-workspace/.ogvcs-capability-7sT79c/hardlink.source", "/home/runner/work/_temp/ogvcs-path-trace-workspace/.ogvcs-capability-7sT79c/hardlink.target") = 0
2841  openat(AT_FDCWD, "/home/runner/work/_temp/ogvcs-path-trace-workspace/.ogvcs-capability-7sT79c/symlink.source", O_WRONLY|O_CREAT|O_EXCL|O_TRUNC|O_CLOEXEC, 0666) = 21
2842  symlink("symlink.source", "/home/runner/work/_temp/ogvcs-path-trace-workspace/.ogvcs-capability-7sT79c/symlink.target") = 0
2840  openat(AT_FDCWD, "/home/runner/work/_temp/ogvcs-path-trace-workspace/.ogvcs-capability-7sT79c", O_RDONLY|O_CLOEXEC) = 21
2842  openat(AT_FDCWD, "/home/runner/work/_temp/ogvcs-path-trace-workspace/.ogvcs-capability-7sT79c", O_RDONLY|O_NONBLOCK|O_CLOEXEC|O_DIRECTORY) = 21
2840  unlink("/home/runner/work/_temp/ogvcs-path-trace-workspace/.ogvcs-capability-7sT79c/CaseProbe") = 0
2839  unlink("/home/runner/work/_temp/ogvcs-path-trace-workspace/.ogvcs-capability-7sT79c/executable") = 0
2842  unlink("/home/runner/work/_temp/ogvcs-path-trace-workspace/.ogvcs-capability-7sT79c/hardlink.source" <unfinished ...>
2840  unlink("/home/runner/work/_temp/ogvcs-path-trace-workspace/.ogvcs-capability-7sT79c/atomic.to" <unfinished ...>
2842  <... unlink resumed>)             = 0
2842  unlink("/home/runner/work/_temp/ogvcs-path-trace-workspace/.ogvcs-capability-7sT79c/symlink.source" <unfinished ...>
2840  <... unlink resumed>)             = 0
2840  unlink("/home/runner/work/_temp/ogvcs-path-trace-workspace/.ogvcs-capability-7sT79c/hardlink.target" <unfinished ...>
2842  <... unlink resumed>)             = 0
2839  unlink("/home/runner/work/_temp/ogvcs-path-trace-workspace/.ogvcs-capability-7sT79c/symlink.target" <unfinished ...>
2840  <... unlink resumed>)             = 0
2839  <... unlink resumed>)             = 0
2842  unlink("/home/runner/work/_temp/ogvcs-path-trace-workspace/.ogvcs-capability-7sT79c/\303\251") = 0
2839  openat(AT_FDCWD, "/home/runner/work/_temp/ogvcs-path-trace-workspace", O_RDONLY|O_NOFOLLOW|O_CLOEXEC|O_DIRECTORY) = 21
2839  openat(AT_FDCWD, "/home/runner/work/_temp/ogvcs-path-trace-workspace/.ogvcs", O_RDONLY|O_NOFOLLOW|O_CLOEXEC|O_DIRECTORY) = 21
2839  openat(AT_FDCWD, "/home/runner/work/_temp/ogvcs-path-trace-workspace/.ogvcs/transactions", O_RDONLY|O_NOFOLLOW|O_CLOEXEC|O_DIRECTORY) = 21
2839  openat(AT_FDCWD, "/home/runner/work/_temp/ogvcs-path-trace-workspace/.ogvcs/rename", O_RDONLY|O_NOFOLLOW|O_CLOEXEC|O_DIRECTORY) = 21
2839  openat(AT_FDCWD, "/home/runner/work/_temp/ogvcs-path-trace-workspace", O_RDONLY|O_NOFOLLOW|O_CLOEXEC|O_DIRECTORY) = 21
2839  openat(AT_FDCWD, "/home/runner/work/_temp/ogvcs-path-trace-workspace/.ogvcs", O_RDONLY|O_NOFOLLOW|O_CLOEXEC|O_DIRECTORY) = 21
2839  openat(AT_FDCWD, "/home/runner/work/_temp/ogvcs-path-trace-workspace/.ogvcs/transactions", O_RDONLY|O_NOFOLLOW|O_CLOEXEC|O_DIRECTORY) = 21
2839  openat(AT_FDCWD, "/home/runner/work/_temp/ogvcs-path-trace-workspace/.ogvcs/rename", O_RDONLY|O_NOFOLLOW|O_CLOEXEC|O_DIRECTORY) = 21
2839  mkdir("/home/runner/work/_temp/ogvcs-path-trace-workspace/.ogvcs-capability-mG1Pkx", 0700) = 0
2840  openat(AT_FDCWD, "/home/runner/work/_temp/ogvcs-path-trace-workspace/.ogvcs-capability-mG1Pkx/CaseProbe", O_WRONLY|O_CREAT|O_EXCL|O_TRUNC|O_CLOEXEC, 0666) = 21
2840  openat(AT_FDCWD, "/home/runner/work/_temp/ogvcs-path-trace-workspace/.ogvcs-capability-mG1Pkx/\303\251", O_WRONLY|O_CREAT|O_EXCL|O_TRUNC|O_CLOEXEC, 0666) = 21
2840  openat(AT_FDCWD, "/home/runner/work/_temp/ogvcs-path-trace-workspace/.ogvcs-capability-mG1Pkx/atomic.from", O_WRONLY|O_CREAT|O_EXCL|O_TRUNC|O_CLOEXEC, 0666) = 21
2841  openat(AT_FDCWD, "/home/runner/work/_temp/ogvcs-path-trace-workspace/.ogvcs-capability-mG1Pkx/atomic.to", O_WRONLY|O_CREAT|O_EXCL|O_TRUNC|O_CLOEXEC, 0666) = 21
2842  rename("/home/runner/work/_temp/ogvcs-path-trace-workspace/.ogvcs-capability-mG1Pkx/atomic.from", "/home/runner/work/_temp/ogvcs-path-trace-workspace/.ogvcs-capability-mG1Pkx/atomic.to") = 0
2841  openat(AT_FDCWD, "/home/runner/work/_temp/ogvcs-path-trace-workspace/.ogvcs-capability-mG1Pkx/atomic.to", O_RDONLY|O_CLOEXEC) = 21
2841  openat(AT_FDCWD, "/home/runner/work/_temp/ogvcs-path-trace-workspace/.ogvcs-capability-mG1Pkx/executable", O_WRONLY|O_CREAT|O_EXCL|O_TRUNC|O_CLOEXEC, 0600) = 21
2840  openat(AT_FDCWD, "/home/runner/work/_temp/ogvcs-path-trace-workspace/.ogvcs-capability-mG1Pkx/hardlink.source", O_WRONLY|O_CREAT|O_EXCL|O_TRUNC|O_CLOEXEC, 0666) = 21
2841  link("/home/runner/work/_temp/ogvcs-path-trace-workspace/.ogvcs-capability-mG1Pkx/hardlink.source", "/home/runner/work/_temp/ogvcs-path-trace-workspace/.ogvcs-capability-mG1Pkx/hardlink.target") = 0
2842  openat(AT_FDCWD, "/home/runner/work/_temp/ogvcs-path-trace-workspace/.ogvcs-capability-mG1Pkx/symlink.source", O_WRONLY|O_CREAT|O_EXCL|O_TRUNC|O_CLOEXEC, 0666) = 21
2839  symlink("symlink.source", "/home/runner/work/_temp/ogvcs-path-trace-workspace/.ogvcs-capability-mG1Pkx/symlink.target") = 0
2841  openat(AT_FDCWD, "/home/runner/work/_temp/ogvcs-path-trace-workspace/.ogvcs-capability-mG1Pkx", O_RDONLY|O_CLOEXEC) = 21
2839  openat(AT_FDCWD, "/home/runner/work/_temp/ogvcs-path-trace-workspace/.ogvcs-capability-mG1Pkx", O_RDONLY|O_NONBLOCK|O_CLOEXEC|O_DIRECTORY) = 21
2839  openat(AT_FDCWD, "/sys/devices/system/cpu/online", O_RDONLY|O_CLOEXEC) = 22
2842  unlink("/home/runner/work/_temp/ogvcs-path-trace-workspace/.ogvcs-capability-mG1Pkx/CaseProbe" <unfinished ...>
2839  unlink("/home/runner/work/_temp/ogvcs-path-trace-workspace/.ogvcs-capability-mG1Pkx/atomic.to" <unfinished ...>
2842  <... unlink resumed>)             = 0
2842  unlink("/home/runner/work/_temp/ogvcs-path-trace-workspace/.ogvcs-capability-mG1Pkx/executable" <unfinished ...>
2839  <... unlink resumed>)             = 0
2842  <... unlink resumed>)             = 0
2841  unlink("/home/runner/work/_temp/ogvcs-path-trace-workspace/.ogvcs-capability-mG1Pkx/hardlink.source") = 0
2841  unlink("/home/runner/work/_temp/ogvcs-path-trace-workspace/.ogvcs-capability-mG1Pkx/hardlink.target") = 0
2842  unlink("/home/runner/work/_temp/ogvcs-path-trace-workspace/.ogvcs-capability-mG1Pkx/symlink.source") = 0
2842  unlink("/home/runner/work/_temp/ogvcs-path-trace-workspace/.ogvcs-capability-mG1Pkx/symlink.target") = 0
2839  unlink("/home/runner/work/_temp/ogvcs-path-trace-workspace/.ogvcs-capability-mG1Pkx/\303\251") = 0
2840  openat(AT_FDCWD, "/home/runner/work/_temp/ogvcs-path-trace-workspace", O_RDONLY|O_NOFOLLOW|O_CLOEXEC|O_DIRECTORY) = 21
2840  openat(AT_FDCWD, "/home/runner/work/_temp/ogvcs-path-trace-workspace/.ogvcs", O_RDONLY|O_NOFOLLOW|O_CLOEXEC|O_DIRECTORY) = 21
2840  openat(AT_FDCWD, "/home/runner/work/_temp/ogvcs-path-trace-workspace/.ogvcs/transactions", O_RDONLY|O_NOFOLLOW|O_CLOEXEC|O_DIRECTORY) = 21
2840  openat(AT_FDCWD, "/home/runner/work/_temp/ogvcs-path-trace-workspace/.ogvcs/rename", O_RDONLY|O_NOFOLLOW|O_CLOEXEC|O_DIRECTORY) = 21
2840  openat(AT_FDCWD, "/home/runner/work/_temp/ogvcs-path-trace-workspace", O_RDONLY|O_NOFOLLOW|O_CLOEXEC|O_DIRECTORY) = 21
2840  openat(AT_FDCWD, "/home/runner/work/_temp/ogvcs-path-trace-workspace/.ogvcs", O_RDONLY|O_NOFOLLOW|O_CLOEXEC|O_DIRECTORY) = 21
2840  openat(AT_FDCWD, "/home/runner/work/_temp/ogvcs-path-trace-workspace/.ogvcs/transactions", O_RDONLY|O_NOFOLLOW|O_CLOEXEC|O_DIRECTORY) = 21
2840  openat(AT_FDCWD, "/home/runner/work/_temp/ogvcs-path-trace-workspace/.ogvcs/rename", O_RDONLY|O_NOFOLLOW|O_CLOEXEC|O_DIRECTORY) = 21
2840  mkdir("/home/runner/work/_temp/ogvcs-path-trace-workspace/Ancestor", 0700) = 0
2842  openat(AT_FDCWD, "/home/runner/work/_temp/ogvcs-path-trace-workspace/Ancestor", O_RDONLY|O_NOFOLLOW|O_CLOEXEC|O_DIRECTORY) = 21
2841  openat(AT_FDCWD, "/home/runner/work/_temp/ogvcs-path-trace-workspace", O_RDONLY|O_NOFOLLOW|O_CLOEXEC|O_DIRECTORY) = 21
2842  openat(AT_FDCWD, "/home/runner/work/_temp/ogvcs-path-trace-workspace/Ancestor", O_RDONLY|O_NOFOLLOW|O_CLOEXEC|O_DIRECTORY) = 21
2840  openat(AT_FDCWD, "/home/runner/work/_temp/ogvcs-path-trace-workspace/.ogvcs/transactions/cdae4a40bbfe4226b7b4d09b6beac72d.json.6a600e88e96a4b9bbd8f4fd0c451c92f.tmp", O_WRONLY|O_CREAT|O_EXCL|O_CLOEXEC, 0600) = 21
2840  rename("/home/runner/work/_temp/ogvcs-path-trace-workspace/.ogvcs/transactions/cdae4a40bbfe4226b7b4d09b6beac72d.json.6a600e88e96a4b9bbd8f4fd0c451c92f.tmp", "/home/runner/work/_temp/ogvcs-path-trace-workspace/.ogvcs/transactions/cdae4a40bbfe4226b7b4d09b6beac72d.json") = 0
2839  openat(AT_FDCWD, "/home/runner/work/_temp/ogvcs-path-trace-workspace/.ogvcs/transactions", O_RDONLY|O_NOFOLLOW|O_CLOEXEC|O_DIRECTORY) = 21
2841  openat(AT_FDCWD, "/home/runner/work/_temp/ogvcs-path-trace-workspace", O_RDONLY|O_NOFOLLOW|O_CLOEXEC|O_DIRECTORY) = 21
2841  openat(AT_FDCWD, "/home/runner/work/_temp/ogvcs-path-trace-workspace/.ogvcs", O_RDONLY|O_NOFOLLOW|O_CLOEXEC|O_DIRECTORY) = 21
2841  openat(AT_FDCWD, "/home/runner/work/_temp/ogvcs-path-trace-workspace/.ogvcs/transactions", O_RDONLY|O_NOFOLLOW|O_CLOEXEC|O_DIRECTORY) = 21
2841  openat(AT_FDCWD, "/home/runner/work/_temp/ogvcs-path-trace-workspace/.ogvcs/rename", O_RDONLY|O_NOFOLLOW|O_CLOEXEC|O_DIRECTORY) = 21
2839  openat(AT_FDCWD, "/home/runner/work/_temp/ogvcs-path-trace-workspace/.ogvcs/transactions/cdae4a40bbfe4226b7b4d09b6beac72d.stage", O_WRONLY|O_CREAT|O_EXCL|O_CLOEXEC, 0600) = 21
2841  openat(AT_FDCWD, "/home/runner/work/_temp/ogvcs-path-trace-workspace", O_RDONLY|O_NOFOLLOW|O_CLOEXEC|O_DIRECTORY) = 21
2841  openat(AT_FDCWD, "/home/runner/work/_temp/ogvcs-path-trace-workspace/.ogvcs", O_RDONLY|O_NOFOLLOW|O_CLOEXEC|O_DIRECTORY) = 21
2841  openat(AT_FDCWD, "/home/runner/work/_temp/ogvcs-path-trace-workspace/.ogvcs/transactions", O_RDONLY|O_NOFOLLOW|O_CLOEXEC|O_DIRECTORY) = 21
2841  openat(AT_FDCWD, "/home/runner/work/_temp/ogvcs-path-trace-workspace/.ogvcs/rename", O_RDONLY|O_NOFOLLOW|O_CLOEXEC|O_DIRECTORY) = 21
2841  openat(AT_FDCWD, "/home/runner/work/_temp/ogvcs-path-trace-workspace/.ogvcs/transactions/cdae4a40bbfe4226b7b4d09b6beac72d.stage", O_RDONLY|O_NOFOLLOW|O_CLOEXEC) = 21
2842  openat(AT_FDCWD, "/home/runner/work/_temp/ogvcs-path-trace-workspace/.ogvcs/transactions/cdae4a40bbfe4226b7b4d09b6beac72d.json.66cc6bbfbd6741288c71c3ccab0ff8a9.tmp", O_WRONLY|O_CREAT|O_EXCL|O_CLOEXEC, 0600) = 21
2842  rename("/home/runner/work/_temp/ogvcs-path-trace-workspace/.ogvcs/transactions/cdae4a40bbfe4226b7b4d09b6beac72d.json.66cc6bbfbd6741288c71c3ccab0ff8a9.tmp", "/home/runner/work/_temp/ogvcs-path-trace-workspace/.ogvcs/transactions/cdae4a40bbfe4226b7b4d09b6beac72d.json") = 0
2840  openat(AT_FDCWD, "/home/runner/work/_temp/ogvcs-path-trace-workspace/.ogvcs/transactions", O_RDONLY|O_NOFOLLOW|O_CLOEXEC|O_DIRECTORY) = 21
2839  openat(AT_FDCWD, "/home/runner/work/_temp/ogvcs-path-trace-workspace", O_RDONLY|O_NOFOLLOW|O_CLOEXEC|O_DIRECTORY) = 21
2839  openat(AT_FDCWD, "/home/runner/work/_temp/ogvcs-path-trace-workspace/.ogvcs", O_RDONLY|O_NOFOLLOW|O_CLOEXEC|O_DIRECTORY) = 21
2839  openat(AT_FDCWD, "/home/runner/work/_temp/ogvcs-path-trace-workspace/.ogvcs/transactions", O_RDONLY|O_NOFOLLOW|O_CLOEXEC|O_DIRECTORY) = 21
2839  openat(AT_FDCWD, "/home/runner/work/_temp/ogvcs-path-trace-workspace/.ogvcs/rename", O_RDONLY|O_NOFOLLOW|O_CLOEXEC|O_DIRECTORY) = 21
2839  openat(AT_FDCWD, "/home/runner/work/_temp/ogvcs-path-trace-workspace/Ancestor", O_RDONLY|O_NOFOLLOW|O_CLOEXEC|O_DIRECTORY) = 21
2842  openat(AT_FDCWD, "/home/runner/work/_temp/ogvcs-path-trace-workspace", O_RDONLY|O_NOFOLLOW|O_CLOEXEC|O_DIRECTORY) = 21
2842  openat(AT_FDCWD, "/home/runner/work/_temp/ogvcs-path-trace-workspace/.ogvcs", O_RDONLY|O_NOFOLLOW|O_CLOEXEC|O_DIRECTORY) = 21
2842  openat(AT_FDCWD, "/home/runner/work/_temp/ogvcs-path-trace-workspace/.ogvcs/transactions", O_RDONLY|O_NOFOLLOW|O_CLOEXEC|O_DIRECTORY) = 21
2842  openat(AT_FDCWD, "/home/runner/work/_temp/ogvcs-path-trace-workspace/.ogvcs/rename", O_RDONLY|O_NOFOLLOW|O_CLOEXEC|O_DIRECTORY) = 21
2842  openat(AT_FDCWD, "/home/runner/work/_temp/ogvcs-path-trace-workspace/Ancestor", O_RDONLY|O_NOFOLLOW|O_CLOEXEC|O_DIRECTORY) = 21
2839  openat(AT_FDCWD, "/home/runner/work/_temp/ogvcs-path-trace-workspace/.ogvcs/transactions/cdae4a40bbfe4226b7b4d09b6beac72d.stage", O_RDONLY|O_NOFOLLOW|O_CLOEXEC) = 21
2841  rename("/home/runner/work/_temp/ogvcs-path-trace-workspace/.ogvcs/transactions/cdae4a40bbfe4226b7b4d09b6beac72d.stage", "/home/runner/work/_temp/ogvcs-path-trace-workspace/Ancestor/target") = 0
2842  openat(AT_FDCWD, "/home/runner/work/_temp/ogvcs-path-trace-workspace/Ancestor", O_RDONLY|O_NOFOLLOW|O_CLOEXEC|O_DIRECTORY) = 21
2840  openat(AT_FDCWD, "/home/runner/work/_temp/ogvcs-path-trace-workspace/Ancestor/target", O_RDONLY|O_NOFOLLOW|O_CLOEXEC) = 21
2841  openat(AT_FDCWD, "/home/runner/work/_temp/ogvcs-path-trace-workspace", O_RDONLY|O_NOFOLLOW|O_CLOEXEC|O_DIRECTORY) = 21
2841  openat(AT_FDCWD, "/home/runner/work/_temp/ogvcs-path-trace-workspace/.ogvcs", O_RDONLY|O_NOFOLLOW|O_CLOEXEC|O_DIRECTORY) = 21
2841  openat(AT_FDCWD, "/home/runner/work/_temp/ogvcs-path-trace-workspace/.ogvcs/transactions", O_RDONLY|O_NOFOLLOW|O_CLOEXEC|O_DIRECTORY) = 21
2841  openat(AT_FDCWD, "/home/runner/work/_temp/ogvcs-path-trace-workspace/.ogvcs/rename", O_RDONLY|O_NOFOLLOW|O_CLOEXEC|O_DIRECTORY) = 21
2839  openat(AT_FDCWD, "/home/runner/work/_temp/ogvcs-path-trace-workspace/.ogvcs/transactions/cdae4a40bbfe4226b7b4d09b6beac72d.json.21692654455e45d89883cafa062e9a6a.tmp", O_WRONLY|O_CREAT|O_EXCL|O_CLOEXEC, 0600) = 21
2839  rename("/home/runner/work/_temp/ogvcs-path-trace-workspace/.ogvcs/transactions/cdae4a40bbfe4226b7b4d09b6beac72d.json.21692654455e45d89883cafa062e9a6a.tmp", "/home/runner/work/_temp/ogvcs-path-trace-workspace/.ogvcs/transactions/cdae4a40bbfe4226b7b4d09b6beac72d.json") = 0
2841  openat(AT_FDCWD, "/home/runner/work/_temp/ogvcs-path-trace-workspace/.ogvcs/transactions", O_RDONLY|O_NOFOLLOW|O_CLOEXEC|O_DIRECTORY) = 21
2842  openat(AT_FDCWD, "/home/runner/work/_temp/ogvcs-path-trace-workspace", O_RDONLY|O_NOFOLLOW|O_CLOEXEC|O_DIRECTORY) = 21
2842  openat(AT_FDCWD, "/home/runner/work/_temp/ogvcs-path-trace-workspace/.ogvcs", O_RDONLY|O_NOFOLLOW|O_CLOEXEC|O_DIRECTORY) = 21
2842  openat(AT_FDCWD, "/home/runner/work/_temp/ogvcs-path-trace-workspace/.ogvcs/transactions", O_RDONLY|O_NOFOLLOW|O_CLOEXEC|O_DIRECTORY) = 21
2842  openat(AT_FDCWD, "/home/runner/work/_temp/ogvcs-path-trace-workspace/.ogvcs/rename", O_RDONLY|O_NOFOLLOW|O_CLOEXEC|O_DIRECTORY) = 21
2840  unlink("/home/runner/work/_temp/ogvcs-path-trace-workspace/.ogvcs/transactions/cdae4a40bbfe4226b7b4d09b6beac72d.json") = 0
2839  openat(AT_FDCWD, "/home/runner/work/_temp/ogvcs-path-trace-workspace/.ogvcs/transactions", O_RDONLY|O_NOFOLLOW|O_CLOEXEC|O_DIRECTORY) = 21
2841  openat(AT_FDCWD, "/home/runner/work/_temp/ogvcs-path-trace-workspace", O_RDONLY|O_NOFOLLOW|O_CLOEXEC|O_DIRECTORY) = 21
2841  openat(AT_FDCWD, "/home/runner/work/_temp/ogvcs-path-trace-workspace/.ogvcs", O_RDONLY|O_NOFOLLOW|O_CLOEXEC|O_DIRECTORY) = 21
2841  openat(AT_FDCWD, "/home/runner/work/_temp/ogvcs-path-trace-workspace/.ogvcs/transactions", O_RDONLY|O_NOFOLLOW|O_CLOEXEC|O_DIRECTORY) = 21
2841  openat(AT_FDCWD, "/home/runner/work/_temp/ogvcs-path-trace-workspace/.ogvcs/rename", O_RDONLY|O_NOFOLLOW|O_CLOEXEC|O_DIRECTORY) = 21
2841  mkdir("/home/runner/work/_temp/ogvcs-path-trace-workspace/.ogvcs-capability-rGIPom", 0700) = 0
2839  openat(AT_FDCWD, "/home/runner/work/_temp/ogvcs-path-trace-workspace/.ogvcs-capability-rGIPom/CaseProbe", O_WRONLY|O_CREAT|O_EXCL|O_TRUNC|O_CLOEXEC, 0666) = 21
2839  openat(AT_FDCWD, "/home/runner/work/_temp/ogvcs-path-trace-workspace/.ogvcs-capability-rGIPom/\303\251", O_WRONLY|O_CREAT|O_EXCL|O_TRUNC|O_CLOEXEC, 0666) = 21
2839  openat(AT_FDCWD, "/home/runner/work/_temp/ogvcs-path-trace-workspace/.ogvcs-capability-rGIPom/atomic.from", O_WRONLY|O_CREAT|O_EXCL|O_TRUNC|O_CLOEXEC, 0666) = 21
2840  openat(AT_FDCWD, "/home/runner/work/_temp/ogvcs-path-trace-workspace/.ogvcs-capability-rGIPom/atomic.to", O_WRONLY|O_CREAT|O_EXCL|O_TRUNC|O_CLOEXEC, 0666) = 21
2842  rename("/home/runner/work/_temp/ogvcs-path-trace-workspace/.ogvcs-capability-rGIPom/atomic.from", "/home/runner/work/_temp/ogvcs-path-trace-workspace/.ogvcs-capability-rGIPom/atomic.to") = 0
2840  openat(AT_FDCWD, "/home/runner/work/_temp/ogvcs-path-trace-workspace/.ogvcs-capability-rGIPom/atomic.to", O_RDONLY|O_CLOEXEC) = 21
2840  openat(AT_FDCWD, "/home/runner/work/_temp/ogvcs-path-trace-workspace/.ogvcs-capability-rGIPom/executable", O_WRONLY|O_CREAT|O_EXCL|O_TRUNC|O_CLOEXEC, 0600) = 21
2839  openat(AT_FDCWD, "/home/runner/work/_temp/ogvcs-path-trace-workspace/.ogvcs-capability-rGIPom/hardlink.source", O_WRONLY|O_CREAT|O_EXCL|O_TRUNC|O_CLOEXEC, 0666) = 21
2840  link("/home/runner/work/_temp/ogvcs-path-trace-workspace/.ogvcs-capability-rGIPom/hardlink.source", "/home/runner/work/_temp/ogvcs-path-trace-workspace/.ogvcs-capability-rGIPom/hardlink.target") = 0
2842  openat(AT_FDCWD, "/home/runner/work/_temp/ogvcs-path-trace-workspace/.ogvcs-capability-rGIPom/symlink.source", O_WRONLY|O_CREAT|O_EXCL|O_TRUNC|O_CLOEXEC, 0666) = 21
2841  symlink("symlink.source", "/home/runner/work/_temp/ogvcs-path-trace-workspace/.ogvcs-capability-rGIPom/symlink.target") = 0
2840  openat(AT_FDCWD, "/home/runner/work/_temp/ogvcs-path-trace-workspace/.ogvcs-capability-rGIPom", O_RDONLY|O_CLOEXEC) = 21
2839  openat(AT_FDCWD, "/home/runner/work/_temp/ogvcs-path-trace-workspace/.ogvcs-capability-rGIPom", O_RDONLY|O_NONBLOCK|O_CLOEXEC|O_DIRECTORY) = 21
2839  unlink("/home/runner/work/_temp/ogvcs-path-trace-workspace/.ogvcs-capability-rGIPom/CaseProbe" <unfinished ...>
2841  unlink("/home/runner/work/_temp/ogvcs-path-trace-workspace/.ogvcs-capability-rGIPom/atomic.to" <unfinished ...>
2839  <... unlink resumed>)             = 0
2842  unlink("/home/runner/work/_temp/ogvcs-path-trace-workspace/.ogvcs-capability-rGIPom/hardlink.source" <unfinished ...>
2841  <... unlink resumed>)             = 0
2842  <... unlink resumed>)             = 0
2840  unlink("/home/runner/work/_temp/ogvcs-path-trace-workspace/.ogvcs-capability-rGIPom/executable") = 0
2840  unlink("/home/runner/work/_temp/ogvcs-path-trace-workspace/.ogvcs-capability-rGIPom/hardlink.target") = 0
2840  unlink("/home/runner/work/_temp/ogvcs-path-trace-workspace/.ogvcs-capability-rGIPom/symlink.source") = 0
2841  unlink("/home/runner/work/_temp/ogvcs-path-trace-workspace/.ogvcs-capability-rGIPom/\303\251") = 0
2840  unlink("/home/runner/work/_temp/ogvcs-path-trace-workspace/.ogvcs-capability-rGIPom/symlink.target") = 0
2839  openat(AT_FDCWD, "/home/runner/work/_temp/ogvcs-path-trace-workspace", O_RDONLY|O_NOFOLLOW|O_CLOEXEC|O_DIRECTORY) = 21
2839  openat(AT_FDCWD, "/home/runner/work/_temp/ogvcs-path-trace-workspace/.ogvcs", O_RDONLY|O_NOFOLLOW|O_CLOEXEC|O_DIRECTORY) = 21
2839  openat(AT_FDCWD, "/home/runner/work/_temp/ogvcs-path-trace-workspace/.ogvcs/transactions", O_RDONLY|O_NOFOLLOW|O_CLOEXEC|O_DIRECTORY) = 21
2839  openat(AT_FDCWD, "/home/runner/work/_temp/ogvcs-path-trace-workspace/.ogvcs/rename", O_RDONLY|O_NOFOLLOW|O_CLOEXEC|O_DIRECTORY) = 21
2839  openat(AT_FDCWD, "/home/runner/work/_temp/ogvcs-path-trace-workspace", O_RDONLY|O_NOFOLLOW|O_CLOEXEC|O_DIRECTORY) = 21
2839  openat(AT_FDCWD, "/home/runner/work/_temp/ogvcs-path-trace-workspace/.ogvcs", O_RDONLY|O_NOFOLLOW|O_CLOEXEC|O_DIRECTORY) = 21
2839  openat(AT_FDCWD, "/home/runner/work/_temp/ogvcs-path-trace-workspace/.ogvcs/transactions", O_RDONLY|O_NOFOLLOW|O_CLOEXEC|O_DIRECTORY) = 21
2839  openat(AT_FDCWD, "/home/runner/work/_temp/ogvcs-path-trace-workspace/.ogvcs/rename", O_RDONLY|O_NOFOLLOW|O_CLOEXEC|O_DIRECTORY) = 21
2839  mkdir("/home/runner/work/_temp/ogvcs-path-trace-workspace/.ogvcs-capability-O5oseG", 0700) = 0
2841  openat(AT_FDCWD, "/home/runner/work/_temp/ogvcs-path-trace-workspace/.ogvcs-capability-O5oseG/CaseProbe", O_WRONLY|O_CREAT|O_EXCL|O_TRUNC|O_CLOEXEC, 0666) = 21
2841  openat(AT_FDCWD, "/home/runner/work/_temp/ogvcs-path-trace-workspace/.ogvcs-capability-O5oseG/\303\251", O_WRONLY|O_CREAT|O_EXCL|O_TRUNC|O_CLOEXEC, 0666) = 21
2841  openat(AT_FDCWD, "/home/runner/work/_temp/ogvcs-path-trace-workspace/.ogvcs-capability-O5oseG/atomic.from", O_WRONLY|O_CREAT|O_EXCL|O_TRUNC|O_CLOEXEC, 0666) = 21
2842  openat(AT_FDCWD, "/home/runner/work/_temp/ogvcs-path-trace-workspace/.ogvcs-capability-O5oseG/atomic.to", O_WRONLY|O_CREAT|O_EXCL|O_TRUNC|O_CLOEXEC, 0666) = 21
2840  rename("/home/runner/work/_temp/ogvcs-path-trace-workspace/.ogvcs-capability-O5oseG/atomic.from", "/home/runner/work/_temp/ogvcs-path-trace-workspace/.ogvcs-capability-O5oseG/atomic.to") = 0
2842  openat(AT_FDCWD, "/home/runner/work/_temp/ogvcs-path-trace-workspace/.ogvcs-capability-O5oseG/atomic.to", O_RDONLY|O_CLOEXEC) = 21
2842  openat(AT_FDCWD, "/home/runner/work/_temp/ogvcs-path-trace-workspace/.ogvcs-capability-O5oseG/executable", O_WRONLY|O_CREAT|O_EXCL|O_TRUNC|O_CLOEXEC, 0600) = 21
2841  openat(AT_FDCWD, "/home/runner/work/_temp/ogvcs-path-trace-workspace/.ogvcs-capability-O5oseG/hardlink.source", O_WRONLY|O_CREAT|O_EXCL|O_TRUNC|O_CLOEXEC, 0666) = 21
2842  link("/home/runner/work/_temp/ogvcs-path-trace-workspace/.ogvcs-capability-O5oseG/hardlink.source", "/home/runner/work/_temp/ogvcs-path-trace-workspace/.ogvcs-capability-O5oseG/hardlink.target") = 0
2840  openat(AT_FDCWD, "/home/runner/work/_temp/ogvcs-path-trace-workspace/.ogvcs-capability-O5oseG/symlink.source", O_WRONLY|O_CREAT|O_EXCL|O_TRUNC|O_CLOEXEC, 0666) = 21
2839  symlink("symlink.source", "/home/runner/work/_temp/ogvcs-path-trace-workspace/.ogvcs-capability-O5oseG/symlink.target") = 0
2842  openat(AT_FDCWD, "/home/runner/work/_temp/ogvcs-path-trace-workspace/.ogvcs-capability-O5oseG", O_RDONLY|O_CLOEXEC) = 21
2839  openat(AT_FDCWD, "/home/runner/work/_temp/ogvcs-path-trace-workspace/.ogvcs-capability-O5oseG", O_RDONLY|O_NONBLOCK|O_CLOEXEC|O_DIRECTORY) = 21
2842  unlink("/home/runner/work/_temp/ogvcs-path-trace-workspace/.ogvcs-capability-O5oseG/CaseProbe") = 0
2842  unlink("/home/runner/work/_temp/ogvcs-path-trace-workspace/.ogvcs-capability-O5oseG/hardlink.source" <unfinished ...>
2841  unlink("/home/runner/work/_temp/ogvcs-path-trace-workspace/.ogvcs-capability-O5oseG/executable" <unfinished ...>
2840  unlink("/home/runner/work/_temp/ogvcs-path-trace-workspace/.ogvcs-capability-O5oseG/atomic.to" <unfinished ...>
2842  <... unlink resumed>)             = 0
2842  unlink("/home/runner/work/_temp/ogvcs-path-trace-workspace/.ogvcs-capability-O5oseG/hardlink.target" <unfinished ...>
2841  <... unlink resumed>)             = 0
2840  <... unlink resumed>)             = 0
2842  <... unlink resumed>)             = 0
2841  unlink("/home/runner/work/_temp/ogvcs-path-trace-workspace/.ogvcs-capability-O5oseG/symlink.target" <unfinished ...>
2840  unlink("/home/runner/work/_temp/ogvcs-path-trace-workspace/.ogvcs-capability-O5oseG/\303\251" <unfinished ...>
2841  <... unlink resumed>)             = 0
2839  unlink("/home/runner/work/_temp/ogvcs-path-trace-workspace/.ogvcs-capability-O5oseG/symlink.source" <unfinished ...>
2840  <... unlink resumed>)             = 0
2839  <... unlink resumed>)             = 0
2841  openat(AT_FDCWD, "/home/runner/work/_temp/ogvcs-path-trace-workspace", O_RDONLY|O_NOFOLLOW|O_CLOEXEC|O_DIRECTORY) = 21
2841  openat(AT_FDCWD, "/home/runner/work/_temp/ogvcs-path-trace-workspace/.ogvcs", O_RDONLY|O_NOFOLLOW|O_CLOEXEC|O_DIRECTORY) = 21
2841  openat(AT_FDCWD, "/home/runner/work/_temp/ogvcs-path-trace-workspace/.ogvcs/transactions", O_RDONLY|O_NOFOLLOW|O_CLOEXEC|O_DIRECTORY) = 21
2841  openat(AT_FDCWD, "/home/runner/work/_temp/ogvcs-path-trace-workspace/.ogvcs/rename", O_RDONLY|O_NOFOLLOW|O_CLOEXEC|O_DIRECTORY) = 21
2841  openat(AT_FDCWD, "/home/runner/work/_temp/ogvcs-path-trace-workspace", O_RDONLY|O_NOFOLLOW|O_CLOEXEC|O_DIRECTORY) = 21
2841  openat(AT_FDCWD, "/home/runner/work/_temp/ogvcs-path-trace-workspace/.ogvcs", O_RDONLY|O_NOFOLLOW|O_CLOEXEC|O_DIRECTORY) = 21
2841  openat(AT_FDCWD, "/home/runner/work/_temp/ogvcs-path-trace-workspace/.ogvcs/transactions", O_RDONLY|O_NOFOLLOW|O_CLOEXEC|O_DIRECTORY) = 21
2841  openat(AT_FDCWD, "/home/runner/work/_temp/ogvcs-path-trace-workspace/.ogvcs/rename", O_RDONLY|O_NOFOLLOW|O_CLOEXEC|O_DIRECTORY) = 21
2840  openat(AT_FDCWD, "/home/runner/work/_temp/ogvcs-path-trace-workspace/Ancestor/target", O_RDONLY|O_NOFOLLOW|O_CLOEXEC) = 21
2842  openat(AT_FDCWD, "/home/runner/work/_temp/ogvcs-path-trace-workspace/.ogvcs/transactions/56b5fd7f3b98473eb2044f6c6b4fed48.json.238c4407614943178982e7b70c90fe4b.tmp", O_WRONLY|O_CREAT|O_EXCL|O_CLOEXEC, 0600) = 21
2842  rename("/home/runner/work/_temp/ogvcs-path-trace-workspace/.ogvcs/transactions/56b5fd7f3b98473eb2044f6c6b4fed48.json.238c4407614943178982e7b70c90fe4b.tmp", "/home/runner/work/_temp/ogvcs-path-trace-workspace/.ogvcs/transactions/56b5fd7f3b98473eb2044f6c6b4fed48.json") = 0
2839  openat(AT_FDCWD, "/home/runner/work/_temp/ogvcs-path-trace-workspace/.ogvcs/transactions", O_RDONLY|O_NOFOLLOW|O_CLOEXEC|O_DIRECTORY) = 21
2841  openat(AT_FDCWD, "/home/runner/work/_temp/ogvcs-path-trace-workspace", O_RDONLY|O_NOFOLLOW|O_CLOEXEC|O_DIRECTORY) = 21
2841  openat(AT_FDCWD, "/home/runner/work/_temp/ogvcs-path-trace-workspace/.ogvcs", O_RDONLY|O_NOFOLLOW|O_CLOEXEC|O_DIRECTORY) = 21
2841  openat(AT_FDCWD, "/home/runner/work/_temp/ogvcs-path-trace-workspace/.ogvcs/transactions", O_RDONLY|O_NOFOLLOW|O_CLOEXEC|O_DIRECTORY) = 21
2841  openat(AT_FDCWD, "/home/runner/work/_temp/ogvcs-path-trace-workspace/.ogvcs/rename", O_RDONLY|O_NOFOLLOW|O_CLOEXEC|O_DIRECTORY) = 21
2839  openat(AT_FDCWD, "/home/runner/work/_temp/ogvcs-path-trace-workspace/.ogvcs/transactions/56b5fd7f3b98473eb2044f6c6b4fed48.stage", O_WRONLY|O_CREAT|O_EXCL|O_CLOEXEC, 0600) = 21
2841  openat(AT_FDCWD, "/home/runner/work/_temp/ogvcs-path-trace-workspace", O_RDONLY|O_NOFOLLOW|O_CLOEXEC|O_DIRECTORY) = 21
2841  openat(AT_FDCWD, "/home/runner/work/_temp/ogvcs-path-trace-workspace/.ogvcs", O_RDONLY|O_NOFOLLOW|O_CLOEXEC|O_DIRECTORY) = 21
2841  openat(AT_FDCWD, "/home/runner/work/_temp/ogvcs-path-trace-workspace/.ogvcs/transactions", O_RDONLY|O_NOFOLLOW|O_CLOEXEC|O_DIRECTORY) = 21
2841  openat(AT_FDCWD, "/home/runner/work/_temp/ogvcs-path-trace-workspace/.ogvcs/rename", O_RDONLY|O_NOFOLLOW|O_CLOEXEC|O_DIRECTORY) = 21
2841  openat(AT_FDCWD, "/home/runner/work/_temp/ogvcs-path-trace-workspace/.ogvcs/transactions/56b5fd7f3b98473eb2044f6c6b4fed48.stage", O_RDONLY|O_NOFOLLOW|O_CLOEXEC) = 21
2840  openat(AT_FDCWD, "/home/runner/work/_temp/ogvcs-path-trace-workspace/.ogvcs/transactions/56b5fd7f3b98473eb2044f6c6b4fed48.json.eed1d4b8c25d44519151c747275670d8.tmp", O_WRONLY|O_CREAT|O_EXCL|O_CLOEXEC, 0600) = 21
2840  rename("/home/runner/work/_temp/ogvcs-path-trace-workspace/.ogvcs/transactions/56b5fd7f3b98473eb2044f6c6b4fed48.json.eed1d4b8c25d44519151c747275670d8.tmp", "/home/runner/work/_temp/ogvcs-path-trace-workspace/.ogvcs/transactions/56b5fd7f3b98473eb2044f6c6b4fed48.json") = 0
2842  openat(AT_FDCWD, "/home/runner/work/_temp/ogvcs-path-trace-workspace/.ogvcs/transactions", O_RDONLY|O_NOFOLLOW|O_CLOEXEC|O_DIRECTORY) = 21
2839  openat(AT_FDCWD, "/home/runner/work/_temp/ogvcs-path-trace-workspace", O_RDONLY|O_NOFOLLOW|O_CLOEXEC|O_DIRECTORY) = 21
2839  openat(AT_FDCWD, "/home/runner/work/_temp/ogvcs-path-trace-workspace/.ogvcs", O_RDONLY|O_NOFOLLOW|O_CLOEXEC|O_DIRECTORY) = 21
2839  openat(AT_FDCWD, "/home/runner/work/_temp/ogvcs-path-trace-workspace/.ogvcs/transactions", O_RDONLY|O_NOFOLLOW|O_CLOEXEC|O_DIRECTORY) = 21
2839  openat(AT_FDCWD, "/home/runner/work/_temp/ogvcs-path-trace-workspace/.ogvcs/rename", O_RDONLY|O_NOFOLLOW|O_CLOEXEC|O_DIRECTORY) = 21
2839  openat(AT_FDCWD, "/home/runner/work/_temp/ogvcs-path-trace-workspace/Ancestor", O_RDONLY|O_NOFOLLOW|O_CLOEXEC|O_DIRECTORY) = 21
2841  openat(AT_FDCWD, "/home/runner/work/_temp/ogvcs-path-trace-workspace/Ancestor/target", O_RDONLY|O_NOFOLLOW|O_CLOEXEC) = 21
2840  rename("/home/runner/work/_temp/ogvcs-path-trace-workspace/Ancestor", "/home/runner/work/_temp/ogvcs-path-trace-workspace/Ancestor-displaced") = 0
2842  mkdir("/home/runner/work/_temp/ogvcs-path-trace-workspace/Ancestor", 0777) = 0
2841  openat(AT_FDCWD, "/home/runner/work/_temp/ogvcs-path-trace-workspace", O_RDONLY|O_NOFOLLOW|O_CLOEXEC|O_DIRECTORY) = 21
2841  openat(AT_FDCWD, "/home/runner/work/_temp/ogvcs-path-trace-workspace/.ogvcs", O_RDONLY|O_NOFOLLOW|O_CLOEXEC|O_DIRECTORY) = 21
2841  openat(AT_FDCWD, "/home/runner/work/_temp/ogvcs-path-trace-workspace/.ogvcs/transactions", O_RDONLY|O_NOFOLLOW|O_CLOEXEC|O_DIRECTORY) = 21
2841  openat(AT_FDCWD, "/home/runner/work/_temp/ogvcs-path-trace-workspace/.ogvcs/rename", O_RDONLY|O_NOFOLLOW|O_CLOEXEC|O_DIRECTORY) = 21
2834  openat(AT_FDCWD, "/proc/sys/vm/overcommit_memory", O_RDONLY|O_CLOEXEC) = 21
