2766  openat(AT_FDCWD, "/etc/ld.so.cache", O_RDONLY|O_CLOEXEC) = 3
2766  openat(AT_FDCWD, "/lib/x86_64-linux-gnu/libdl.so.2", O_RDONLY|O_CLOEXEC) = 3
2766  openat(AT_FDCWD, "/lib/x86_64-linux-gnu/libstdc++.so.6", O_RDONLY|O_CLOEXEC) = 3
2766  openat(AT_FDCWD, "/lib/x86_64-linux-gnu/libm.so.6", O_RDONLY|O_CLOEXEC) = 3
2766  openat(AT_FDCWD, "/lib/x86_64-linux-gnu/libgcc_s.so.1", O_RDONLY|O_CLOEXEC) = 3
2766  openat(AT_FDCWD, "/lib/x86_64-linux-gnu/libpthread.so.0", O_RDONLY|O_CLOEXEC) = 3
2766  openat(AT_FDCWD, "/lib/x86_64-linux-gnu/libc.so.6", O_RDONLY|O_CLOEXEC) = 3
2766  openat(AT_FDCWD, "/etc/ssl/openssl.cnf", O_RDONLY) = 3
2766  openat(AT_FDCWD, "/proc/version_signature", O_RDONLY|O_CLOEXEC) = 4
2766  openat(AT_FDCWD, "/proc/self/cgroup", O_RDONLY|O_CLOEXEC) = 20
2766  openat(AT_FDCWD, "/sys/fs/cgroup/system.slice/hosted-compute-agent.service/memory.max", O_RDONLY|O_CLOEXEC) = 20
2766  openat(AT_FDCWD, "/sys/fs/cgroup/system.slice/hosted-compute-agent.service/memory.high", O_RDONLY|O_CLOEXEC) = 20
2766  openat(AT_FDCWD, "/proc/meminfo", O_RDONLY|O_CLOEXEC) = 20
2766  openat(AT_FDCWD, "/proc/self/maps", O_RDONLY|O_CLOEXEC) = 20
2766  openat(AT_FDCWD, "/proc/self/maps", O_RDONLY) = 20
2766  openat(AT_FDCWD, "/proc/self/maps", O_RDONLY) = 20
2766  openat(AT_FDCWD, "/opt/hostedtoolcache/node/22.23.2/x64/bin/node", O_RDONLY) = 20
2766  openat(AT_FDCWD, "/home/runner/work/OpenGameVCS/OpenGameVCS/tools/path-filesystem-trace-fixture.mjs", O_RDONLY|O_CLOEXEC) = 20
2766  openat(AT_FDCWD, "/dev/null", O_RDONLY|O_CLOEXEC) = 20
2766  openat(AT_FDCWD, "/home/runner/work/OpenGameVCS/OpenGameVCS/core/paths-filesystem/js/src/index.mjs", O_RDONLY|O_CLOEXEC) = 21
2766  openat(AT_FDCWD, "/home/runner/work/OpenGameVCS/OpenGameVCS/core/paths-filesystem/js/src/contract.mjs", O_RDONLY|O_CLOEXEC) = 21
2766  openat(AT_FDCWD, "/home/runner/work/OpenGameVCS/OpenGameVCS/core/paths-filesystem/js/src/errors.mjs", O_RDONLY|O_CLOEXEC) = 21
2766  openat(AT_FDCWD, "/home/runner/work/OpenGameVCS/OpenGameVCS/core/paths-filesystem/js/src/capabilities.mjs", O_RDONLY|O_CLOEXEC) = 21
2766  openat(AT_FDCWD, "/home/runner/work/OpenGameVCS/OpenGameVCS/core/paths-filesystem/js/src/path.mjs", O_RDONLY|O_CLOEXEC) = 21
2766  openat(AT_FDCWD, "/home/runner/work/OpenGameVCS/OpenGameVCS/core/paths-filesystem/js/src/object-model.mjs", O_RDONLY|O_CLOEXEC) = 21
2766  openat(AT_FDCWD, "/home/runner/work/OpenGameVCS/OpenGameVCS/core/paths-filesystem/js/src/preflight.mjs", O_RDONLY|O_CLOEXEC) = 21
2766  openat(AT_FDCWD, "/home/runner/work/OpenGameVCS/OpenGameVCS/core/paths-filesystem/js/src/rename.mjs", O_RDONLY|O_CLOEXEC) = 21
2766  openat(AT_FDCWD, "/home/runner/work/OpenGameVCS/OpenGameVCS/core/paths-filesystem/js/src/telemetry.mjs", O_RDONLY|O_CLOEXEC) = 21
2766  openat(AT_FDCWD, "/home/runner/work/OpenGameVCS/OpenGameVCS/core/paths-filesystem/js/src/watcher.mjs", O_RDONLY|O_CLOEXEC) = 21
2766  openat(AT_FDCWD, "/home/runner/work/OpenGameVCS/OpenGameVCS/core/paths-filesystem/js/src/workspace.mjs", O_RDONLY|O_CLOEXEC) = 21
2766  openat(AT_FDCWD, "/home/runner/work/OpenGameVCS/OpenGameVCS/core/paths-filesystem/js/src/report.mjs", O_RDONLY|O_CLOEXEC) = 21
2766  openat(AT_FDCWD, "/proc/sys/vm/overcommit_memory", O_RDONLY|O_CLOEXEC) = 21
2766  openat(AT_FDCWD, "/home/runner/work/OpenGameVCS/OpenGameVCS/core/paths-filesystem/js/src/generated-contract.mjs", O_RDONLY|O_CLOEXEC) = 21
2766  openat(AT_FDCWD, "/home/runner/work/OpenGameVCS/OpenGameVCS/core/paths-filesystem/js/src/resource.mjs", O_RDONLY|O_CLOEXEC) = 21
2766  openat(AT_FDCWD, "/home/runner/work/OpenGameVCS/OpenGameVCS/core/paths-filesystem/js/src/materialization-plan.mjs", O_RDONLY|O_CLOEXEC) = 21
2766  openat(AT_FDCWD, "/home/runner/work/OpenGameVCS/OpenGameVCS/core/paths-filesystem/js/package.json", O_RDONLY|O_CLOEXEC) = 21
2766  openat(AT_FDCWD, "/home/runner/work/OpenGameVCS/OpenGameVCS/node_modules/@opengamevcs/path-contract-v1/package.json", O_RDONLY|O_CLOEXEC) = 21
2766  openat(AT_FDCWD, "/home/runner/work/OpenGameVCS/OpenGameVCS/spec/path-filesystem/v1/manifest.json", O_RDONLY|O_CLOEXEC) = 21
2766  openat(AT_FDCWD, "/home/runner/work/OpenGameVCS/OpenGameVCS/spec/path-filesystem/v1/data/CaseFolding-16.0.0.txt", O_RDONLY|O_CLOEXEC) = 21
2776  mkdir("/home/runner/work/_temp/ogvcs-path-trace-workspace/.ogvcs", 0700) = 0
2774  openat(AT_FDCWD, "/home/runner/work/_temp/ogvcs-path-trace-workspace/.ogvcs", O_RDONLY|O_NOFOLLOW|O_CLOEXEC|O_DIRECTORY) = 21
2775  mkdir("/home/runner/work/_temp/ogvcs-path-trace-workspace/.ogvcs/transactions", 0700) = 0
2773  openat(AT_FDCWD, "/home/runner/work/_temp/ogvcs-path-trace-workspace/.ogvcs/transactions", O_RDONLY|O_NOFOLLOW|O_CLOEXEC|O_DIRECTORY) = 21
2774  mkdir("/home/runner/work/_temp/ogvcs-path-trace-workspace/.ogvcs/rename", 0700) = 0
2776  openat(AT_FDCWD, "/home/runner/work/_temp/ogvcs-path-trace-workspace/.ogvcs/rename", O_RDONLY|O_NOFOLLOW|O_CLOEXEC|O_DIRECTORY) = 21
2775  mkdir("/home/runner/work/_temp/ogvcs-path-trace-workspace/.ogvcs-capability-ARcW3f", 0700) = 0
2774  openat(AT_FDCWD, "/home/runner/work/_temp/ogvcs-path-trace-workspace/.ogvcs-capability-ARcW3f/CaseProbe", O_WRONLY|O_CREAT|O_EXCL|O_TRUNC|O_CLOEXEC, 0666) = 21
2774  openat(AT_FDCWD, "/home/runner/work/_temp/ogvcs-path-trace-workspace/.ogvcs-capability-ARcW3f/\303\251", O_WRONLY|O_CREAT|O_EXCL|O_TRUNC|O_CLOEXEC, 0666) = 21
2774  openat(AT_FDCWD, "/home/runner/work/_temp/ogvcs-path-trace-workspace/.ogvcs-capability-ARcW3f/atomic.from", O_WRONLY|O_CREAT|O_EXCL|O_TRUNC|O_CLOEXEC, 0666) = 21
2773  openat(AT_FDCWD, "/home/runner/work/_temp/ogvcs-path-trace-workspace/.ogvcs-capability-ARcW3f/atomic.to", O_WRONLY|O_CREAT|O_EXCL|O_TRUNC|O_CLOEXEC, 0666) = 21
2776  rename("/home/runner/work/_temp/ogvcs-path-trace-workspace/.ogvcs-capability-ARcW3f/atomic.from", "/home/runner/work/_temp/ogvcs-path-trace-workspace/.ogvcs-capability-ARcW3f/atomic.to") = 0
2773  openat(AT_FDCWD, "/home/runner/work/_temp/ogvcs-path-trace-workspace/.ogvcs-capability-ARcW3f/atomic.to", O_RDONLY|O_CLOEXEC) = 21
2773  openat(AT_FDCWD, "/home/runner/work/_temp/ogvcs-path-trace-workspace/.ogvcs-capability-ARcW3f/executable", O_WRONLY|O_CREAT|O_EXCL|O_TRUNC|O_CLOEXEC, 0600) = 21
2774  openat(AT_FDCWD, "/home/runner/work/_temp/ogvcs-path-trace-workspace/.ogvcs-capability-ARcW3f/hardlink.source", O_WRONLY|O_CREAT|O_EXCL|O_TRUNC|O_CLOEXEC, 0666) = 21
2773  link("/home/runner/work/_temp/ogvcs-path-trace-workspace/.ogvcs-capability-ARcW3f/hardlink.source", "/home/runner/work/_temp/ogvcs-path-trace-workspace/.ogvcs-capability-ARcW3f/hardlink.target") = 0
2776  openat(AT_FDCWD, "/home/runner/work/_temp/ogvcs-path-trace-workspace/.ogvcs-capability-ARcW3f/symlink.source", O_WRONLY|O_CREAT|O_EXCL|O_TRUNC|O_CLOEXEC, 0666) = 21
2775  symlink("symlink.source", "/home/runner/work/_temp/ogvcs-path-trace-workspace/.ogvcs-capability-ARcW3f/symlink.target") = 0
2773  openat(AT_FDCWD, "/home/runner/work/_temp/ogvcs-path-trace-workspace/.ogvcs-capability-ARcW3f", O_RDONLY|O_CLOEXEC) = 21
2775  openat(AT_FDCWD, "/home/runner/work/_temp/ogvcs-path-trace-workspace/.ogvcs-capability-ARcW3f", O_RDONLY|O_NONBLOCK|O_CLOEXEC|O_DIRECTORY) = 21
2774  unlink("/home/runner/work/_temp/ogvcs-path-trace-workspace/.ogvcs-capability-ARcW3f/CaseProbe") = 0
2775  unlink("/home/runner/work/_temp/ogvcs-path-trace-workspace/.ogvcs-capability-ARcW3f/atomic.to") = 0
2773  unlink("/home/runner/work/_temp/ogvcs-path-trace-workspace/.ogvcs-capability-ARcW3f/executable") = 0
2776  unlink("/home/runner/work/_temp/ogvcs-path-trace-workspace/.ogvcs-capability-ARcW3f/hardlink.source") = 0
2774  unlink("/home/runner/work/_temp/ogvcs-path-trace-workspace/.ogvcs-capability-ARcW3f/hardlink.target") = 0
2775  unlink("/home/runner/work/_temp/ogvcs-path-trace-workspace/.ogvcs-capability-ARcW3f/symlink.source") = 0
2776  unlink("/home/runner/work/_temp/ogvcs-path-trace-workspace/.ogvcs-capability-ARcW3f/symlink.target") = 0
2774  unlink("/home/runner/work/_temp/ogvcs-path-trace-workspace/.ogvcs-capability-ARcW3f/\303\251") = 0
2773  openat(AT_FDCWD, "/home/runner/work/_temp/ogvcs-path-trace-workspace", O_RDONLY|O_NOFOLLOW|O_CLOEXEC|O_DIRECTORY) = 21
2773  openat(AT_FDCWD, "/home/runner/work/_temp/ogvcs-path-trace-workspace/.ogvcs", O_RDONLY|O_NOFOLLOW|O_CLOEXEC|O_DIRECTORY) = 21
2773  openat(AT_FDCWD, "/home/runner/work/_temp/ogvcs-path-trace-workspace/.ogvcs/transactions", O_RDONLY|O_NOFOLLOW|O_CLOEXEC|O_DIRECTORY) = 21
2773  openat(AT_FDCWD, "/home/runner/work/_temp/ogvcs-path-trace-workspace/.ogvcs/rename", O_RDONLY|O_NOFOLLOW|O_CLOEXEC|O_DIRECTORY) = 21
2773  mkdir("/home/runner/work/_temp/ogvcs-path-trace-workspace/.ogvcs-capability-ODPd6q", 0700) = 0
2776  openat(AT_FDCWD, "/home/runner/work/_temp/ogvcs-path-trace-workspace/.ogvcs-capability-ODPd6q/CaseProbe", O_WRONLY|O_CREAT|O_EXCL|O_TRUNC|O_CLOEXEC, 0666) = 21
2776  openat(AT_FDCWD, "/home/runner/work/_temp/ogvcs-path-trace-workspace/.ogvcs-capability-ODPd6q/\303\251", O_WRONLY|O_CREAT|O_EXCL|O_TRUNC|O_CLOEXEC, 0666) = 21
2776  openat(AT_FDCWD, "/home/runner/work/_temp/ogvcs-path-trace-workspace/.ogvcs-capability-ODPd6q/atomic.from", O_WRONLY|O_CREAT|O_EXCL|O_TRUNC|O_CLOEXEC, 0666) = 21
2774  openat(AT_FDCWD, "/home/runner/work/_temp/ogvcs-path-trace-workspace/.ogvcs-capability-ODPd6q/atomic.to", O_WRONLY|O_CREAT|O_EXCL|O_TRUNC|O_CLOEXEC, 0666) = 21
2775  rename("/home/runner/work/_temp/ogvcs-path-trace-workspace/.ogvcs-capability-ODPd6q/atomic.from", "/home/runner/work/_temp/ogvcs-path-trace-workspace/.ogvcs-capability-ODPd6q/atomic.to") = 0
2774  openat(AT_FDCWD, "/home/runner/work/_temp/ogvcs-path-trace-workspace/.ogvcs-capability-ODPd6q/atomic.to", O_RDONLY|O_CLOEXEC) = 21
2774  openat(AT_FDCWD, "/home/runner/work/_temp/ogvcs-path-trace-workspace/.ogvcs-capability-ODPd6q/executable", O_WRONLY|O_CREAT|O_EXCL|O_TRUNC|O_CLOEXEC, 0600) = 21
2776  openat(AT_FDCWD, "/home/runner/work/_temp/ogvcs-path-trace-workspace/.ogvcs-capability-ODPd6q/hardlink.source", O_WRONLY|O_CREAT|O_EXCL|O_TRUNC|O_CLOEXEC, 0666) = 21
2774  link("/home/runner/work/_temp/ogvcs-path-trace-workspace/.ogvcs-capability-ODPd6q/hardlink.source", "/home/runner/work/_temp/ogvcs-path-trace-workspace/.ogvcs-capability-ODPd6q/hardlink.target") = 0
2775  openat(AT_FDCWD, "/home/runner/work/_temp/ogvcs-path-trace-workspace/.ogvcs-capability-ODPd6q/symlink.source", O_WRONLY|O_CREAT|O_EXCL|O_TRUNC|O_CLOEXEC, 0666) = 21
2773  symlink("symlink.source", "/home/runner/work/_temp/ogvcs-path-trace-workspace/.ogvcs-capability-ODPd6q/symlink.target") = 0
2774  openat(AT_FDCWD, "/home/runner/work/_temp/ogvcs-path-trace-workspace/.ogvcs-capability-ODPd6q", O_RDONLY|O_CLOEXEC) = 21
2773  openat(AT_FDCWD, "/home/runner/work/_temp/ogvcs-path-trace-workspace/.ogvcs-capability-ODPd6q", O_RDONLY|O_NONBLOCK|O_CLOEXEC|O_DIRECTORY) = 21
2774  unlink("/home/runner/work/_temp/ogvcs-path-trace-workspace/.ogvcs-capability-ODPd6q/CaseProbe" <unfinished ...>
2773  unlink("/home/runner/work/_temp/ogvcs-path-trace-workspace/.ogvcs-capability-ODPd6q/atomic.to" <unfinished ...>
2774  <... unlink resumed>)             = 0
2776  unlink("/home/runner/work/_temp/ogvcs-path-trace-workspace/.ogvcs-capability-ODPd6q/executable" <unfinished ...>
2773  <... unlink resumed>)             = 0
2776  <... unlink resumed>)             = 0
2775  unlink("/home/runner/work/_temp/ogvcs-path-trace-workspace/.ogvcs-capability-ODPd6q/hardlink.source") = 0
2775  unlink("/home/runner/work/_temp/ogvcs-path-trace-workspace/.ogvcs-capability-ODPd6q/hardlink.target" <unfinished ...>
2774  unlink("/home/runner/work/_temp/ogvcs-path-trace-workspace/.ogvcs-capability-ODPd6q/symlink.source" <unfinished ...>
2776  unlink("/home/runner/work/_temp/ogvcs-path-trace-workspace/.ogvcs-capability-ODPd6q/symlink.target" <unfinished ...>
2775  <... unlink resumed>)             = 0
2776  <... unlink resumed>)             = 0
2774  <... unlink resumed>)             = 0
2773  unlink("/home/runner/work/_temp/ogvcs-path-trace-workspace/.ogvcs-capability-ODPd6q/\303\251") = 0
2776  openat(AT_FDCWD, "/home/runner/work/_temp/ogvcs-path-trace-workspace", O_RDONLY|O_NOFOLLOW|O_CLOEXEC|O_DIRECTORY) = 21
2776  openat(AT_FDCWD, "/home/runner/work/_temp/ogvcs-path-trace-workspace/.ogvcs", O_RDONLY|O_NOFOLLOW|O_CLOEXEC|O_DIRECTORY) = 21
2776  openat(AT_FDCWD, "/home/runner/work/_temp/ogvcs-path-trace-workspace/.ogvcs/transactions", O_RDONLY|O_NOFOLLOW|O_CLOEXEC|O_DIRECTORY) = 21
2776  openat(AT_FDCWD, "/home/runner/work/_temp/ogvcs-path-trace-workspace/.ogvcs/rename", O_RDONLY|O_NOFOLLOW|O_CLOEXEC|O_DIRECTORY) = 21
2776  openat(AT_FDCWD, "/home/runner/work/_temp/ogvcs-path-trace-workspace", O_RDONLY|O_NOFOLLOW|O_CLOEXEC|O_DIRECTORY) = 21
2776  openat(AT_FDCWD, "/home/runner/work/_temp/ogvcs-path-trace-workspace/.ogvcs", O_RDONLY|O_NOFOLLOW|O_CLOEXEC|O_DIRECTORY) = 21
2776  openat(AT_FDCWD, "/home/runner/work/_temp/ogvcs-path-trace-workspace/.ogvcs/transactions", O_RDONLY|O_NOFOLLOW|O_CLOEXEC|O_DIRECTORY) = 21
2776  openat(AT_FDCWD, "/home/runner/work/_temp/ogvcs-path-trace-workspace/.ogvcs/rename", O_RDONLY|O_NOFOLLOW|O_CLOEXEC|O_DIRECTORY) = 21
2776  mkdir("/home/runner/work/_temp/ogvcs-path-trace-workspace/.ogvcs-capability-SOs7kN", 0700) = 0
2775  openat(AT_FDCWD, "/home/runner/work/_temp/ogvcs-path-trace-workspace/.ogvcs-capability-SOs7kN/CaseProbe", O_WRONLY|O_CREAT|O_EXCL|O_TRUNC|O_CLOEXEC, 0666) = 21
2775  openat(AT_FDCWD, "/home/runner/work/_temp/ogvcs-path-trace-workspace/.ogvcs-capability-SOs7kN/\303\251", O_WRONLY|O_CREAT|O_EXCL|O_TRUNC|O_CLOEXEC, 0666) = 21
2775  openat(AT_FDCWD, "/home/runner/work/_temp/ogvcs-path-trace-workspace/.ogvcs-capability-SOs7kN/atomic.from", O_WRONLY|O_CREAT|O_EXCL|O_TRUNC|O_CLOEXEC, 0666) = 21
2773  openat(AT_FDCWD, "/home/runner/work/_temp/ogvcs-path-trace-workspace/.ogvcs-capability-SOs7kN/atomic.to", O_WRONLY|O_CREAT|O_EXCL|O_TRUNC|O_CLOEXEC, 0666) = 21
2774  rename("/home/runner/work/_temp/ogvcs-path-trace-workspace/.ogvcs-capability-SOs7kN/atomic.from", "/home/runner/work/_temp/ogvcs-path-trace-workspace/.ogvcs-capability-SOs7kN/atomic.to") = 0
2773  openat(AT_FDCWD, "/home/runner/work/_temp/ogvcs-path-trace-workspace/.ogvcs-capability-SOs7kN/atomic.to", O_RDONLY|O_CLOEXEC) = 21
2773  openat(AT_FDCWD, "/home/runner/work/_temp/ogvcs-path-trace-workspace/.ogvcs-capability-SOs7kN/executable", O_WRONLY|O_CREAT|O_EXCL|O_TRUNC|O_CLOEXEC, 0600) = 21
2775  openat(AT_FDCWD, "/home/runner/work/_temp/ogvcs-path-trace-workspace/.ogvcs-capability-SOs7kN/hardlink.source", O_WRONLY|O_CREAT|O_EXCL|O_TRUNC|O_CLOEXEC, 0666) = 21
2773  link("/home/runner/work/_temp/ogvcs-path-trace-workspace/.ogvcs-capability-SOs7kN/hardlink.source", "/home/runner/work/_temp/ogvcs-path-trace-workspace/.ogvcs-capability-SOs7kN/hardlink.target") = 0
2774  openat(AT_FDCWD, "/home/runner/work/_temp/ogvcs-path-trace-workspace/.ogvcs-capability-SOs7kN/symlink.source", O_WRONLY|O_CREAT|O_EXCL|O_TRUNC|O_CLOEXEC, 0666) = 21
2776  symlink("symlink.source", "/home/runner/work/_temp/ogvcs-path-trace-workspace/.ogvcs-capability-SOs7kN/symlink.target") = 0
2773  openat(AT_FDCWD, "/home/runner/work/_temp/ogvcs-path-trace-workspace/.ogvcs-capability-SOs7kN", O_RDONLY|O_CLOEXEC) = 21
2776  openat(AT_FDCWD, "/home/runner/work/_temp/ogvcs-path-trace-workspace/.ogvcs-capability-SOs7kN", O_RDONLY|O_NONBLOCK|O_CLOEXEC|O_DIRECTORY) = 21
2776  openat(AT_FDCWD, "/sys/devices/system/cpu/online", O_RDONLY|O_CLOEXEC) = 22
2774  unlink("/home/runner/work/_temp/ogvcs-path-trace-workspace/.ogvcs-capability-SOs7kN/CaseProbe") = 0
2773  unlink("/home/runner/work/_temp/ogvcs-path-trace-workspace/.ogvcs-capability-SOs7kN/atomic.to" <unfinished ...>
2776  unlink("/home/runner/work/_temp/ogvcs-path-trace-workspace/.ogvcs-capability-SOs7kN/executable" <unfinished ...>
2773  <... unlink resumed>)             = 0
2776  <... unlink resumed>)             = 0
2776  unlink("/home/runner/work/_temp/ogvcs-path-trace-workspace/.ogvcs-capability-SOs7kN/symlink.target") = 0
2776  unlink("/home/runner/work/_temp/ogvcs-path-trace-workspace/.ogvcs-capability-SOs7kN/hardlink.target") = 0
2776  unlink("/home/runner/work/_temp/ogvcs-path-trace-workspace/.ogvcs-capability-SOs7kN/hardlink.source") = 0
2776  unlink("/home/runner/work/_temp/ogvcs-path-trace-workspace/.ogvcs-capability-SOs7kN/\303\251" <unfinished ...>
2775  unlink("/home/runner/work/_temp/ogvcs-path-trace-workspace/.ogvcs-capability-SOs7kN/symlink.source" <unfinished ...>
2776  <... unlink resumed>)             = 0
2775  <... unlink resumed>)             = 0
2773  openat(AT_FDCWD, "/home/runner/work/_temp/ogvcs-path-trace-workspace", O_RDONLY|O_NOFOLLOW|O_CLOEXEC|O_DIRECTORY) = 21
2773  openat(AT_FDCWD, "/home/runner/work/_temp/ogvcs-path-trace-workspace/.ogvcs", O_RDONLY|O_NOFOLLOW|O_CLOEXEC|O_DIRECTORY) = 21
2773  openat(AT_FDCWD, "/home/runner/work/_temp/ogvcs-path-trace-workspace/.ogvcs/transactions", O_RDONLY|O_NOFOLLOW|O_CLOEXEC|O_DIRECTORY) = 21
2773  openat(AT_FDCWD, "/home/runner/work/_temp/ogvcs-path-trace-workspace/.ogvcs/rename", O_RDONLY|O_NOFOLLOW|O_CLOEXEC|O_DIRECTORY) = 21
2773  openat(AT_FDCWD, "/home/runner/work/_temp/ogvcs-path-trace-workspace", O_RDONLY|O_NOFOLLOW|O_CLOEXEC|O_DIRECTORY) = 21
2773  openat(AT_FDCWD, "/home/runner/work/_temp/ogvcs-path-trace-workspace/.ogvcs", O_RDONLY|O_NOFOLLOW|O_CLOEXEC|O_DIRECTORY) = 21
2773  openat(AT_FDCWD, "/home/runner/work/_temp/ogvcs-path-trace-workspace/.ogvcs/transactions", O_RDONLY|O_NOFOLLOW|O_CLOEXEC|O_DIRECTORY) = 21
2773  openat(AT_FDCWD, "/home/runner/work/_temp/ogvcs-path-trace-workspace/.ogvcs/rename", O_RDONLY|O_NOFOLLOW|O_CLOEXEC|O_DIRECTORY) = 21
2775  openat(AT_FDCWD, "/home/runner/work/_temp/ogvcs-path-trace-workspace", O_RDONLY|O_NOFOLLOW|O_CLOEXEC|O_DIRECTORY) = 21
2775  openat(AT_FDCWD, "/home/runner/work/_temp/ogvcs-path-trace-workspace/.ogvcs", O_RDONLY|O_NOFOLLOW|O_CLOEXEC|O_DIRECTORY) = 21
2775  openat(AT_FDCWD, "/home/runner/work/_temp/ogvcs-path-trace-workspace/.ogvcs/transactions", O_RDONLY|O_NOFOLLOW|O_CLOEXEC|O_DIRECTORY) = 21
2775  openat(AT_FDCWD, "/home/runner/work/_temp/ogvcs-path-trace-workspace/.ogvcs/rename", O_RDONLY|O_NOFOLLOW|O_CLOEXEC|O_DIRECTORY) = 21
2775  mkdir("/home/runner/work/_temp/ogvcs-path-trace-workspace/.ogvcs-capability-AIJUWd", 0700) = 0
2773  openat(AT_FDCWD, "/home/runner/work/_temp/ogvcs-path-trace-workspace/.ogvcs-capability-AIJUWd/CaseProbe", O_WRONLY|O_CREAT|O_EXCL|O_TRUNC|O_CLOEXEC, 0666) = 21
2773  openat(AT_FDCWD, "/home/runner/work/_temp/ogvcs-path-trace-workspace/.ogvcs-capability-AIJUWd/\303\251", O_WRONLY|O_CREAT|O_EXCL|O_TRUNC|O_CLOEXEC, 0666) = 21
2773  openat(AT_FDCWD, "/home/runner/work/_temp/ogvcs-path-trace-workspace/.ogvcs-capability-AIJUWd/atomic.from", O_WRONLY|O_CREAT|O_EXCL|O_TRUNC|O_CLOEXEC, 0666) = 21
2776  openat(AT_FDCWD, "/home/runner/work/_temp/ogvcs-path-trace-workspace/.ogvcs-capability-AIJUWd/atomic.to", O_WRONLY|O_CREAT|O_EXCL|O_TRUNC|O_CLOEXEC, 0666) = 21
2774  rename("/home/runner/work/_temp/ogvcs-path-trace-workspace/.ogvcs-capability-AIJUWd/atomic.from", "/home/runner/work/_temp/ogvcs-path-trace-workspace/.ogvcs-capability-AIJUWd/atomic.to") = 0
2776  openat(AT_FDCWD, "/home/runner/work/_temp/ogvcs-path-trace-workspace/.ogvcs-capability-AIJUWd/atomic.to", O_RDONLY|O_CLOEXEC) = 21
2776  openat(AT_FDCWD, "/home/runner/work/_temp/ogvcs-path-trace-workspace/.ogvcs-capability-AIJUWd/executable", O_WRONLY|O_CREAT|O_EXCL|O_TRUNC|O_CLOEXEC, 0600) = 21
2773  openat(AT_FDCWD, "/home/runner/work/_temp/ogvcs-path-trace-workspace/.ogvcs-capability-AIJUWd/hardlink.source", O_WRONLY|O_CREAT|O_EXCL|O_TRUNC|O_CLOEXEC, 0666) = 21
2776  link("/home/runner/work/_temp/ogvcs-path-trace-workspace/.ogvcs-capability-AIJUWd/hardlink.source", "/home/runner/work/_temp/ogvcs-path-trace-workspace/.ogvcs-capability-AIJUWd/hardlink.target") = 0
2774  openat(AT_FDCWD, "/home/runner/work/_temp/ogvcs-path-trace-workspace/.ogvcs-capability-AIJUWd/symlink.source", O_WRONLY|O_CREAT|O_EXCL|O_TRUNC|O_CLOEXEC, 0666) = 21
2775  symlink("symlink.source", "/home/runner/work/_temp/ogvcs-path-trace-workspace/.ogvcs-capability-AIJUWd/symlink.target") = 0
2776  openat(AT_FDCWD, "/home/runner/work/_temp/ogvcs-path-trace-workspace/.ogvcs-capability-AIJUWd", O_RDONLY|O_CLOEXEC) = 21
2775  openat(AT_FDCWD, "/home/runner/work/_temp/ogvcs-path-trace-workspace/.ogvcs-capability-AIJUWd", O_RDONLY|O_NONBLOCK|O_CLOEXEC|O_DIRECTORY) = 21
2775  unlink("/home/runner/work/_temp/ogvcs-path-trace-workspace/.ogvcs-capability-AIJUWd/CaseProbe") = 0
2776  unlink("/home/runner/work/_temp/ogvcs-path-trace-workspace/.ogvcs-capability-AIJUWd/atomic.to" <unfinished ...>
2775  unlink("/home/runner/work/_temp/ogvcs-path-trace-workspace/.ogvcs-capability-AIJUWd/hardlink.target" <unfinished ...>
2774  unlink("/home/runner/work/_temp/ogvcs-path-trace-workspace/.ogvcs-capability-AIJUWd/executable" <unfinished ...>
2775  <... unlink resumed>)             = 0
2776  <... unlink resumed>)             = 0
2774  <... unlink resumed>)             = 0
2773  unlink("/home/runner/work/_temp/ogvcs-path-trace-workspace/.ogvcs-capability-AIJUWd/hardlink.source") = 0
2775  unlink("/home/runner/work/_temp/ogvcs-path-trace-workspace/.ogvcs-capability-AIJUWd/\303\251" <unfinished ...>
2773  unlink("/home/runner/work/_temp/ogvcs-path-trace-workspace/.ogvcs-capability-AIJUWd/symlink.source" <unfinished ...>
2775  <... unlink resumed>)             = 0
2776  unlink("/home/runner/work/_temp/ogvcs-path-trace-workspace/.ogvcs-capability-AIJUWd/symlink.target" <unfinished ...>
2773  <... unlink resumed>)             = 0
2776  <... unlink resumed>)             = 0
2775  openat(AT_FDCWD, "/home/runner/work/_temp/ogvcs-path-trace-workspace", O_RDONLY|O_NOFOLLOW|O_CLOEXEC|O_DIRECTORY) = 21
2775  openat(AT_FDCWD, "/home/runner/work/_temp/ogvcs-path-trace-workspace/.ogvcs", O_RDONLY|O_NOFOLLOW|O_CLOEXEC|O_DIRECTORY) = 21
2775  openat(AT_FDCWD, "/home/runner/work/_temp/ogvcs-path-trace-workspace/.ogvcs/transactions", O_RDONLY|O_NOFOLLOW|O_CLOEXEC|O_DIRECTORY) = 21
2775  openat(AT_FDCWD, "/home/runner/work/_temp/ogvcs-path-trace-workspace/.ogvcs/rename", O_RDONLY|O_NOFOLLOW|O_CLOEXEC|O_DIRECTORY) = 21
2775  openat(AT_FDCWD, "/home/runner/work/_temp/ogvcs-path-trace-workspace", O_RDONLY|O_NOFOLLOW|O_CLOEXEC|O_DIRECTORY) = 21
2775  openat(AT_FDCWD, "/home/runner/work/_temp/ogvcs-path-trace-workspace/.ogvcs", O_RDONLY|O_NOFOLLOW|O_CLOEXEC|O_DIRECTORY) = 21
2775  openat(AT_FDCWD, "/home/runner/work/_temp/ogvcs-path-trace-workspace/.ogvcs/transactions", O_RDONLY|O_NOFOLLOW|O_CLOEXEC|O_DIRECTORY) = 21
2775  openat(AT_FDCWD, "/home/runner/work/_temp/ogvcs-path-trace-workspace/.ogvcs/rename", O_RDONLY|O_NOFOLLOW|O_CLOEXEC|O_DIRECTORY) = 21
2775  mkdir("/home/runner/work/_temp/ogvcs-path-trace-workspace/.ogvcs-capability-yWmH40", 0700) = 0
2776  openat(AT_FDCWD, "/home/runner/work/_temp/ogvcs-path-trace-workspace/.ogvcs-capability-yWmH40/CaseProbe", O_WRONLY|O_CREAT|O_EXCL|O_TRUNC|O_CLOEXEC, 0666) = 21
2776  openat(AT_FDCWD, "/home/runner/work/_temp/ogvcs-path-trace-workspace/.ogvcs-capability-yWmH40/\303\251", O_WRONLY|O_CREAT|O_EXCL|O_TRUNC|O_CLOEXEC, 0666) = 21
2776  openat(AT_FDCWD, "/home/runner/work/_temp/ogvcs-path-trace-workspace/.ogvcs-capability-yWmH40/atomic.from", O_WRONLY|O_CREAT|O_EXCL|O_TRUNC|O_CLOEXEC, 0666) = 21
2774  openat(AT_FDCWD, "/home/runner/work/_temp/ogvcs-path-trace-workspace/.ogvcs-capability-yWmH40/atomic.to", O_WRONLY|O_CREAT|O_EXCL|O_TRUNC|O_CLOEXEC, 0666) = 21
2773  rename("/home/runner/work/_temp/ogvcs-path-trace-workspace/.ogvcs-capability-yWmH40/atomic.from", "/home/runner/work/_temp/ogvcs-path-trace-workspace/.ogvcs-capability-yWmH40/atomic.to") = 0
2774  openat(AT_FDCWD, "/home/runner/work/_temp/ogvcs-path-trace-workspace/.ogvcs-capability-yWmH40/atomic.to", O_RDONLY|O_CLOEXEC) = 21
2774  openat(AT_FDCWD, "/home/runner/work/_temp/ogvcs-path-trace-workspace/.ogvcs-capability-yWmH40/executable", O_WRONLY|O_CREAT|O_EXCL|O_TRUNC|O_CLOEXEC, 0600) = 21
2776  openat(AT_FDCWD, "/home/runner/work/_temp/ogvcs-path-trace-workspace/.ogvcs-capability-yWmH40/hardlink.source", O_WRONLY|O_CREAT|O_EXCL|O_TRUNC|O_CLOEXEC, 0666) = 21
2774  link("/home/runner/work/_temp/ogvcs-path-trace-workspace/.ogvcs-capability-yWmH40/hardlink.source", "/home/runner/work/_temp/ogvcs-path-trace-workspace/.ogvcs-capability-yWmH40/hardlink.target") = 0
2773  openat(AT_FDCWD, "/home/runner/work/_temp/ogvcs-path-trace-workspace/.ogvcs-capability-yWmH40/symlink.source", O_WRONLY|O_CREAT|O_EXCL|O_TRUNC|O_CLOEXEC, 0666) = 21
2775  symlink("symlink.source", "/home/runner/work/_temp/ogvcs-path-trace-workspace/.ogvcs-capability-yWmH40/symlink.target") = 0
2774  openat(AT_FDCWD, "/home/runner/work/_temp/ogvcs-path-trace-workspace/.ogvcs-capability-yWmH40", O_RDONLY|O_CLOEXEC) = 21
2775  openat(AT_FDCWD, "/home/runner/work/_temp/ogvcs-path-trace-workspace/.ogvcs-capability-yWmH40", O_RDONLY|O_NONBLOCK|O_CLOEXEC|O_DIRECTORY) = 21
2776  unlink("/home/runner/work/_temp/ogvcs-path-trace-workspace/.ogvcs-capability-yWmH40/CaseProbe") = 0
2773  unlink("/home/runner/work/_temp/ogvcs-path-trace-workspace/.ogvcs-capability-yWmH40/executable" <unfinished ...>
2776  unlink("/home/runner/work/_temp/ogvcs-path-trace-workspace/.ogvcs-capability-yWmH40/atomic.to" <unfinished ...>
2773  <... unlink resumed>)             = 0
2776  <... unlink resumed>)             = 0
2774  unlink("/home/runner/work/_temp/ogvcs-path-trace-workspace/.ogvcs-capability-yWmH40/hardlink.source") = 0
2776  unlink("/home/runner/work/_temp/ogvcs-path-trace-workspace/.ogvcs-capability-yWmH40/hardlink.target") = 0
2776  unlink("/home/runner/work/_temp/ogvcs-path-trace-workspace/.ogvcs-capability-yWmH40/symlink.target" <unfinished ...>
2774  unlink("/home/runner/work/_temp/ogvcs-path-trace-workspace/.ogvcs-capability-yWmH40/symlink.source" <unfinished ...>
2776  <... unlink resumed>)             = 0
2774  <... unlink resumed>)             = 0
2775  unlink("/home/runner/work/_temp/ogvcs-path-trace-workspace/.ogvcs-capability-yWmH40/\303\251") = 0
2773  openat(AT_FDCWD, "/home/runner/work/_temp/ogvcs-path-trace-workspace", O_RDONLY|O_NOFOLLOW|O_CLOEXEC|O_DIRECTORY) = 21
2773  openat(AT_FDCWD, "/home/runner/work/_temp/ogvcs-path-trace-workspace/.ogvcs", O_RDONLY|O_NOFOLLOW|O_CLOEXEC|O_DIRECTORY) = 21
2773  openat(AT_FDCWD, "/home/runner/work/_temp/ogvcs-path-trace-workspace/.ogvcs/transactions", O_RDONLY|O_NOFOLLOW|O_CLOEXEC|O_DIRECTORY) = 21
2773  openat(AT_FDCWD, "/home/runner/work/_temp/ogvcs-path-trace-workspace/.ogvcs/rename", O_RDONLY|O_NOFOLLOW|O_CLOEXEC|O_DIRECTORY) = 21
2773  openat(AT_FDCWD, "/home/runner/work/_temp/ogvcs-path-trace-workspace", O_RDONLY|O_NOFOLLOW|O_CLOEXEC|O_DIRECTORY) = 21
2773  openat(AT_FDCWD, "/home/runner/work/_temp/ogvcs-path-trace-workspace/.ogvcs", O_RDONLY|O_NOFOLLOW|O_CLOEXEC|O_DIRECTORY) = 21
2773  openat(AT_FDCWD, "/home/runner/work/_temp/ogvcs-path-trace-workspace/.ogvcs/transactions", O_RDONLY|O_NOFOLLOW|O_CLOEXEC|O_DIRECTORY) = 21
2773  openat(AT_FDCWD, "/home/runner/work/_temp/ogvcs-path-trace-workspace/.ogvcs/rename", O_RDONLY|O_NOFOLLOW|O_CLOEXEC|O_DIRECTORY) = 21
2773  mkdir("/home/runner/work/_temp/ogvcs-path-trace-workspace/Race", 0700) = 0
2774  openat(AT_FDCWD, "/home/runner/work/_temp/ogvcs-path-trace-workspace/.ogvcs/transactions/f2aba19e3abc41459538bf3538d33457.json.4a7311d523b849a587b66314b8716289.tmp", O_WRONLY|O_CREAT|O_EXCL|O_CLOEXEC, 0600) = 21
2774  rename("/home/runner/work/_temp/ogvcs-path-trace-workspace/.ogvcs/transactions/f2aba19e3abc41459538bf3538d33457.json.4a7311d523b849a587b66314b8716289.tmp", "/home/runner/work/_temp/ogvcs-path-trace-workspace/.ogvcs/transactions/f2aba19e3abc41459538bf3538d33457.json") = 0
2773  openat(AT_FDCWD, "/home/runner/work/_temp/ogvcs-path-trace-workspace/.ogvcs/transactions", O_RDONLY|O_NOFOLLOW|O_CLOEXEC|O_DIRECTORY) = 21
2775  openat(AT_FDCWD, "/home/runner/work/_temp/ogvcs-path-trace-workspace", O_RDONLY|O_NOFOLLOW|O_CLOEXEC|O_DIRECTORY) = 21
2775  openat(AT_FDCWD, "/home/runner/work/_temp/ogvcs-path-trace-workspace/.ogvcs", O_RDONLY|O_NOFOLLOW|O_CLOEXEC|O_DIRECTORY) = 21
2775  openat(AT_FDCWD, "/home/runner/work/_temp/ogvcs-path-trace-workspace/.ogvcs/transactions", O_RDONLY|O_NOFOLLOW|O_CLOEXEC|O_DIRECTORY) = 21
2775  openat(AT_FDCWD, "/home/runner/work/_temp/ogvcs-path-trace-workspace/.ogvcs/rename", O_RDONLY|O_NOFOLLOW|O_CLOEXEC|O_DIRECTORY) = 21
2773  openat(AT_FDCWD, "/home/runner/work/_temp/ogvcs-path-trace-workspace/.ogvcs/transactions/f2aba19e3abc41459538bf3538d33457.stage", O_WRONLY|O_CREAT|O_EXCL|O_CLOEXEC, 0600) = 21
2775  openat(AT_FDCWD, "/home/runner/work/_temp/ogvcs-path-trace-workspace", O_RDONLY|O_NOFOLLOW|O_CLOEXEC|O_DIRECTORY) = 21
2775  openat(AT_FDCWD, "/home/runner/work/_temp/ogvcs-path-trace-workspace/.ogvcs", O_RDONLY|O_NOFOLLOW|O_CLOEXEC|O_DIRECTORY) = 21
2775  openat(AT_FDCWD, "/home/runner/work/_temp/ogvcs-path-trace-workspace/.ogvcs/transactions", O_RDONLY|O_NOFOLLOW|O_CLOEXEC|O_DIRECTORY) = 21
2775  openat(AT_FDCWD, "/home/runner/work/_temp/ogvcs-path-trace-workspace/.ogvcs/rename", O_RDONLY|O_NOFOLLOW|O_CLOEXEC|O_DIRECTORY) = 21
2775  openat(AT_FDCWD, "/home/runner/work/_temp/ogvcs-path-trace-workspace/.ogvcs/transactions/f2aba19e3abc41459538bf3538d33457.stage", O_RDONLY|O_NOFOLLOW|O_CLOEXEC) = 21
2776  openat(AT_FDCWD, "/home/runner/work/_temp/ogvcs-path-trace-workspace/.ogvcs/transactions/f2aba19e3abc41459538bf3538d33457.json.d6a9aed873664c34a4537a60580e4722.tmp", O_WRONLY|O_CREAT|O_EXCL|O_CLOEXEC, 0600) = 21
2776  rename("/home/runner/work/_temp/ogvcs-path-trace-workspace/.ogvcs/transactions/f2aba19e3abc41459538bf3538d33457.json.d6a9aed873664c34a4537a60580e4722.tmp", "/home/runner/work/_temp/ogvcs-path-trace-workspace/.ogvcs/transactions/f2aba19e3abc41459538bf3538d33457.json") = 0
2774  openat(AT_FDCWD, "/home/runner/work/_temp/ogvcs-path-trace-workspace/.ogvcs/transactions", O_RDONLY|O_NOFOLLOW|O_CLOEXEC|O_DIRECTORY) = 21
2773  openat(AT_FDCWD, "/home/runner/work/_temp/ogvcs-path-trace-workspace", O_RDONLY|O_NOFOLLOW|O_CLOEXEC|O_DIRECTORY) = 21
2773  openat(AT_FDCWD, "/home/runner/work/_temp/ogvcs-path-trace-workspace/.ogvcs", O_RDONLY|O_NOFOLLOW|O_CLOEXEC|O_DIRECTORY) = 21
2773  openat(AT_FDCWD, "/home/runner/work/_temp/ogvcs-path-trace-workspace/.ogvcs/transactions", O_RDONLY|O_NOFOLLOW|O_CLOEXEC|O_DIRECTORY) = 21
2773  openat(AT_FDCWD, "/home/runner/work/_temp/ogvcs-path-trace-workspace/.ogvcs/rename", O_RDONLY|O_NOFOLLOW|O_CLOEXEC|O_DIRECTORY) = 21
2773  openat(AT_FDCWD, "/home/runner/work/_temp/ogvcs-path-trace-workspace/Race", O_RDONLY|O_NOFOLLOW|O_CLOEXEC|O_DIRECTORY) = 21
2776  openat(AT_FDCWD, "/home/runner/work/_temp/ogvcs-path-trace-workspace", O_RDONLY|O_NOFOLLOW|O_CLOEXEC|O_DIRECTORY) = 21
2776  openat(AT_FDCWD, "/home/runner/work/_temp/ogvcs-path-trace-workspace/.ogvcs", O_RDONLY|O_NOFOLLOW|O_CLOEXEC|O_DIRECTORY) = 21
2776  openat(AT_FDCWD, "/home/runner/work/_temp/ogvcs-path-trace-workspace/.ogvcs/transactions", O_RDONLY|O_NOFOLLOW|O_CLOEXEC|O_DIRECTORY) = 21
2776  openat(AT_FDCWD, "/home/runner/work/_temp/ogvcs-path-trace-workspace/.ogvcs/rename", O_RDONLY|O_NOFOLLOW|O_CLOEXEC|O_DIRECTORY) = 21
2776  openat(AT_FDCWD, "/home/runner/work/_temp/ogvcs-path-trace-workspace/Race", O_RDONLY|O_NOFOLLOW|O_CLOEXEC|O_DIRECTORY) = 21
2773  openat(AT_FDCWD, "/home/runner/work/_temp/ogvcs-path-trace-workspace/.ogvcs/transactions/f2aba19e3abc41459538bf3538d33457.stage", O_RDONLY|O_NOFOLLOW|O_CLOEXEC) = 21
2775  rename("/home/runner/work/_temp/ogvcs-path-trace-workspace/.ogvcs/transactions/f2aba19e3abc41459538bf3538d33457.stage", "/home/runner/work/_temp/ogvcs-path-trace-workspace/Race/target") = 0
2776  openat(AT_FDCWD, "/home/runner/work/_temp/ogvcs-path-trace-workspace/Race", O_RDONLY|O_NOFOLLOW|O_CLOEXEC|O_DIRECTORY) = 21
2774  openat(AT_FDCWD, "/home/runner/work/_temp/ogvcs-path-trace-workspace/Race/target", O_RDONLY|O_NOFOLLOW|O_CLOEXEC) = 21
2775  openat(AT_FDCWD, "/home/runner/work/_temp/ogvcs-path-trace-workspace", O_RDONLY|O_NOFOLLOW|O_CLOEXEC|O_DIRECTORY) = 21
2775  openat(AT_FDCWD, "/home/runner/work/_temp/ogvcs-path-trace-workspace/.ogvcs", O_RDONLY|O_NOFOLLOW|O_CLOEXEC|O_DIRECTORY) = 21
2775  openat(AT_FDCWD, "/home/runner/work/_temp/ogvcs-path-trace-workspace/.ogvcs/transactions", O_RDONLY|O_NOFOLLOW|O_CLOEXEC|O_DIRECTORY) = 21
2775  openat(AT_FDCWD, "/home/runner/work/_temp/ogvcs-path-trace-workspace/.ogvcs/rename", O_RDONLY|O_NOFOLLOW|O_CLOEXEC|O_DIRECTORY) = 21
2773  openat(AT_FDCWD, "/home/runner/work/_temp/ogvcs-path-trace-workspace/.ogvcs/transactions/f2aba19e3abc41459538bf3538d33457.json.da4f40b43ccb4039bd54bce77f5d9122.tmp", O_WRONLY|O_CREAT|O_EXCL|O_CLOEXEC, 0600) = 21
2773  rename("/home/runner/work/_temp/ogvcs-path-trace-workspace/.ogvcs/transactions/f2aba19e3abc41459538bf3538d33457.json.da4f40b43ccb4039bd54bce77f5d9122.tmp", "/home/runner/work/_temp/ogvcs-path-trace-workspace/.ogvcs/transactions/f2aba19e3abc41459538bf3538d33457.json") = 0
2775  openat(AT_FDCWD, "/home/runner/work/_temp/ogvcs-path-trace-workspace/.ogvcs/transactions", O_RDONLY|O_NOFOLLOW|O_CLOEXEC|O_DIRECTORY) = 21
2776  openat(AT_FDCWD, "/home/runner/work/_temp/ogvcs-path-trace-workspace", O_RDONLY|O_NOFOLLOW|O_CLOEXEC|O_DIRECTORY) = 21
2776  openat(AT_FDCWD, "/home/runner/work/_temp/ogvcs-path-trace-workspace/.ogvcs", O_RDONLY|O_NOFOLLOW|O_CLOEXEC|O_DIRECTORY) = 21
2776  openat(AT_FDCWD, "/home/runner/work/_temp/ogvcs-path-trace-workspace/.ogvcs/transactions", O_RDONLY|O_NOFOLLOW|O_CLOEXEC|O_DIRECTORY) = 21
2776  openat(AT_FDCWD, "/home/runner/work/_temp/ogvcs-path-trace-workspace/.ogvcs/rename", O_RDONLY|O_NOFOLLOW|O_CLOEXEC|O_DIRECTORY) = 21
2774  unlink("/home/runner/work/_temp/ogvcs-path-trace-workspace/.ogvcs/transactions/f2aba19e3abc41459538bf3538d33457.json") = 0
2773  openat(AT_FDCWD, "/home/runner/work/_temp/ogvcs-path-trace-workspace/.ogvcs/transactions", O_RDONLY|O_NOFOLLOW|O_CLOEXEC|O_DIRECTORY) = 21
2775  openat(AT_FDCWD, "/home/runner/work/_temp/ogvcs-path-trace-workspace", O_RDONLY|O_NOFOLLOW|O_CLOEXEC|O_DIRECTORY) = 21
2775  openat(AT_FDCWD, "/home/runner/work/_temp/ogvcs-path-trace-workspace/.ogvcs", O_RDONLY|O_NOFOLLOW|O_CLOEXEC|O_DIRECTORY) = 21
2775  openat(AT_FDCWD, "/home/runner/work/_temp/ogvcs-path-trace-workspace/.ogvcs/transactions", O_RDONLY|O_NOFOLLOW|O_CLOEXEC|O_DIRECTORY) = 21
2775  openat(AT_FDCWD, "/home/runner/work/_temp/ogvcs-path-trace-workspace/.ogvcs/rename", O_RDONLY|O_NOFOLLOW|O_CLOEXEC|O_DIRECTORY) = 21
2775  mkdir("/home/runner/work/_temp/ogvcs-path-trace-workspace/.ogvcs-capability-9d5qtq", 0700) = 0
2773  openat(AT_FDCWD, "/home/runner/work/_temp/ogvcs-path-trace-workspace/.ogvcs-capability-9d5qtq/CaseProbe", O_WRONLY|O_CREAT|O_EXCL|O_TRUNC|O_CLOEXEC, 0666) = 21
2773  openat(AT_FDCWD, "/home/runner/work/_temp/ogvcs-path-trace-workspace/.ogvcs-capability-9d5qtq/\303\251", O_WRONLY|O_CREAT|O_EXCL|O_TRUNC|O_CLOEXEC, 0666) = 21
2773  openat(AT_FDCWD, "/home/runner/work/_temp/ogvcs-path-trace-workspace/.ogvcs-capability-9d5qtq/atomic.from", O_WRONLY|O_CREAT|O_EXCL|O_TRUNC|O_CLOEXEC, 0666) = 21
2774  openat(AT_FDCWD, "/home/runner/work/_temp/ogvcs-path-trace-workspace/.ogvcs-capability-9d5qtq/atomic.to", O_WRONLY|O_CREAT|O_EXCL|O_TRUNC|O_CLOEXEC, 0666) = 21
2776  rename("/home/runner/work/_temp/ogvcs-path-trace-workspace/.ogvcs-capability-9d5qtq/atomic.from", "/home/runner/work/_temp/ogvcs-path-trace-workspace/.ogvcs-capability-9d5qtq/atomic.to") = 0
2774  openat(AT_FDCWD, "/home/runner/work/_temp/ogvcs-path-trace-workspace/.ogvcs-capability-9d5qtq/atomic.to", O_RDONLY|O_CLOEXEC) = 21
2774  openat(AT_FDCWD, "/home/runner/work/_temp/ogvcs-path-trace-workspace/.ogvcs-capability-9d5qtq/executable", O_WRONLY|O_CREAT|O_EXCL|O_TRUNC|O_CLOEXEC, 0600) = 21
2773  openat(AT_FDCWD, "/home/runner/work/_temp/ogvcs-path-trace-workspace/.ogvcs-capability-9d5qtq/hardlink.source", O_WRONLY|O_CREAT|O_EXCL|O_TRUNC|O_CLOEXEC, 0666) = 21
2774  link("/home/runner/work/_temp/ogvcs-path-trace-workspace/.ogvcs-capability-9d5qtq/hardlink.source", "/home/runner/work/_temp/ogvcs-path-trace-workspace/.ogvcs-capability-9d5qtq/hardlink.target") = 0
2776  openat(AT_FDCWD, "/home/runner/work/_temp/ogvcs-path-trace-workspace/.ogvcs-capability-9d5qtq/symlink.source", O_WRONLY|O_CREAT|O_EXCL|O_TRUNC|O_CLOEXEC, 0666) = 21
2775  symlink("symlink.source", "/home/runner/work/_temp/ogvcs-path-trace-workspace/.ogvcs-capability-9d5qtq/symlink.target") = 0
2774  openat(AT_FDCWD, "/home/runner/work/_temp/ogvcs-path-trace-workspace/.ogvcs-capability-9d5qtq", O_RDONLY|O_CLOEXEC) = 21
2775  openat(AT_FDCWD, "/home/runner/work/_temp/ogvcs-path-trace-workspace/.ogvcs-capability-9d5qtq", O_RDONLY|O_NONBLOCK|O_CLOEXEC|O_DIRECTORY) = 21
2775  unlink("/home/runner/work/_temp/ogvcs-path-trace-workspace/.ogvcs-capability-9d5qtq/CaseProbe") = 0
2774  unlink("/home/runner/work/_temp/ogvcs-path-trace-workspace/.ogvcs-capability-9d5qtq/executable") = 0
2773  unlink("/home/runner/work/_temp/ogvcs-path-trace-workspace/.ogvcs-capability-9d5qtq/atomic.to") = 0
2776  unlink("/home/runner/work/_temp/ogvcs-path-trace-workspace/.ogvcs-capability-9d5qtq/hardlink.source") = 0
2774  unlink("/home/runner/work/_temp/ogvcs-path-trace-workspace/.ogvcs-capability-9d5qtq/hardlink.target") = 0
2775  unlink("/home/runner/work/_temp/ogvcs-path-trace-workspace/.ogvcs-capability-9d5qtq/symlink.source") = 0
2776  unlink("/home/runner/work/_temp/ogvcs-path-trace-workspace/.ogvcs-capability-9d5qtq/symlink.target") = 0
2773  unlink("/home/runner/work/_temp/ogvcs-path-trace-workspace/.ogvcs-capability-9d5qtq/\303\251") = 0
2776  openat(AT_FDCWD, "/home/runner/work/_temp/ogvcs-path-trace-workspace", O_RDONLY|O_NOFOLLOW|O_CLOEXEC|O_DIRECTORY) = 21
2776  openat(AT_FDCWD, "/home/runner/work/_temp/ogvcs-path-trace-workspace/.ogvcs", O_RDONLY|O_NOFOLLOW|O_CLOEXEC|O_DIRECTORY) = 21
2776  openat(AT_FDCWD, "/home/runner/work/_temp/ogvcs-path-trace-workspace/.ogvcs/transactions", O_RDONLY|O_NOFOLLOW|O_CLOEXEC|O_DIRECTORY) = 21
2776  openat(AT_FDCWD, "/home/runner/work/_temp/ogvcs-path-trace-workspace/.ogvcs/rename", O_RDONLY|O_NOFOLLOW|O_CLOEXEC|O_DIRECTORY) = 21
2776  openat(AT_FDCWD, "/home/runner/work/_temp/ogvcs-path-trace-workspace", O_RDONLY|O_NOFOLLOW|O_CLOEXEC|O_DIRECTORY) = 21
2776  openat(AT_FDCWD, "/home/runner/work/_temp/ogvcs-path-trace-workspace/.ogvcs", O_RDONLY|O_NOFOLLOW|O_CLOEXEC|O_DIRECTORY) = 21
2776  openat(AT_FDCWD, "/home/runner/work/_temp/ogvcs-path-trace-workspace/.ogvcs/transactions", O_RDONLY|O_NOFOLLOW|O_CLOEXEC|O_DIRECTORY) = 21
2776  openat(AT_FDCWD, "/home/runner/work/_temp/ogvcs-path-trace-workspace/.ogvcs/rename", O_RDONLY|O_NOFOLLOW|O_CLOEXEC|O_DIRECTORY) = 21
2776  mkdir("/home/runner/work/_temp/ogvcs-path-trace-workspace/.ogvcs-capability-Cqlan5", 0700) = 0
2774  openat(AT_FDCWD, "/home/runner/work/_temp/ogvcs-path-trace-workspace/.ogvcs-capability-Cqlan5/CaseProbe", O_WRONLY|O_CREAT|O_EXCL|O_TRUNC|O_CLOEXEC, 0666) = 21
2774  openat(AT_FDCWD, "/home/runner/work/_temp/ogvcs-path-trace-workspace/.ogvcs-capability-Cqlan5/\303\251", O_WRONLY|O_CREAT|O_EXCL|O_TRUNC|O_CLOEXEC, 0666) = 21
2774  openat(AT_FDCWD, "/home/runner/work/_temp/ogvcs-path-trace-workspace/.ogvcs-capability-Cqlan5/atomic.from", O_WRONLY|O_CREAT|O_EXCL|O_TRUNC|O_CLOEXEC, 0666) = 21
2775  openat(AT_FDCWD, "/home/runner/work/_temp/ogvcs-path-trace-workspace/.ogvcs-capability-Cqlan5/atomic.to", O_WRONLY|O_CREAT|O_EXCL|O_TRUNC|O_CLOEXEC, 0666) = 21
2773  rename("/home/runner/work/_temp/ogvcs-path-trace-workspace/.ogvcs-capability-Cqlan5/atomic.from", "/home/runner/work/_temp/ogvcs-path-trace-workspace/.ogvcs-capability-Cqlan5/atomic.to") = 0
2775  openat(AT_FDCWD, "/home/runner/work/_temp/ogvcs-path-trace-workspace/.ogvcs-capability-Cqlan5/atomic.to", O_RDONLY|O_CLOEXEC) = 21
2775  openat(AT_FDCWD, "/home/runner/work/_temp/ogvcs-path-trace-workspace/.ogvcs-capability-Cqlan5/executable", O_WRONLY|O_CREAT|O_EXCL|O_TRUNC|O_CLOEXEC, 0600) = 21
2774  openat(AT_FDCWD, "/home/runner/work/_temp/ogvcs-path-trace-workspace/.ogvcs-capability-Cqlan5/hardlink.source", O_WRONLY|O_CREAT|O_EXCL|O_TRUNC|O_CLOEXEC, 0666) = 21
2775  link("/home/runner/work/_temp/ogvcs-path-trace-workspace/.ogvcs-capability-Cqlan5/hardlink.source", "/home/runner/work/_temp/ogvcs-path-trace-workspace/.ogvcs-capability-Cqlan5/hardlink.target") = 0
2773  openat(AT_FDCWD, "/home/runner/work/_temp/ogvcs-path-trace-workspace/.ogvcs-capability-Cqlan5/symlink.source", O_WRONLY|O_CREAT|O_EXCL|O_TRUNC|O_CLOEXEC, 0666) = 21
2776  symlink("symlink.source", "/home/runner/work/_temp/ogvcs-path-trace-workspace/.ogvcs-capability-Cqlan5/symlink.target") = 0
2775  openat(AT_FDCWD, "/home/runner/work/_temp/ogvcs-path-trace-workspace/.ogvcs-capability-Cqlan5", O_RDONLY|O_CLOEXEC) = 21
2776  openat(AT_FDCWD, "/home/runner/work/_temp/ogvcs-path-trace-workspace/.ogvcs-capability-Cqlan5", O_RDONLY|O_NONBLOCK|O_CLOEXEC|O_DIRECTORY) = 21
2773  unlink("/home/runner/work/_temp/ogvcs-path-trace-workspace/.ogvcs-capability-Cqlan5/CaseProbe" <unfinished ...>
2775  unlink("/home/runner/work/_temp/ogvcs-path-trace-workspace/.ogvcs-capability-Cqlan5/executable" <unfinished ...>
2774  unlink("/home/runner/work/_temp/ogvcs-path-trace-workspace/.ogvcs-capability-Cqlan5/atomic.to" <unfinished ...>
2773  <... unlink resumed>)             = 0
2775  <... unlink resumed>)             = 0
2776  unlink("/home/runner/work/_temp/ogvcs-path-trace-workspace/.ogvcs-capability-Cqlan5/hardlink.target" <unfinished ...>
2774  <... unlink resumed>)             = 0
2776  <... unlink resumed>)             = 0
2773  unlink("/home/runner/work/_temp/ogvcs-path-trace-workspace/.ogvcs-capability-Cqlan5/symlink.source") = 0
2774  unlink("/home/runner/work/_temp/ogvcs-path-trace-workspace/.ogvcs-capability-Cqlan5/hardlink.source") = 0
2773  unlink("/home/runner/work/_temp/ogvcs-path-trace-workspace/.ogvcs-capability-Cqlan5/symlink.target") = 0
2774  unlink("/home/runner/work/_temp/ogvcs-path-trace-workspace/.ogvcs-capability-Cqlan5/\303\251") = 0
2775  openat(AT_FDCWD, "/home/runner/work/_temp/ogvcs-path-trace-workspace", O_RDONLY|O_NOFOLLOW|O_CLOEXEC|O_DIRECTORY) = 21
2775  openat(AT_FDCWD, "/home/runner/work/_temp/ogvcs-path-trace-workspace/.ogvcs", O_RDONLY|O_NOFOLLOW|O_CLOEXEC|O_DIRECTORY) = 21
2775  openat(AT_FDCWD, "/home/runner/work/_temp/ogvcs-path-trace-workspace/.ogvcs/transactions", O_RDONLY|O_NOFOLLOW|O_CLOEXEC|O_DIRECTORY) = 21
2775  openat(AT_FDCWD, "/home/runner/work/_temp/ogvcs-path-trace-workspace/.ogvcs/rename", O_RDONLY|O_NOFOLLOW|O_CLOEXEC|O_DIRECTORY) = 21
2775  openat(AT_FDCWD, "/home/runner/work/_temp/ogvcs-path-trace-workspace", O_RDONLY|O_NOFOLLOW|O_CLOEXEC|O_DIRECTORY) = 21
2775  openat(AT_FDCWD, "/home/runner/work/_temp/ogvcs-path-trace-workspace/.ogvcs", O_RDONLY|O_NOFOLLOW|O_CLOEXEC|O_DIRECTORY) = 21
2775  openat(AT_FDCWD, "/home/runner/work/_temp/ogvcs-path-trace-workspace/.ogvcs/transactions", O_RDONLY|O_NOFOLLOW|O_CLOEXEC|O_DIRECTORY) = 21
2775  openat(AT_FDCWD, "/home/runner/work/_temp/ogvcs-path-trace-workspace/.ogvcs/rename", O_RDONLY|O_NOFOLLOW|O_CLOEXEC|O_DIRECTORY) = 21
2773  openat(AT_FDCWD, "/home/runner/work/_temp/ogvcs-path-trace-workspace/Race/target", O_RDONLY|O_NOFOLLOW|O_CLOEXEC) = 21
2774  openat(AT_FDCWD, "/home/runner/work/_temp/ogvcs-path-trace-workspace/.ogvcs/transactions/e62d78158bbe46cf9d3a628ce5c83e6a.json.12fdc83f9aca4504ba15eeb47cc92ae1.tmp", O_WRONLY|O_CREAT|O_EXCL|O_CLOEXEC, 0600) = 21
2774  rename("/home/runner/work/_temp/ogvcs-path-trace-workspace/.ogvcs/transactions/e62d78158bbe46cf9d3a628ce5c83e6a.json.12fdc83f9aca4504ba15eeb47cc92ae1.tmp", "/home/runner/work/_temp/ogvcs-path-trace-workspace/.ogvcs/transactions/e62d78158bbe46cf9d3a628ce5c83e6a.json") = 0
2776  openat(AT_FDCWD, "/home/runner/work/_temp/ogvcs-path-trace-workspace/.ogvcs/transactions", O_RDONLY|O_NOFOLLOW|O_CLOEXEC|O_DIRECTORY) = 21
2775  openat(AT_FDCWD, "/home/runner/work/_temp/ogvcs-path-trace-workspace", O_RDONLY|O_NOFOLLOW|O_CLOEXEC|O_DIRECTORY) = 21
2775  openat(AT_FDCWD, "/home/runner/work/_temp/ogvcs-path-trace-workspace/.ogvcs", O_RDONLY|O_NOFOLLOW|O_CLOEXEC|O_DIRECTORY) = 21
2775  openat(AT_FDCWD, "/home/runner/work/_temp/ogvcs-path-trace-workspace/.ogvcs/transactions", O_RDONLY|O_NOFOLLOW|O_CLOEXEC|O_DIRECTORY) = 21
2775  openat(AT_FDCWD, "/home/runner/work/_temp/ogvcs-path-trace-workspace/.ogvcs/rename", O_RDONLY|O_NOFOLLOW|O_CLOEXEC|O_DIRECTORY) = 21
2776  openat(AT_FDCWD, "/home/runner/work/_temp/ogvcs-path-trace-workspace/.ogvcs/transactions/e62d78158bbe46cf9d3a628ce5c83e6a.stage", O_WRONLY|O_CREAT|O_EXCL|O_CLOEXEC, 0600) = 21
2775  openat(AT_FDCWD, "/home/runner/work/_temp/ogvcs-path-trace-workspace", O_RDONLY|O_NOFOLLOW|O_CLOEXEC|O_DIRECTORY) = 21
2775  openat(AT_FDCWD, "/home/runner/work/_temp/ogvcs-path-trace-workspace/.ogvcs", O_RDONLY|O_NOFOLLOW|O_CLOEXEC|O_DIRECTORY) = 21
2775  openat(AT_FDCWD, "/home/runner/work/_temp/ogvcs-path-trace-workspace/.ogvcs/transactions", O_RDONLY|O_NOFOLLOW|O_CLOEXEC|O_DIRECTORY) = 21
2775  openat(AT_FDCWD, "/home/runner/work/_temp/ogvcs-path-trace-workspace/.ogvcs/rename", O_RDONLY|O_NOFOLLOW|O_CLOEXEC|O_DIRECTORY) = 21
2775  openat(AT_FDCWD, "/home/runner/work/_temp/ogvcs-path-trace-workspace/.ogvcs/transactions/e62d78158bbe46cf9d3a628ce5c83e6a.stage", O_RDONLY|O_NOFOLLOW|O_CLOEXEC) = 21
2773  openat(AT_FDCWD, "/home/runner/work/_temp/ogvcs-path-trace-workspace/.ogvcs/transactions/e62d78158bbe46cf9d3a628ce5c83e6a.json.9e38870a3bd54ea9a8a58ace9152ce9e.tmp", O_WRONLY|O_CREAT|O_EXCL|O_CLOEXEC, 0600) = 21
2773  rename("/home/runner/work/_temp/ogvcs-path-trace-workspace/.ogvcs/transactions/e62d78158bbe46cf9d3a628ce5c83e6a.json.9e38870a3bd54ea9a8a58ace9152ce9e.tmp", "/home/runner/work/_temp/ogvcs-path-trace-workspace/.ogvcs/transactions/e62d78158bbe46cf9d3a628ce5c83e6a.json") = 0
2774  openat(AT_FDCWD, "/home/runner/work/_temp/ogvcs-path-trace-workspace/.ogvcs/transactions", O_RDONLY|O_NOFOLLOW|O_CLOEXEC|O_DIRECTORY) = 21
2776  openat(AT_FDCWD, "/home/runner/work/_temp/ogvcs-path-trace-workspace", O_RDONLY|O_NOFOLLOW|O_CLOEXEC|O_DIRECTORY) = 21
2776  openat(AT_FDCWD, "/home/runner/work/_temp/ogvcs-path-trace-workspace/.ogvcs", O_RDONLY|O_NOFOLLOW|O_CLOEXEC|O_DIRECTORY) = 21
2776  openat(AT_FDCWD, "/home/runner/work/_temp/ogvcs-path-trace-workspace/.ogvcs/transactions", O_RDONLY|O_NOFOLLOW|O_CLOEXEC|O_DIRECTORY) = 21
2776  openat(AT_FDCWD, "/home/runner/work/_temp/ogvcs-path-trace-workspace/.ogvcs/rename", O_RDONLY|O_NOFOLLOW|O_CLOEXEC|O_DIRECTORY) = 21
2776  openat(AT_FDCWD, "/home/runner/work/_temp/ogvcs-path-trace-workspace/Race", O_RDONLY|O_NOFOLLOW|O_CLOEXEC|O_DIRECTORY) = 21
2775  openat(AT_FDCWD, "/home/runner/work/_temp/ogvcs-path-trace-workspace/Race/target", O_RDONLY|O_NOFOLLOW|O_CLOEXEC) = 21
2773  openat(AT_FDCWD, "/home/runner/work/_temp/ogvcs-path-trace-workspace/Race/target", O_WRONLY|O_CREAT|O_TRUNC|O_CLOEXEC, 0666) = 21
2773  openat(AT_FDCWD, "/home/runner/work/_temp/ogvcs-path-trace-workspace", O_RDONLY|O_NOFOLLOW|O_CLOEXEC|O_DIRECTORY) = 21
2773  openat(AT_FDCWD, "/home/runner/work/_temp/ogvcs-path-trace-workspace/.ogvcs", O_RDONLY|O_NOFOLLOW|O_CLOEXEC|O_DIRECTORY) = 21
2773  openat(AT_FDCWD, "/home/runner/work/_temp/ogvcs-path-trace-workspace/.ogvcs/transactions", O_RDONLY|O_NOFOLLOW|O_CLOEXEC|O_DIRECTORY) = 21
2773  openat(AT_FDCWD, "/home/runner/work/_temp/ogvcs-path-trace-workspace/.ogvcs/rename", O_RDONLY|O_NOFOLLOW|O_CLOEXEC|O_DIRECTORY) = 21
2773  openat(AT_FDCWD, "/home/runner/work/_temp/ogvcs-path-trace-workspace/Race", O_RDONLY|O_NOFOLLOW|O_CLOEXEC|O_DIRECTORY) = 21
2774  openat(AT_FDCWD, "/home/runner/work/_temp/ogvcs-path-trace-workspace/Race/target", O_RDONLY|O_NOFOLLOW|O_CLOEXEC) = 21
2775  openat(AT_FDCWD, "/home/runner/work/_temp/ogvcs-path-trace-workspace", O_RDONLY|O_NOFOLLOW|O_CLOEXEC|O_DIRECTORY) = 21
2775  openat(AT_FDCWD, "/home/runner/work/_temp/ogvcs-path-trace-workspace/.ogvcs", O_RDONLY|O_NOFOLLOW|O_CLOEXEC|O_DIRECTORY) = 21
2775  openat(AT_FDCWD, "/home/runner/work/_temp/ogvcs-path-trace-workspace/.ogvcs/transactions", O_RDONLY|O_NOFOLLOW|O_CLOEXEC|O_DIRECTORY) = 21
2775  openat(AT_FDCWD, "/home/runner/work/_temp/ogvcs-path-trace-workspace/.ogvcs/rename", O_RDONLY|O_NOFOLLOW|O_CLOEXEC|O_DIRECTORY) = 21
2775  mkdir("/home/runner/work/_temp/ogvcs-path-trace-workspace/.ogvcs-capability-E1KLA8", 0700) = 0
2776  openat(AT_FDCWD, "/home/runner/work/_temp/ogvcs-path-trace-workspace/.ogvcs-capability-E1KLA8/CaseProbe", O_WRONLY|O_CREAT|O_EXCL|O_TRUNC|O_CLOEXEC, 0666) = 21
2776  openat(AT_FDCWD, "/home/runner/work/_temp/ogvcs-path-trace-workspace/.ogvcs-capability-E1KLA8/\303\251", O_WRONLY|O_CREAT|O_EXCL|O_TRUNC|O_CLOEXEC, 0666) = 21
2776  openat(AT_FDCWD, "/home/runner/work/_temp/ogvcs-path-trace-workspace/.ogvcs-capability-E1KLA8/atomic.from", O_WRONLY|O_CREAT|O_EXCL|O_TRUNC|O_CLOEXEC, 0666) = 21
2774  openat(AT_FDCWD, "/home/runner/work/_temp/ogvcs-path-trace-workspace/.ogvcs-capability-E1KLA8/atomic.to", O_WRONLY|O_CREAT|O_EXCL|O_TRUNC|O_CLOEXEC, 0666) = 21
2773  rename("/home/runner/work/_temp/ogvcs-path-trace-workspace/.ogvcs-capability-E1KLA8/atomic.from", "/home/runner/work/_temp/ogvcs-path-trace-workspace/.ogvcs-capability-E1KLA8/atomic.to") = 0
2774  openat(AT_FDCWD, "/home/runner/work/_temp/ogvcs-path-trace-workspace/.ogvcs-capability-E1KLA8/atomic.to", O_RDONLY|O_CLOEXEC) = 21
2774  openat(AT_FDCWD, "/home/runner/work/_temp/ogvcs-path-trace-workspace/.ogvcs-capability-E1KLA8/executable", O_WRONLY|O_CREAT|O_EXCL|O_TRUNC|O_CLOEXEC, 0600) = 21
2776  openat(AT_FDCWD, "/home/runner/work/_temp/ogvcs-path-trace-workspace/.ogvcs-capability-E1KLA8/hardlink.source", O_WRONLY|O_CREAT|O_EXCL|O_TRUNC|O_CLOEXEC, 0666) = 21
2774  link("/home/runner/work/_temp/ogvcs-path-trace-workspace/.ogvcs-capability-E1KLA8/hardlink.source", "/home/runner/work/_temp/ogvcs-path-trace-workspace/.ogvcs-capability-E1KLA8/hardlink.target") = 0
2773  openat(AT_FDCWD, "/home/runner/work/_temp/ogvcs-path-trace-workspace/.ogvcs-capability-E1KLA8/symlink.source", O_WRONLY|O_CREAT|O_EXCL|O_TRUNC|O_CLOEXEC, 0666) = 21
2775  symlink("symlink.source", "/home/runner/work/_temp/ogvcs-path-trace-workspace/.ogvcs-capability-E1KLA8/symlink.target") = 0
2774  openat(AT_FDCWD, "/home/runner/work/_temp/ogvcs-path-trace-workspace/.ogvcs-capability-E1KLA8", O_RDONLY|O_CLOEXEC) = 21
2775  openat(AT_FDCWD, "/home/runner/work/_temp/ogvcs-path-trace-workspace/.ogvcs-capability-E1KLA8", O_RDONLY|O_NONBLOCK|O_CLOEXEC|O_DIRECTORY) = 21
2774  unlink("/home/runner/work/_temp/ogvcs-path-trace-workspace/.ogvcs-capability-E1KLA8/CaseProbe" <unfinished ...>
2773  unlink("/home/runner/work/_temp/ogvcs-path-trace-workspace/.ogvcs-capability-E1KLA8/executable" <unfinished ...>
2774  <... unlink resumed>)             = 0
2776  unlink("/home/runner/work/_temp/ogvcs-path-trace-workspace/.ogvcs-capability-E1KLA8/atomic.to" <unfinished ...>
2775  unlink("/home/runner/work/_temp/ogvcs-path-trace-workspace/.ogvcs-capability-E1KLA8/hardlink.target" <unfinished ...>
2773  <... unlink resumed>)             = 0
2776  <... unlink resumed>)             = 0
2775  <... unlink resumed>)             = 0
2776  unlink("/home/runner/work/_temp/ogvcs-path-trace-workspace/.ogvcs-capability-E1KLA8/symlink.source" <unfinished ...>
2775  unlink("/home/runner/work/_temp/ogvcs-path-trace-workspace/.ogvcs-capability-E1KLA8/\303\251" <unfinished ...>
2776  <... unlink resumed>)             = 0
2775  <... unlink resumed>)             = 0
2774  unlink("/home/runner/work/_temp/ogvcs-path-trace-workspace/.ogvcs-capability-E1KLA8/symlink.target") = 0
2773  unlink("/home/runner/work/_temp/ogvcs-path-trace-workspace/.ogvcs-capability-E1KLA8/hardlink.source") = 0
2775  openat(AT_FDCWD, "/home/runner/work/_temp/ogvcs-path-trace-workspace", O_RDONLY|O_NOFOLLOW|O_CLOEXEC|O_DIRECTORY) = 21
2775  openat(AT_FDCWD, "/home/runner/work/_temp/ogvcs-path-trace-workspace/.ogvcs", O_RDONLY|O_NOFOLLOW|O_CLOEXEC|O_DIRECTORY) = 21
2775  openat(AT_FDCWD, "/home/runner/work/_temp/ogvcs-path-trace-workspace/.ogvcs/transactions", O_RDONLY|O_NOFOLLOW|O_CLOEXEC|O_DIRECTORY) = 21
2775  openat(AT_FDCWD, "/home/runner/work/_temp/ogvcs-path-trace-workspace/.ogvcs/rename", O_RDONLY|O_NOFOLLOW|O_CLOEXEC|O_DIRECTORY) = 21
2775  openat(AT_FDCWD, "/home/runner/work/_temp/ogvcs-path-trace-workspace", O_RDONLY|O_NOFOLLOW|O_CLOEXEC|O_DIRECTORY) = 21
2775  openat(AT_FDCWD, "/home/runner/work/_temp/ogvcs-path-trace-workspace/.ogvcs", O_RDONLY|O_NOFOLLOW|O_CLOEXEC|O_DIRECTORY) = 21
2775  openat(AT_FDCWD, "/home/runner/work/_temp/ogvcs-path-trace-workspace/.ogvcs/transactions", O_RDONLY|O_NOFOLLOW|O_CLOEXEC|O_DIRECTORY) = 21
2775  openat(AT_FDCWD, "/home/runner/work/_temp/ogvcs-path-trace-workspace/.ogvcs/rename", O_RDONLY|O_NOFOLLOW|O_CLOEXEC|O_DIRECTORY) = 21
2775  mkdir("/home/runner/work/_temp/ogvcs-path-trace-workspace/.ogvcs-capability-27X6bs", 0700) = 0
2776  openat(AT_FDCWD, "/home/runner/work/_temp/ogvcs-path-trace-workspace/.ogvcs-capability-27X6bs/CaseProbe", O_WRONLY|O_CREAT|O_EXCL|O_TRUNC|O_CLOEXEC, 0666) = 21
2776  openat(AT_FDCWD, "/home/runner/work/_temp/ogvcs-path-trace-workspace/.ogvcs-capability-27X6bs/\303\251", O_WRONLY|O_CREAT|O_EXCL|O_TRUNC|O_CLOEXEC, 0666) = 21
2776  openat(AT_FDCWD, "/home/runner/work/_temp/ogvcs-path-trace-workspace/.ogvcs-capability-27X6bs/atomic.from", O_WRONLY|O_CREAT|O_EXCL|O_TRUNC|O_CLOEXEC, 0666) = 21
2774  openat(AT_FDCWD, "/home/runner/work/_temp/ogvcs-path-trace-workspace/.ogvcs-capability-27X6bs/atomic.to", O_WRONLY|O_CREAT|O_EXCL|O_TRUNC|O_CLOEXEC, 0666) = 21
2773  rename("/home/runner/work/_temp/ogvcs-path-trace-workspace/.ogvcs-capability-27X6bs/atomic.from", "/home/runner/work/_temp/ogvcs-path-trace-workspace/.ogvcs-capability-27X6bs/atomic.to") = 0
2774  openat(AT_FDCWD, "/home/runner/work/_temp/ogvcs-path-trace-workspace/.ogvcs-capability-27X6bs/atomic.to", O_RDONLY|O_CLOEXEC) = 21
2774  openat(AT_FDCWD, "/home/runner/work/_temp/ogvcs-path-trace-workspace/.ogvcs-capability-27X6bs/executable", O_WRONLY|O_CREAT|O_EXCL|O_TRUNC|O_CLOEXEC, 0600) = 21
2776  openat(AT_FDCWD, "/home/runner/work/_temp/ogvcs-path-trace-workspace/.ogvcs-capability-27X6bs/hardlink.source", O_WRONLY|O_CREAT|O_EXCL|O_TRUNC|O_CLOEXEC, 0666) = 21
2774  link("/home/runner/work/_temp/ogvcs-path-trace-workspace/.ogvcs-capability-27X6bs/hardlink.source", "/home/runner/work/_temp/ogvcs-path-trace-workspace/.ogvcs-capability-27X6bs/hardlink.target") = 0
2773  openat(AT_FDCWD, "/home/runner/work/_temp/ogvcs-path-trace-workspace/.ogvcs-capability-27X6bs/symlink.source", O_WRONLY|O_CREAT|O_EXCL|O_TRUNC|O_CLOEXEC, 0666) = 21
2775  symlink("symlink.source", "/home/runner/work/_temp/ogvcs-path-trace-workspace/.ogvcs-capability-27X6bs/symlink.target") = 0
2774  openat(AT_FDCWD, "/home/runner/work/_temp/ogvcs-path-trace-workspace/.ogvcs-capability-27X6bs", O_RDONLY|O_CLOEXEC) = 21
2775  openat(AT_FDCWD, "/home/runner/work/_temp/ogvcs-path-trace-workspace/.ogvcs-capability-27X6bs", O_RDONLY|O_NONBLOCK|O_CLOEXEC|O_DIRECTORY) = 21
2776  unlink("/home/runner/work/_temp/ogvcs-path-trace-workspace/.ogvcs-capability-27X6bs/CaseProbe" <unfinished ...>
2775  unlink("/home/runner/work/_temp/ogvcs-path-trace-workspace/.ogvcs-capability-27X6bs/atomic.to" <unfinished ...>
2776  <... unlink resumed>)             = 0
2775  <... unlink resumed>)             = 0
2773  unlink("/home/runner/work/_temp/ogvcs-path-trace-workspace/.ogvcs-capability-27X6bs/executable" <unfinished ...>
2774  unlink("/home/runner/work/_temp/ogvcs-path-trace-workspace/.ogvcs-capability-27X6bs/hardlink.target" <unfinished ...>
2773  <... unlink resumed>)             = 0
2774  <... unlink resumed>)             = 0
2773  unlink("/home/runner/work/_temp/ogvcs-path-trace-workspace/.ogvcs-capability-27X6bs/hardlink.source" <unfinished ...>
2776  unlink("/home/runner/work/_temp/ogvcs-path-trace-workspace/.ogvcs-capability-27X6bs/symlink.source" <unfinished ...>
2774  unlink("/home/runner/work/_temp/ogvcs-path-trace-workspace/.ogvcs-capability-27X6bs/symlink.target" <unfinished ...>
2775  unlink("/home/runner/work/_temp/ogvcs-path-trace-workspace/.ogvcs-capability-27X6bs/\303\251" <unfinished ...>
2773  <... unlink resumed>)             = 0
2776  <... unlink resumed>)             = 0
2774  <... unlink resumed>)             = 0
2775  <... unlink resumed>)             = 0
2774  openat(AT_FDCWD, "/home/runner/work/_temp/ogvcs-path-trace-workspace", O_RDONLY|O_NOFOLLOW|O_CLOEXEC|O_DIRECTORY) = 21
2774  openat(AT_FDCWD, "/home/runner/work/_temp/ogvcs-path-trace-workspace/.ogvcs", O_RDONLY|O_NOFOLLOW|O_CLOEXEC|O_DIRECTORY) = 21
2774  openat(AT_FDCWD, "/home/runner/work/_temp/ogvcs-path-trace-workspace/.ogvcs/transactions", O_RDONLY|O_NOFOLLOW|O_CLOEXEC|O_DIRECTORY) = 21
2774  openat(AT_FDCWD, "/home/runner/work/_temp/ogvcs-path-trace-workspace/.ogvcs/rename", O_RDONLY|O_NOFOLLOW|O_CLOEXEC|O_DIRECTORY) = 21
2774  openat(AT_FDCWD, "/home/runner/work/_temp/ogvcs-path-trace-workspace", O_RDONLY|O_NOFOLLOW|O_CLOEXEC|O_DIRECTORY) = 21
2774  openat(AT_FDCWD, "/home/runner/work/_temp/ogvcs-path-trace-workspace/.ogvcs", O_RDONLY|O_NOFOLLOW|O_CLOEXEC|O_DIRECTORY) = 21
2774  openat(AT_FDCWD, "/home/runner/work/_temp/ogvcs-path-trace-workspace/.ogvcs/transactions", O_RDONLY|O_NOFOLLOW|O_CLOEXEC|O_DIRECTORY) = 21
2774  openat(AT_FDCWD, "/home/runner/work/_temp/ogvcs-path-trace-workspace/.ogvcs/rename", O_RDONLY|O_NOFOLLOW|O_CLOEXEC|O_DIRECTORY) = 21
2774  mkdir("/home/runner/work/_temp/ogvcs-path-trace-workspace/Ancestor", 0700) = 0
2776  openat(AT_FDCWD, "/home/runner/work/_temp/ogvcs-path-trace-workspace/.ogvcs/transactions/98a07ba1d62c4936b70504d510cf21ff.json.5dbe764eecbc4f85a5ff1142a10d8379.tmp", O_WRONLY|O_CREAT|O_EXCL|O_CLOEXEC, 0600) = 21
2776  rename("/home/runner/work/_temp/ogvcs-path-trace-workspace/.ogvcs/transactions/98a07ba1d62c4936b70504d510cf21ff.json.5dbe764eecbc4f85a5ff1142a10d8379.tmp", "/home/runner/work/_temp/ogvcs-path-trace-workspace/.ogvcs/transactions/98a07ba1d62c4936b70504d510cf21ff.json") = 0
2774  openat(AT_FDCWD, "/home/runner/work/_temp/ogvcs-path-trace-workspace/.ogvcs/transactions", O_RDONLY|O_NOFOLLOW|O_CLOEXEC|O_DIRECTORY) = 21
2775  openat(AT_FDCWD, "/home/runner/work/_temp/ogvcs-path-trace-workspace", O_RDONLY|O_NOFOLLOW|O_CLOEXEC|O_DIRECTORY) = 21
2775  openat(AT_FDCWD, "/home/runner/work/_temp/ogvcs-path-trace-workspace/.ogvcs", O_RDONLY|O_NOFOLLOW|O_CLOEXEC|O_DIRECTORY) = 21
2775  openat(AT_FDCWD, "/home/runner/work/_temp/ogvcs-path-trace-workspace/.ogvcs/transactions", O_RDONLY|O_NOFOLLOW|O_CLOEXEC|O_DIRECTORY) = 21
2775  openat(AT_FDCWD, "/home/runner/work/_temp/ogvcs-path-trace-workspace/.ogvcs/rename", O_RDONLY|O_NOFOLLOW|O_CLOEXEC|O_DIRECTORY) = 21
2774  openat(AT_FDCWD, "/home/runner/work/_temp/ogvcs-path-trace-workspace/.ogvcs/transactions/98a07ba1d62c4936b70504d510cf21ff.stage", O_WRONLY|O_CREAT|O_EXCL|O_CLOEXEC, 0600) = 21
2775  openat(AT_FDCWD, "/home/runner/work/_temp/ogvcs-path-trace-workspace", O_RDONLY|O_NOFOLLOW|O_CLOEXEC|O_DIRECTORY) = 21
2775  openat(AT_FDCWD, "/home/runner/work/_temp/ogvcs-path-trace-workspace/.ogvcs", O_RDONLY|O_NOFOLLOW|O_CLOEXEC|O_DIRECTORY) = 21
2775  openat(AT_FDCWD, "/home/runner/work/_temp/ogvcs-path-trace-workspace/.ogvcs/transactions", O_RDONLY|O_NOFOLLOW|O_CLOEXEC|O_DIRECTORY) = 21
2775  openat(AT_FDCWD, "/home/runner/work/_temp/ogvcs-path-trace-workspace/.ogvcs/rename", O_RDONLY|O_NOFOLLOW|O_CLOEXEC|O_DIRECTORY) = 21
2775  openat(AT_FDCWD, "/home/runner/work/_temp/ogvcs-path-trace-workspace/.ogvcs/transactions/98a07ba1d62c4936b70504d510cf21ff.stage", O_RDONLY|O_NOFOLLOW|O_CLOEXEC) = 21
2773  openat(AT_FDCWD, "/home/runner/work/_temp/ogvcs-path-trace-workspace/.ogvcs/transactions/98a07ba1d62c4936b70504d510cf21ff.json.d84555e68aa34268a914a6cf728cda28.tmp", O_WRONLY|O_CREAT|O_EXCL|O_CLOEXEC, 0600) = 21
2773  rename("/home/runner/work/_temp/ogvcs-path-trace-workspace/.ogvcs/transactions/98a07ba1d62c4936b70504d510cf21ff.json.d84555e68aa34268a914a6cf728cda28.tmp", "/home/runner/work/_temp/ogvcs-path-trace-workspace/.ogvcs/transactions/98a07ba1d62c4936b70504d510cf21ff.json") = 0
2776  openat(AT_FDCWD, "/home/runner/work/_temp/ogvcs-path-trace-workspace/.ogvcs/transactions", O_RDONLY|O_NOFOLLOW|O_CLOEXEC|O_DIRECTORY) = 21
2774  openat(AT_FDCWD, "/home/runner/work/_temp/ogvcs-path-trace-workspace", O_RDONLY|O_NOFOLLOW|O_CLOEXEC|O_DIRECTORY) = 21
2774  openat(AT_FDCWD, "/home/runner/work/_temp/ogvcs-path-trace-workspace/.ogvcs", O_RDONLY|O_NOFOLLOW|O_CLOEXEC|O_DIRECTORY) = 21
2774  openat(AT_FDCWD, "/home/runner/work/_temp/ogvcs-path-trace-workspace/.ogvcs/transactions", O_RDONLY|O_NOFOLLOW|O_CLOEXEC|O_DIRECTORY) = 21
2774  openat(AT_FDCWD, "/home/runner/work/_temp/ogvcs-path-trace-workspace/.ogvcs/rename", O_RDONLY|O_NOFOLLOW|O_CLOEXEC|O_DIRECTORY) = 21
2774  openat(AT_FDCWD, "/home/runner/work/_temp/ogvcs-path-trace-workspace/Ancestor", O_RDONLY|O_NOFOLLOW|O_CLOEXEC|O_DIRECTORY) = 21
2773  openat(AT_FDCWD, "/home/runner/work/_temp/ogvcs-path-trace-workspace", O_RDONLY|O_NOFOLLOW|O_CLOEXEC|O_DIRECTORY) = 21
2773  openat(AT_FDCWD, "/home/runner/work/_temp/ogvcs-path-trace-workspace/.ogvcs", O_RDONLY|O_NOFOLLOW|O_CLOEXEC|O_DIRECTORY) = 21
2773  openat(AT_FDCWD, "/home/runner/work/_temp/ogvcs-path-trace-workspace/.ogvcs/transactions", O_RDONLY|O_NOFOLLOW|O_CLOEXEC|O_DIRECTORY) = 21
2773  openat(AT_FDCWD, "/home/runner/work/_temp/ogvcs-path-trace-workspace/.ogvcs/rename", O_RDONLY|O_NOFOLLOW|O_CLOEXEC|O_DIRECTORY) = 21
2773  openat(AT_FDCWD, "/home/runner/work/_temp/ogvcs-path-trace-workspace/Ancestor", O_RDONLY|O_NOFOLLOW|O_CLOEXEC|O_DIRECTORY) = 21
2774  openat(AT_FDCWD, "/home/runner/work/_temp/ogvcs-path-trace-workspace/.ogvcs/transactions/98a07ba1d62c4936b70504d510cf21ff.stage", O_RDONLY|O_NOFOLLOW|O_CLOEXEC) = 21
2775  rename("/home/runner/work/_temp/ogvcs-path-trace-workspace/.ogvcs/transactions/98a07ba1d62c4936b70504d510cf21ff.stage", "/home/runner/work/_temp/ogvcs-path-trace-workspace/Ancestor/target") = 0
2773  openat(AT_FDCWD, "/home/runner/work/_temp/ogvcs-path-trace-workspace/Ancestor", O_RDONLY|O_NOFOLLOW|O_CLOEXEC|O_DIRECTORY) = 21
2776  openat(AT_FDCWD, "/home/runner/work/_temp/ogvcs-path-trace-workspace/Ancestor/target", O_RDONLY|O_NOFOLLOW|O_CLOEXEC) = 21
2775  openat(AT_FDCWD, "/home/runner/work/_temp/ogvcs-path-trace-workspace", O_RDONLY|O_NOFOLLOW|O_CLOEXEC|O_DIRECTORY) = 21
2775  openat(AT_FDCWD, "/home/runner/work/_temp/ogvcs-path-trace-workspace/.ogvcs", O_RDONLY|O_NOFOLLOW|O_CLOEXEC|O_DIRECTORY) = 21
2775  openat(AT_FDCWD, "/home/runner/work/_temp/ogvcs-path-trace-workspace/.ogvcs/transactions", O_RDONLY|O_NOFOLLOW|O_CLOEXEC|O_DIRECTORY) = 21
2775  openat(AT_FDCWD, "/home/runner/work/_temp/ogvcs-path-trace-workspace/.ogvcs/rename", O_RDONLY|O_NOFOLLOW|O_CLOEXEC|O_DIRECTORY) = 21
2774  openat(AT_FDCWD, "/home/runner/work/_temp/ogvcs-path-trace-workspace/.ogvcs/transactions/98a07ba1d62c4936b70504d510cf21ff.json.015cc9aadb83459992bbd38d7ea52a52.tmp", O_WRONLY|O_CREAT|O_EXCL|O_CLOEXEC, 0600) = 21
2774  rename("/home/runner/work/_temp/ogvcs-path-trace-workspace/.ogvcs/transactions/98a07ba1d62c4936b70504d510cf21ff.json.015cc9aadb83459992bbd38d7ea52a52.tmp", "/home/runner/work/_temp/ogvcs-path-trace-workspace/.ogvcs/transactions/98a07ba1d62c4936b70504d510cf21ff.json") = 0
2775  openat(AT_FDCWD, "/home/runner/work/_temp/ogvcs-path-trace-workspace/.ogvcs/transactions", O_RDONLY|O_NOFOLLOW|O_CLOEXEC|O_DIRECTORY) = 21
2773  openat(AT_FDCWD, "/home/runner/work/_temp/ogvcs-path-trace-workspace", O_RDONLY|O_NOFOLLOW|O_CLOEXEC|O_DIRECTORY) = 21
2773  openat(AT_FDCWD, "/home/runner/work/_temp/ogvcs-path-trace-workspace/.ogvcs", O_RDONLY|O_NOFOLLOW|O_CLOEXEC|O_DIRECTORY) = 21
2773  openat(AT_FDCWD, "/home/runner/work/_temp/ogvcs-path-trace-workspace/.ogvcs/transactions", O_RDONLY|O_NOFOLLOW|O_CLOEXEC|O_DIRECTORY) = 21
2773  openat(AT_FDCWD, "/home/runner/work/_temp/ogvcs-path-trace-workspace/.ogvcs/rename", O_RDONLY|O_NOFOLLOW|O_CLOEXEC|O_DIRECTORY) = 21
2776  unlink("/home/runner/work/_temp/ogvcs-path-trace-workspace/.ogvcs/transactions/98a07ba1d62c4936b70504d510cf21ff.json") = 0
2774  openat(AT_FDCWD, "/home/runner/work/_temp/ogvcs-path-trace-workspace/.ogvcs/transactions", O_RDONLY|O_NOFOLLOW|O_CLOEXEC|O_DIRECTORY) = 21
2775  openat(AT_FDCWD, "/home/runner/work/_temp/ogvcs-path-trace-workspace", O_RDONLY|O_NOFOLLOW|O_CLOEXEC|O_DIRECTORY) = 21
2775  openat(AT_FDCWD, "/home/runner/work/_temp/ogvcs-path-trace-workspace/.ogvcs", O_RDONLY|O_NOFOLLOW|O_CLOEXEC|O_DIRECTORY) = 21
2775  openat(AT_FDCWD, "/home/runner/work/_temp/ogvcs-path-trace-workspace/.ogvcs/transactions", O_RDONLY|O_NOFOLLOW|O_CLOEXEC|O_DIRECTORY) = 21
2775  openat(AT_FDCWD, "/home/runner/work/_temp/ogvcs-path-trace-workspace/.ogvcs/rename", O_RDONLY|O_NOFOLLOW|O_CLOEXEC|O_DIRECTORY) = 21
2775  mkdir("/home/runner/work/_temp/ogvcs-path-trace-workspace/.ogvcs-capability-N9uZsW", 0700) = 0
2774  openat(AT_FDCWD, "/home/runner/work/_temp/ogvcs-path-trace-workspace/.ogvcs-capability-N9uZsW/CaseProbe", O_WRONLY|O_CREAT|O_EXCL|O_TRUNC|O_CLOEXEC, 0666) = 21
2774  openat(AT_FDCWD, "/home/runner/work/_temp/ogvcs-path-trace-workspace/.ogvcs-capability-N9uZsW/\303\251", O_WRONLY|O_CREAT|O_EXCL|O_TRUNC|O_CLOEXEC, 0666) = 21
2774  openat(AT_FDCWD, "/home/runner/work/_temp/ogvcs-path-trace-workspace/.ogvcs-capability-N9uZsW/atomic.from", O_WRONLY|O_CREAT|O_EXCL|O_TRUNC|O_CLOEXEC, 0666) = 21
2776  openat(AT_FDCWD, "/home/runner/work/_temp/ogvcs-path-trace-workspace/.ogvcs-capability-N9uZsW/atomic.to", O_WRONLY|O_CREAT|O_EXCL|O_TRUNC|O_CLOEXEC, 0666) = 21
2773  rename("/home/runner/work/_temp/ogvcs-path-trace-workspace/.ogvcs-capability-N9uZsW/atomic.from", "/home/runner/work/_temp/ogvcs-path-trace-workspace/.ogvcs-capability-N9uZsW/atomic.to") = 0
2776  openat(AT_FDCWD, "/home/runner/work/_temp/ogvcs-path-trace-workspace/.ogvcs-capability-N9uZsW/atomic.to", O_RDONLY|O_CLOEXEC) = 21
2776  openat(AT_FDCWD, "/home/runner/work/_temp/ogvcs-path-trace-workspace/.ogvcs-capability-N9uZsW/executable", O_WRONLY|O_CREAT|O_EXCL|O_TRUNC|O_CLOEXEC, 0600) = 21
2774  openat(AT_FDCWD, "/home/runner/work/_temp/ogvcs-path-trace-workspace/.ogvcs-capability-N9uZsW/hardlink.source", O_WRONLY|O_CREAT|O_EXCL|O_TRUNC|O_CLOEXEC, 0666) = 21
2776  link("/home/runner/work/_temp/ogvcs-path-trace-workspace/.ogvcs-capability-N9uZsW/hardlink.source", "/home/runner/work/_temp/ogvcs-path-trace-workspace/.ogvcs-capability-N9uZsW/hardlink.target") = 0
2773  openat(AT_FDCWD, "/home/runner/work/_temp/ogvcs-path-trace-workspace/.ogvcs-capability-N9uZsW/symlink.source", O_WRONLY|O_CREAT|O_EXCL|O_TRUNC|O_CLOEXEC, 0666) = 21
2775  symlink("symlink.source", "/home/runner/work/_temp/ogvcs-path-trace-workspace/.ogvcs-capability-N9uZsW/symlink.target") = 0
2776  openat(AT_FDCWD, "/home/runner/work/_temp/ogvcs-path-trace-workspace/.ogvcs-capability-N9uZsW", O_RDONLY|O_CLOEXEC) = 21
2775  openat(AT_FDCWD, "/home/runner/work/_temp/ogvcs-path-trace-workspace/.ogvcs-capability-N9uZsW", O_RDONLY|O_NONBLOCK|O_CLOEXEC|O_DIRECTORY) = 21
2774  unlink("/home/runner/work/_temp/ogvcs-path-trace-workspace/.ogvcs-capability-N9uZsW/atomic.to" <unfinished ...>
2773  unlink("/home/runner/work/_temp/ogvcs-path-trace-workspace/.ogvcs-capability-N9uZsW/CaseProbe" <unfinished ...>
2774  <... unlink resumed>)             = 0
2773  <... unlink resumed>)             = 0
2775  unlink("/home/runner/work/_temp/ogvcs-path-trace-workspace/.ogvcs-capability-N9uZsW/executable") = 0
2775  unlink("/home/runner/work/_temp/ogvcs-path-trace-workspace/.ogvcs-capability-N9uZsW/hardlink.source" <unfinished ...>
2776  unlink("/home/runner/work/_temp/ogvcs-path-trace-workspace/.ogvcs-capability-N9uZsW/symlink.source" <unfinished ...>
2775  <... unlink resumed>)             = 0
2774  unlink("/home/runner/work/_temp/ogvcs-path-trace-workspace/.ogvcs-capability-N9uZsW/hardlink.target" <unfinished ...>
2776  <... unlink resumed>)             = 0
2774  <... unlink resumed>)             = 0
2775  unlink("/home/runner/work/_temp/ogvcs-path-trace-workspace/.ogvcs-capability-N9uZsW/\303\251") = 0
2775  unlink("/home/runner/work/_temp/ogvcs-path-trace-workspace/.ogvcs-capability-N9uZsW/symlink.target") = 0
2775  openat(AT_FDCWD, "/home/runner/work/_temp/ogvcs-path-trace-workspace", O_RDONLY|O_NOFOLLOW|O_CLOEXEC|O_DIRECTORY) = 21
2775  openat(AT_FDCWD, "/home/runner/work/_temp/ogvcs-path-trace-workspace/.ogvcs", O_RDONLY|O_NOFOLLOW|O_CLOEXEC|O_DIRECTORY) = 21
2775  openat(AT_FDCWD, "/home/runner/work/_temp/ogvcs-path-trace-workspace/.ogvcs/transactions", O_RDONLY|O_NOFOLLOW|O_CLOEXEC|O_DIRECTORY) = 21
2775  openat(AT_FDCWD, "/home/runner/work/_temp/ogvcs-path-trace-workspace/.ogvcs/rename", O_RDONLY|O_NOFOLLOW|O_CLOEXEC|O_DIRECTORY) = 21
2775  openat(AT_FDCWD, "/home/runner/work/_temp/ogvcs-path-trace-workspace", O_RDONLY|O_NOFOLLOW|O_CLOEXEC|O_DIRECTORY) = 21
2775  openat(AT_FDCWD, "/home/runner/work/_temp/ogvcs-path-trace-workspace/.ogvcs", O_RDONLY|O_NOFOLLOW|O_CLOEXEC|O_DIRECTORY) = 21
2775  openat(AT_FDCWD, "/home/runner/work/_temp/ogvcs-path-trace-workspace/.ogvcs/transactions", O_RDONLY|O_NOFOLLOW|O_CLOEXEC|O_DIRECTORY) = 21
2775  openat(AT_FDCWD, "/home/runner/work/_temp/ogvcs-path-trace-workspace/.ogvcs/rename", O_RDONLY|O_NOFOLLOW|O_CLOEXEC|O_DIRECTORY) = 21
2775  mkdir("/home/runner/work/_temp/ogvcs-path-trace-workspace/.ogvcs-capability-61jJ43", 0700) = 0
2774  openat(AT_FDCWD, "/home/runner/work/_temp/ogvcs-path-trace-workspace/.ogvcs-capability-61jJ43/CaseProbe", O_WRONLY|O_CREAT|O_EXCL|O_TRUNC|O_CLOEXEC, 0666) = 21
2774  openat(AT_FDCWD, "/home/runner/work/_temp/ogvcs-path-trace-workspace/.ogvcs-capability-61jJ43/\303\251", O_WRONLY|O_CREAT|O_EXCL|O_TRUNC|O_CLOEXEC, 0666) = 21
2774  openat(AT_FDCWD, "/home/runner/work/_temp/ogvcs-path-trace-workspace/.ogvcs-capability-61jJ43/atomic.from", O_WRONLY|O_CREAT|O_EXCL|O_TRUNC|O_CLOEXEC, 0666) = 21
2776  openat(AT_FDCWD, "/home/runner/work/_temp/ogvcs-path-trace-workspace/.ogvcs-capability-61jJ43/atomic.to", O_WRONLY|O_CREAT|O_EXCL|O_TRUNC|O_CLOEXEC, 0666) = 21
2773  rename("/home/runner/work/_temp/ogvcs-path-trace-workspace/.ogvcs-capability-61jJ43/atomic.from", "/home/runner/work/_temp/ogvcs-path-trace-workspace/.ogvcs-capability-61jJ43/atomic.to") = 0
2776  openat(AT_FDCWD, "/home/runner/work/_temp/ogvcs-path-trace-workspace/.ogvcs-capability-61jJ43/atomic.to", O_RDONLY|O_CLOEXEC) = 21
2776  openat(AT_FDCWD, "/home/runner/work/_temp/ogvcs-path-trace-workspace/.ogvcs-capability-61jJ43/executable", O_WRONLY|O_CREAT|O_EXCL|O_TRUNC|O_CLOEXEC, 0600) = 21
2774  openat(AT_FDCWD, "/home/runner/work/_temp/ogvcs-path-trace-workspace/.ogvcs-capability-61jJ43/hardlink.source", O_WRONLY|O_CREAT|O_EXCL|O_TRUNC|O_CLOEXEC, 0666) = 21
2776  link("/home/runner/work/_temp/ogvcs-path-trace-workspace/.ogvcs-capability-61jJ43/hardlink.source", "/home/runner/work/_temp/ogvcs-path-trace-workspace/.ogvcs-capability-61jJ43/hardlink.target") = 0
2773  openat(AT_FDCWD, "/home/runner/work/_temp/ogvcs-path-trace-workspace/.ogvcs-capability-61jJ43/symlink.source", O_WRONLY|O_CREAT|O_EXCL|O_TRUNC|O_CLOEXEC, 0666) = 21
2775  symlink("symlink.source", "/home/runner/work/_temp/ogvcs-path-trace-workspace/.ogvcs-capability-61jJ43/symlink.target") = 0
2776  openat(AT_FDCWD, "/home/runner/work/_temp/ogvcs-path-trace-workspace/.ogvcs-capability-61jJ43", O_RDONLY|O_CLOEXEC) = 21
2775  openat(AT_FDCWD, "/home/runner/work/_temp/ogvcs-path-trace-workspace/.ogvcs-capability-61jJ43", O_RDONLY|O_NONBLOCK|O_CLOEXEC|O_DIRECTORY) = 21
2775  unlink("/home/runner/work/_temp/ogvcs-path-trace-workspace/.ogvcs-capability-61jJ43/CaseProbe" <unfinished ...>
2776  unlink("/home/runner/work/_temp/ogvcs-path-trace-workspace/.ogvcs-capability-61jJ43/atomic.to" <unfinished ...>
2775  <... unlink resumed>)             = 0
2775  unlink("/home/runner/work/_temp/ogvcs-path-trace-workspace/.ogvcs-capability-61jJ43/executable" <unfinished ...>
2776  <... unlink resumed>)             = 0
2775  <... unlink resumed>)             = 0
2773  unlink("/home/runner/work/_temp/ogvcs-path-trace-workspace/.ogvcs-capability-61jJ43/hardlink.source" <unfinished ...>
2774  unlink("/home/runner/work/_temp/ogvcs-path-trace-workspace/.ogvcs-capability-61jJ43/symlink.source" <unfinished ...>
2773  <... unlink resumed>)             = 0
2774  <... unlink resumed>)             = 0
2776  unlink("/home/runner/work/_temp/ogvcs-path-trace-workspace/.ogvcs-capability-61jJ43/\303\251" <unfinished ...>
2773  unlink("/home/runner/work/_temp/ogvcs-path-trace-workspace/.ogvcs-capability-61jJ43/symlink.target" <unfinished ...>
2776  <... unlink resumed>)             = 0
2775  unlink("/home/runner/work/_temp/ogvcs-path-trace-workspace/.ogvcs-capability-61jJ43/hardlink.target" <unfinished ...>
2773  <... unlink resumed>)             = 0
2775  <... unlink resumed>)             = 0
2774  openat(AT_FDCWD, "/home/runner/work/_temp/ogvcs-path-trace-workspace", O_RDONLY|O_NOFOLLOW|O_CLOEXEC|O_DIRECTORY) = 21
2774  openat(AT_FDCWD, "/home/runner/work/_temp/ogvcs-path-trace-workspace/.ogvcs", O_RDONLY|O_NOFOLLOW|O_CLOEXEC|O_DIRECTORY) = 21
2774  openat(AT_FDCWD, "/home/runner/work/_temp/ogvcs-path-trace-workspace/.ogvcs/transactions", O_RDONLY|O_NOFOLLOW|O_CLOEXEC|O_DIRECTORY) = 21
2774  openat(AT_FDCWD, "/home/runner/work/_temp/ogvcs-path-trace-workspace/.ogvcs/rename", O_RDONLY|O_NOFOLLOW|O_CLOEXEC|O_DIRECTORY) = 21
2774  openat(AT_FDCWD, "/home/runner/work/_temp/ogvcs-path-trace-workspace", O_RDONLY|O_NOFOLLOW|O_CLOEXEC|O_DIRECTORY) = 21
2774  openat(AT_FDCWD, "/home/runner/work/_temp/ogvcs-path-trace-workspace/.ogvcs", O_RDONLY|O_NOFOLLOW|O_CLOEXEC|O_DIRECTORY) = 21
2774  openat(AT_FDCWD, "/home/runner/work/_temp/ogvcs-path-trace-workspace/.ogvcs/transactions", O_RDONLY|O_NOFOLLOW|O_CLOEXEC|O_DIRECTORY) = 21
2774  openat(AT_FDCWD, "/home/runner/work/_temp/ogvcs-path-trace-workspace/.ogvcs/rename", O_RDONLY|O_NOFOLLOW|O_CLOEXEC|O_DIRECTORY) = 21
2775  openat(AT_FDCWD, "/home/runner/work/_temp/ogvcs-path-trace-workspace/Ancestor/target", O_RDONLY|O_NOFOLLOW|O_CLOEXEC) = 21
2776  openat(AT_FDCWD, "/home/runner/work/_temp/ogvcs-path-trace-workspace/.ogvcs/transactions/d5a96f6bec6d4f878dca0e903a799142.json.49936f31a425446b8bdec21ccc3cba5b.tmp", O_WRONLY|O_CREAT|O_EXCL|O_CLOEXEC, 0600) = 21
2776  rename("/home/runner/work/_temp/ogvcs-path-trace-workspace/.ogvcs/transactions/d5a96f6bec6d4f878dca0e903a799142.json.49936f31a425446b8bdec21ccc3cba5b.tmp", "/home/runner/work/_temp/ogvcs-path-trace-workspace/.ogvcs/transactions/d5a96f6bec6d4f878dca0e903a799142.json") = 0
2773  openat(AT_FDCWD, "/home/runner/work/_temp/ogvcs-path-trace-workspace/.ogvcs/transactions", O_RDONLY|O_NOFOLLOW|O_CLOEXEC|O_DIRECTORY) = 21
2774  openat(AT_FDCWD, "/home/runner/work/_temp/ogvcs-path-trace-workspace", O_RDONLY|O_NOFOLLOW|O_CLOEXEC|O_DIRECTORY) = 21
2774  openat(AT_FDCWD, "/home/runner/work/_temp/ogvcs-path-trace-workspace/.ogvcs", O_RDONLY|O_NOFOLLOW|O_CLOEXEC|O_DIRECTORY) = 21
2774  openat(AT_FDCWD, "/home/runner/work/_temp/ogvcs-path-trace-workspace/.ogvcs/transactions", O_RDONLY|O_NOFOLLOW|O_CLOEXEC|O_DIRECTORY) = 21
2774  openat(AT_FDCWD, "/home/runner/work/_temp/ogvcs-path-trace-workspace/.ogvcs/rename", O_RDONLY|O_NOFOLLOW|O_CLOEXEC|O_DIRECTORY) = 21
2773  openat(AT_FDCWD, "/home/runner/work/_temp/ogvcs-path-trace-workspace/.ogvcs/transactions/d5a96f6bec6d4f878dca0e903a799142.stage", O_WRONLY|O_CREAT|O_EXCL|O_CLOEXEC, 0600) = 21
2774  openat(AT_FDCWD, "/home/runner/work/_temp/ogvcs-path-trace-workspace", O_RDONLY|O_NOFOLLOW|O_CLOEXEC|O_DIRECTORY) = 21
2774  openat(AT_FDCWD, "/home/runner/work/_temp/ogvcs-path-trace-workspace/.ogvcs", O_RDONLY|O_NOFOLLOW|O_CLOEXEC|O_DIRECTORY) = 21
2774  openat(AT_FDCWD, "/home/runner/work/_temp/ogvcs-path-trace-workspace/.ogvcs/transactions", O_RDONLY|O_NOFOLLOW|O_CLOEXEC|O_DIRECTORY) = 21
2774  openat(AT_FDCWD, "/home/runner/work/_temp/ogvcs-path-trace-workspace/.ogvcs/rename", O_RDONLY|O_NOFOLLOW|O_CLOEXEC|O_DIRECTORY) = 21
2774  openat(AT_FDCWD, "/home/runner/work/_temp/ogvcs-path-trace-workspace/.ogvcs/transactions/d5a96f6bec6d4f878dca0e903a799142.stage", O_RDONLY|O_NOFOLLOW|O_CLOEXEC) = 21
2775  openat(AT_FDCWD, "/home/runner/work/_temp/ogvcs-path-trace-workspace/.ogvcs/transactions/d5a96f6bec6d4f878dca0e903a799142.json.c12ebf8364bd4743900d63c0099e889c.tmp", O_WRONLY|O_CREAT|O_EXCL|O_CLOEXEC, 0600) = 21
2775  rename("/home/runner/work/_temp/ogvcs-path-trace-workspace/.ogvcs/transactions/d5a96f6bec6d4f878dca0e903a799142.json.c12ebf8364bd4743900d63c0099e889c.tmp", "/home/runner/work/_temp/ogvcs-path-trace-workspace/.ogvcs/transactions/d5a96f6bec6d4f878dca0e903a799142.json") = 0
2776  openat(AT_FDCWD, "/home/runner/work/_temp/ogvcs-path-trace-workspace/.ogvcs/transactions", O_RDONLY|O_NOFOLLOW|O_CLOEXEC|O_DIRECTORY) = 21
2773  openat(AT_FDCWD, "/home/runner/work/_temp/ogvcs-path-trace-workspace", O_RDONLY|O_NOFOLLOW|O_CLOEXEC|O_DIRECTORY) = 21
2773  openat(AT_FDCWD, "/home/runner/work/_temp/ogvcs-path-trace-workspace/.ogvcs", O_RDONLY|O_NOFOLLOW|O_CLOEXEC|O_DIRECTORY) = 21
2773  openat(AT_FDCWD, "/home/runner/work/_temp/ogvcs-path-trace-workspace/.ogvcs/transactions", O_RDONLY|O_NOFOLLOW|O_CLOEXEC|O_DIRECTORY) = 21
2773  openat(AT_FDCWD, "/home/runner/work/_temp/ogvcs-path-trace-workspace/.ogvcs/rename", O_RDONLY|O_NOFOLLOW|O_CLOEXEC|O_DIRECTORY) = 21
2773  openat(AT_FDCWD, "/home/runner/work/_temp/ogvcs-path-trace-workspace/Ancestor", O_RDONLY|O_NOFOLLOW|O_CLOEXEC|O_DIRECTORY) = 21
2774  openat(AT_FDCWD, "/home/runner/work/_temp/ogvcs-path-trace-workspace/Ancestor/target", O_RDONLY|O_NOFOLLOW|O_CLOEXEC) = 21
2775  rename("/home/runner/work/_temp/ogvcs-path-trace-workspace/Ancestor", "/home/runner/work/_temp/ogvcs-path-trace-workspace/Ancestor-displaced") = 0
2776  mkdir("/home/runner/work/_temp/ogvcs-path-trace-workspace/Ancestor", 0777) = 0
2774  openat(AT_FDCWD, "/home/runner/work/_temp/ogvcs-path-trace-workspace", O_RDONLY|O_NOFOLLOW|O_CLOEXEC|O_DIRECTORY) = 21
2774  openat(AT_FDCWD, "/home/runner/work/_temp/ogvcs-path-trace-workspace/.ogvcs", O_RDONLY|O_NOFOLLOW|O_CLOEXEC|O_DIRECTORY) = 21
2774  openat(AT_FDCWD, "/home/runner/work/_temp/ogvcs-path-trace-workspace/.ogvcs/transactions", O_RDONLY|O_NOFOLLOW|O_CLOEXEC|O_DIRECTORY) = 21
2774  openat(AT_FDCWD, "/home/runner/work/_temp/ogvcs-path-trace-workspace/.ogvcs/rename", O_RDONLY|O_NOFOLLOW|O_CLOEXEC|O_DIRECTORY) = 21
